<html>
<body>
<pre>
<h1>µVision Build Log</h1>
<h2>Project:</h2>
C:\Users\maxz\Documents\GitHub\MTE-241\project_4\project.uvproj
Project File Date:  11/01/2014

<h2>Output:</h2>
Rebuild target 'Target 1'
assembling startup_LPC17xx.s...
compiling Retarget.c...
compiling system_LPC17xx.c...
compiling uart.c...
compiling main.c...
compiling array_tools.c...
array_tools.c(64): warning:  #181-D: argument is incompatible with corresponding format string conversion
                scanf("%d", &( result.array[i]) );
array_tools.c: 1 warning, 0 errors
compiling quicksort.c...
quicksort.c(97): warning:  #177-D: variable "task_param_left" was declared but never referenced
        qsort_task_parameters_t task_param_left;
quicksort.c(98): warning:  #177-D: variable "task_param_right" was declared but never referenced
        qsort_task_parameters_t task_param_right;
quicksort.c(99): warning:  #177-D: variable "left" was declared but never referenced
        array_interval_t left;
quicksort.c(100): warning:  #177-D: variable "right" was declared but never referenced
        array_interval_t right;
quicksort.c: 4 warnings, 0 errors
compiling RTX_Conf_CM.c...
linking...
Program Size: Code=10800 RO-data=344 RW-data=100 ZI-data=2932  
".\project.axf" - 0 Error(s), 5 Warning(s).
 "right" was declared but never referenced
        array_interval_t right;
quicksort.c: 4 warnings, 2 errors
compiling RTX_Conf_CM.c...
".\project.axf" - 2 Error(s), 5 Warning(s).
Target not created
rs_t task_param_right;
quicksort.c(99): warning:  #177-D: variable "left" was declared but never referenced
        array_interval_t left;
quicksort.c(100): warning:  #177-D: variable "right" was declared but never referenced
        array_interval_t right;
quicksort.c: 4 warnings, 5 errors
compiling RTX_Conf_CM.c...
".\project.axf" - 5 Error(s), 5 Warning(s).
Target not created
ze (referred from rt_task.o).
.\project.axf: Error: L6218E: Undefined symbol os_idle_demon (referred from rt_task.o).
.\project.axf: Error: L6218E: Undefined symbol os_maxtaskrun (referred from rt_task.o).
.\project.axf: Error: L6218E: Undefined symbol os_stackinfo (referred from rt_task.o).
.\project.axf: Error: L6218E: Undefined symbol os_flags (referred from hal_cm3.o).
.\project.axf: Error: L6218E: Undefined symbol os_error (referred from rt_system.o).
.\project.axf: Error: L6218E: Undefined symbol os_trv (referred from rt_system.o).
.\project.axf: Error: L6218E: Undefined symbol os_rrobin (referred from rt_robin.o).
.\project.axf: Error: L6218E: Undefined symbol os_tmr_call (referred from rt_timer.o).
Not enough information to list image symbols.
Finished: 1 information, 0 warning and 17 error messages.
".\project.axf" - 17 Error(s), 5 Warning(s).
Target not created
