<html>
<body>
<pre>
<h1>µVision Build Log</h1>
<h2>Project:</h2>
C:\Users\maxz\Documents\GitHub\MTE-241\project_4\project.uvproj
Project File Date:  11/01/2014

<h2>Output:</h2>
Rebuild target 'Target 1'
assembling startup_LPC17xx.s...
compiling Retarget.c...
compiling system_LPC17xx.c...
compiling uart.c...
compiling main.c...
main.c(78): warning:  #1-D: last line of file ends without a newline
  }
main.c: 1 warning, 0 errors
compiling array_tools.c...
compiling quicksort.c...
quicksort.c(111): warning:  #550-D: variable "task_param_right" was set but never used
        qsort_task_parameters_t task_param_right;
quicksort.c: 1 warning, 0 errors
compiling RTX_Conf_CM.c...
linking...
Program Size: Code=11736 RO-data=344 RW-data=108 ZI-data=2932  
".\project.axf" - 0 Error(s), 2 Warning(s).
