<html>
<body>
<pre>
<h1>µVision Build Log</h1>
<h2>Project:</h2>
N:\Fall 2014\MTE241\Lab3\project_3.uvproj
Project File Date:  11/11/2014

<h2>Output:</h2>
Rebuild target 'Target 1'
assembling startup_LPC17xx.s...
compiling array_tools.c...
array_tools.c(95): warning:  #181-D: argument is incompatible with corresponding format string conversion
compiling main.c...
quicksort.h(9): warning:  #1-D: last line of file ends without a newline
main.c(74): warning:  #1-D: last line of file ends without a newline
compiling quicksort.c...
quicksort.h(9): warning:  #1-D: last line of file ends without a newline
quicksort.c(126): warning:  #223-D: function "_sys_exit" declared implicitly
compiling Retarget.c...
compiling RTX_Conf_CM.c...
compiling system_LPC17xx.c...
compiling uart.c...
compiling Serial.c...
linking...
Program Size: Code=12028 RO-data=340 RW-data=136 ZI-data=24184  
"project_3.axf" - 0 Error(s), 5 Warning(s).
Load "N:\\Fall 2014\\MTE241\\Lab3\\project_3.AXF" 
Erase Done.
Programming Done.
Verify OK.
Rebuild target 'Target 1'
assembling startup_LPC17xx.s...
compiling array_tools.c...
array_tools.c(95): warning:  #181-D: argument is incompatible with corresponding format string conversion
compiling main.c...
quicksort.h(9): warning:  #1-D: last line of file ends without a newline
main.c(74): warning:  #1-D: last line of file ends without a newline
compiling quicksort.c...
quicksort.h(9): warning:  #1-D: last line of file ends without a newline
quicksort.c(126): warning:  #223-D: function "_sys_exit" declared implicitly
compiling Retarget.c...
compiling RTX_Conf_CM.c...
compiling system_LPC17xx.c...
compiling uart.c...
compiling Serial.c...
linking...
Program Size: Code=12048 RO-data=340 RW-data=136 ZI-data=24184  
"project_3.axf" - 0 Error(s), 5 Warning(s).
Load "N:\\Fall 2014\\MTE241\\Lab3\\project_3.AXF" 
Erase Done.
Programming Done.
Verify OK.
Rebuild target 'Target 1'
assembling startup_LPC17xx.s...
compiling array_tools.c...
array_tools.c(95): warning:  #181-D: argument is incompatible with corresponding format string conversion
compiling main.c...
quicksort.h(9): warning:  #1-D: last line of file ends without a newline
main.c(74): warning:  #1-D: last line of file ends without a newline
compiling quicksort.c...
quicksort.h(9): warning:  #1-D: last line of file ends without a newline
quicksort.c(126): warning:  #223-D: function "_sys_exit" declared implicitly
compiling Retarget.c...
compiling RTX_Conf_CM.c...
compiling system_LPC17xx.c...
compiling uart.c...
compiling Serial.c...
linking...
Program Size: Code=12048 RO-data=340 RW-data=136 ZI-data=24184  
"project_3.axf" - 0 Error(s), 5 Warning(s).
Load "N:\\Fall 2014\\MTE241\\Lab3\\project_3.AXF" 
Erase Done.
Programming Done.
Verify OK.
Rebuild target 'Target 1'
assembling startup_LPC17xx.s...
compiling array_tools.c...
array_tools.c(95): warning:  #181-D: argument is incompatible with corresponding format string conversion
compiling main.c...
quicksort.h(9): warning:  #1-D: last line of file ends without a newline
main.c(74): warning:  #1-D: last line of file ends without a newline
compiling quicksort.c...
quicksort.h(9): warning:  #1-D: last line of file ends without a newline
quicksort.c(126): warning:  #223-D: function "_sys_exit" declared implicitly
compiling Retarget.c...
compiling RTX_Conf_CM.c...
compiling system_LPC17xx.c...
compiling uart.c...
compiling Serial.c...
linking...
Program Size: Code=12048 RO-data=340 RW-data=136 ZI-data=24184  
"project_3.axf" - 0 Error(s), 5 Warning(s).
Load "N:\\Fall 2014\\MTE241\\Lab3\\project_3.AXF" 
Erase Done.
Programming Done.
Verify OK.
Rebuild target 'Target 1'
assembling startup_LPC17xx.s...
compiling array_tools.c...
array_tools.c(95): warning:  #181-D: argument is incompatible with corresponding format string conversion
compiling main.c...
quicksort.h(9): warning:  #1-D: last line of file ends without a newline
main.c(74): warning:  #1-D: last line of file ends without a newline
compiling quicksort.c...
quicksort.h(9): warning:  #1-D: last line of file ends without a newline
quicksort.c(126): warning:  #223-D: function "_sys_exit" declared implicitly
compiling Retarget.c...
compiling RTX_Conf_CM.c...
compiling system_LPC17xx.c...
compiling uart.c...
compiling Serial.c...
linking...
Program Size: Code=12048 RO-data=340 RW-data=136 ZI-data=24184  
"project_3.axf" - 0 Error(s), 5 Warning(s).
Load "N:\\Fall 2014\\MTE241\\Lab3\\project_3.AXF" 
Erase Done.
Programming Done.
Verify OK.
Rebuild target 'Target 1'
assembling startup_LPC17xx.s...
compiling array_tools.c...
array_tools.c(95): warning:  #181-D: argument is incompatible with corresponding format string conversion
compiling main.c...
quicksort.h(9): warning:  #1-D: last line of file ends without a newline
main.c(74): warning:  #1-D: last line of file ends without a newline
compiling quicksort.c...
quicksort.h(9): warning:  #1-D: last line of file ends without a newline
quicksort.c(126): warning:  #223-D: function "_sys_exit" declared implicitly
compiling Retarget.c...
compiling RTX_Conf_CM.c...
compiling system_LPC17xx.c...
compiling uart.c...
compiling Serial.c...
linking...
Program Size: Code=12044 RO-data=340 RW-data=136 ZI-data=24184  
"project_3.axf" - 0 Error(s), 5 Warning(s).
Load "N:\\Fall 2014\\MTE241\\Lab3\\project_3.AXF" 
Erase Done.
Programming Done.
Verify OK.
Rebuild target 'Target 1'
assembling startup_LPC17xx.s...
compiling array_tools.c...
array_tools.c(95): warning:  #181-D: argument is incompatible with corresponding format string conversion
compiling main.c...
quicksort.h(9): warning:  #1-D: last line of file ends without a newline
main.c(74): warning:  #1-D: last line of file ends without a newline
compiling quicksort.c...
quicksort.h(9): warning:  #1-D: last line of file ends without a newline
quicksort.c(126): warning:  #223-D: function "_sys_exit" declared implicitly
compiling Retarget.c...
compiling RTX_Conf_CM.c...
compiling system_LPC17xx.c...
compiling uart.c...
compiling Serial.c...
linking...
Program Size: Code=12044 RO-data=340 RW-data=136 ZI-data=24184  
"project_3.axf" - 0 Error(s), 5 Warning(s).
Load "N:\\Fall 2014\\MTE241\\Lab3\\project_3.AXF" 
Erase Done.
Programming Done.
Verify OK.
Rebuild target 'Target 1'
assembling startup_LPC17xx.s...
compiling array_tools.c...
array_tools.c(95): warning:  #181-D: argument is incompatible with corresponding format string conversion
compiling main.c...
quicksort.h(9): warning:  #1-D: last line of file ends without a newline
main.c(74): warning:  #1-D: last line of file ends without a newline
compiling quicksort.c...
quicksort.h(9): warning:  #1-D: last line of file ends without a newline
quicksort.c(126): warning:  #223-D: function "_sys_exit" declared implicitly
compiling Retarget.c...
compiling RTX_Conf_CM.c...
compiling system_LPC17xx.c...
compiling uart.c...
compiling Serial.c...
linking...
Program Size: Code=12044 RO-data=340 RW-data=136 ZI-data=24184  
"project_3.axf" - 0 Error(s), 5 Warning(s).
Load "N:\\Fall 2014\\MTE241\\Lab3\\project_3.AXF" 
Erase Done.
Programming Done.
Verify OK.
Rebuild target 'Target 1'
assembling startup_LPC17xx.s...
compiling array_tools.c...
array_tools.c(95): warning:  #181-D: argument is incompatible with corresponding format string conversion
compiling main.c...
quicksort.h(9): warning:  #1-D: last line of file ends without a newline
main.c(74): warning:  #1-D: last line of file ends without a newline
compiling quicksort.c...
quicksort.h(9): warning:  #1-D: last line of file ends without a newline
quicksort.c(126): warning:  #223-D: function "_sys_exit" declared implicitly
compiling Retarget.c...
compiling RTX_Conf_CM.c...
compiling system_LPC17xx.c...
compiling uart.c...
compiling Serial.c...
linking...
Program Size: Code=12048 RO-data=340 RW-data=136 ZI-data=24184  
"project_3.axf" - 0 Error(s), 5 Warning(s).
Load "N:\\Fall 2014\\MTE241\\Lab3\\project_3.AXF" 
Erase Done.
Programming Done.
Verify OK.
Rebuild target 'Target 1'
assembling startup_LPC17xx.s...
compiling array_tools.c...
array_tools.c(95): warning:  #181-D: argument is incompatible with corresponding format string conversion
compiling main.c...
quicksort.h(9): warning:  #1-D: last line of file ends without a newline
main.c(74): warning:  #1-D: last line of file ends without a newline
compiling quicksort.c...
quicksort.h(9): warning:  #1-D: last line of file ends without a newline
quicksort.c(126): warning:  #223-D: function "_sys_exit" declared implicitly
compiling Retarget.c...
compiling RTX_Conf_CM.c...
compiling system_LPC17xx.c...
compiling uart.c...
compiling Serial.c...
linking...
project_3.axf: Error: L6406E: No space in execution regions with .ANY selector matching startup_lpc17xx.o(HEAP).
project_3.axf: Error: L6407E: Sections of aggregate size 0x130700 bytes could not fit into .ANY selector(s).
Target not created
Rebuild target 'Target 1'
assembling startup_LPC17xx.s...
compiling array_tools.c...
array_tools.c(95): warning:  #181-D: argument is incompatible with corresponding format string conversion
compiling main.c...
quicksort.h(9): warning:  #1-D: last line of file ends without a newline
main.c(74): warning:  #1-D: last line of file ends without a newline
compiling quicksort.c...
quicksort.h(9): warning:  #1-D: last line of file ends without a newline
quicksort.c(126): warning:  #223-D: function "_sys_exit" declared implicitly
compiling Retarget.c...
compiling RTX_Conf_CM.c...
compiling system_LPC17xx.c...
compiling uart.c...
compiling Serial.c...
linking...
project_3.axf: Error: L6406E: No space in execution regions with .ANY selector matching startup_lpc17xx.o(HEAP).
project_3.axf: Error: L6407E: Sections of aggregate size 0x10000 bytes could not fit into .ANY selector(s).
Target not created
Rebuild target 'Target 1'
assembling startup_LPC17xx.s...
compiling array_tools.c...
array_tools.c(95): warning:  #181-D: argument is incompatible with corresponding format string conversion
compiling main.c...
quicksort.h(9): warning:  #1-D: last line of file ends without a newline
main.c(74): warning:  #1-D: last line of file ends without a newline
compiling quicksort.c...
quicksort.h(9): warning:  #1-D: last line of file ends without a newline
quicksort.c(126): warning:  #223-D: function "_sys_exit" declared implicitly
compiling Retarget.c...
compiling RTX_Conf_CM.c...
compiling system_LPC17xx.c...
compiling uart.c...
compiling Serial.c...
linking...
Program Size: Code=12048 RO-data=340 RW-data=136 ZI-data=29304  
"project_3.axf" - 0 Error(s), 5 Warning(s).
Load "N:\\Fall 2014\\MTE241\\Lab3\\project_3.AXF" 
Erase Done.
Programming Done.
Verify OK.
Rebuild target 'Target 1'
assembling startup_LPC17xx.s...
compiling array_tools.c...
array_tools.c(95): warning:  #181-D: argument is incompatible with corresponding format string conversion
compiling main.c...
quicksort.h(9): warning:  #1-D: last line of file ends without a newline
main.c(74): warning:  #1-D: last line of file ends without a newline
compiling quicksort.c...
quicksort.h(9): warning:  #1-D: last line of file ends without a newline
quicksort.c(126): warning:  #223-D: function "_sys_exit" declared implicitly
compiling Retarget.c...
compiling RTX_Conf_CM.c...
compiling system_LPC17xx.c...
compiling uart.c...
compiling Serial.c...
linking...
project_3.axf: Error: L6406E: No space in execution regions with .ANY selector matching startup_lpc17xx.o(HEAP).
project_3.axf: Error: L6407E: Sections of aggregate size 0x3200 bytes could not fit into .ANY selector(s).
Target not created
Rebuild target 'Target 1'
assembling startup_LPC17xx.s...
compiling array_tools.c...
array_tools.c(95): warning:  #181-D: argument is incompatible with corresponding format string conversion
compiling main.c...
quicksort.h(9): warning:  #1-D: last line of file ends without a newline
main.c(74): warning:  #1-D: last line of file ends without a newline
compiling quicksort.c...
quicksort.h(9): warning:  #1-D: last line of file ends without a newline
quicksort.c(126): warning:  #223-D: function "_sys_exit" declared implicitly
compiling Retarget.c...
compiling RTX_Conf_CM.c...
compiling system_LPC17xx.c...
compiling uart.c...
compiling Serial.c...
linking...
Program Size: Code=12140 RO-data=340 RW-data=136 ZI-data=29304  
"project_3.axf" - 0 Error(s), 5 Warning(s).
Load "N:\\Fall 2014\\MTE241\\Lab3\\project_3.AXF" 
Erase Done.
Programming Done.
Verify OK.
Rebuild target 'Target 1'
assembling startup_LPC17xx.s...
compiling array_tools.c...
array_tools.c(95): warning:  #181-D: argument is incompatible with corresponding format string conversion
compiling main.c...
quicksort.h(9): warning:  #1-D: last line of file ends without a newline
main.c(74): warning:  #1-D: last line of file ends without a newline
compiling quicksort.c...
quicksort.h(9): warning:  #1-D: last line of file ends without a newline
quicksort.c(126): warning:  #223-D: function "_sys_exit" declared implicitly
compiling Retarget.c...
compiling RTX_Conf_CM.c...
compiling system_LPC17xx.c...
compiling uart.c...
compiling Serial.c...
linking...
Program Size: Code=12168 RO-data=340 RW-data=136 ZI-data=29304  
"project_3.axf" - 0 Error(s), 5 Warning(s).
Load "N:\\Fall 2014\\MTE241\\Lab3\\project_3.AXF" 
Erase Done.
Programming Done.
Verify OK.
Rebuild target 'Target 1'
assembling startup_LPC17xx.s...
compiling array_tools.c...
array_tools.c(95): warning:  #181-D: argument is incompatible with corresponding format string conversion
compiling main.c...
quicksort.h(9): warning:  #1-D: last line of file ends without a newline
main.c(74): warning:  #1-D: last line of file ends without a newline
compiling quicksort.c...
quicksort.h(9): warning:  #1-D: last line of file ends without a newline
quicksort.c(126): warning:  #223-D: function "_sys_exit" declared implicitly
compiling Retarget.c...
compiling RTX_Conf_CM.c...
compiling system_LPC17xx.c...
compiling uart.c...
compiling Serial.c...
linking...
Program Size: Code=12140 RO-data=340 RW-data=136 ZI-data=29304  
"project_3.axf" - 0 Error(s), 5 Warning(s).
Rebuild target 'Target 1'
assembling startup_LPC17xx.s...
compiling array_tools.c...
array_tools.c(95): warning:  #181-D: argument is incompatible with corresponding format string conversion
compiling main.c...
quicksort.h(9): warning:  #1-D: last line of file ends without a newline
main.c(74): warning:  #1-D: last line of file ends without a newline
compiling quicksort.c...
quicksort.h(9): warning:  #1-D: last line of file ends without a newline
quicksort.c(126): warning:  #223-D: function "_sys_exit" declared implicitly
compiling Retarget.c...
compiling RTX_Conf_CM.c...
compiling system_LPC17xx.c...
compiling uart.c...
compiling Serial.c...
linking...
Program Size: Code=12132 RO-data=340 RW-data=136 ZI-data=29304  
"project_3.axf" - 0 Error(s), 5 Warning(s).
Load "N:\\Fall 2014\\MTE241\\Lab3\\project_3.AXF" 
Erase Done.
Programming Done.
Verify OK.
Rebuild target 'Target 1'
assembling startup_LPC17xx.s...
compiling array_tools.c...
array_tools.c(95): warning:  #181-D: argument is incompatible with corresponding format string conversion
compiling main.c...
quicksort.h(9): warning:  #1-D: last line of file ends without a newline
main.c(74): warning:  #1-D: last line of file ends without a newline
compiling quicksort.c...
quicksort.h(9): warning:  #1-D: last line of file ends without a newline
quicksort.c(126): warning:  #223-D: function "_sys_exit" declared implicitly
compiling Retarget.c...
compiling RTX_Conf_CM.c...
compiling system_LPC17xx.c...
compiling uart.c...
compiling Serial.c...
linking...
Program Size: Code=12160 RO-data=340 RW-data=136 ZI-data=29304  
"project_3.axf" - 0 Error(s), 5 Warning(s).
Load "N:\\Fall 2014\\MTE241\\Lab3\\project_3.AXF" 
Erase Done.
Programming Done.
Verify OK.
Rebuild target 'Target 1'
assembling startup_LPC17xx.s...
compiling array_tools.c...
array_tools.c(95): warning:  #181-D: argument is incompatible with corresponding format string conversion
compiling main.c...
quicksort.h(9): warning:  #1-D: last line of file ends without a newline
main.c(74): warning:  #1-D: last line of file ends without a newline
compiling quicksort.c...
quicksort.h(9): warning:  #1-D: last line of file ends without a newline
quicksort.c(126): warning:  #223-D: function "_sys_exit" declared implicitly
compiling Retarget.c...
compiling RTX_Conf_CM.c...
compiling system_LPC17xx.c...
compiling uart.c...
compiling Serial.c...
linking...
Program Size: Code=12200 RO-data=340 RW-data=136 ZI-data=29304  
"project_3.axf" - 0 Error(s), 5 Warning(s).
Load "N:\\Fall 2014\\MTE241\\Lab3\\project_3.AXF" 
Erase Done.
Programming Done.
Verify OK.
Rebuild target 'Target 1'
assembling startup_LPC17xx.s...
compiling array_tools.c...
array_tools.c(95): warning:  #181-D: argument is incompatible with corresponding format string conversion
compiling main.c...
quicksort.h(9): warning:  #1-D: last line of file ends without a newline
main.c(74): warning:  #1-D: last line of file ends without a newline
compiling quicksort.c...
quicksort.h(9): warning:  #1-D: last line of file ends without a newline
quicksort.c(126): warning:  #223-D: function "_sys_exit" declared implicitly
compiling Retarget.c...
compiling RTX_Conf_CM.c...
compiling system_LPC17xx.c...
compiling uart.c...
compiling Serial.c...
linking...
Program Size: Code=12140 RO-data=340 RW-data=136 ZI-data=29304  
"project_3.axf" - 0 Error(s), 5 Warning(s).
Load "N:\\Fall 2014\\MTE241\\Lab3\\project_3.AXF" 
Erase Done.
Programming Done.
Verify OK.
Rebuild target 'Target 1'
assembling startup_LPC17xx.s...
compiling array_tools.c...
array_tools.c(95): warning:  #181-D: argument is incompatible with corresponding format string conversion
compiling main.c...
quicksort.h(9): warning:  #1-D: last line of file ends without a newline
main.c(74): warning:  #1-D: last line of file ends without a newline
compiling quicksort.c...
quicksort.h(9): warning:  #1-D: last line of file ends without a newline
quicksort.c(126): warning:  #223-D: function "_sys_exit" declared implicitly
compiling Retarget.c...
compiling RTX_Conf_CM.c...
compiling system_LPC17xx.c...
compiling uart.c...
compiling Serial.c...
linking...
Program Size: Code=12148 RO-data=340 RW-data=136 ZI-data=29304  
"project_3.axf" - 0 Error(s), 5 Warning(s).
Load "N:\\Fall 2014\\MTE241\\Lab3\\project_3.AXF" 
Erase Done.
Programming Done.
Verify OK.
Rebuild target 'Target 1'
assembling startup_LPC17xx.s...
compiling array_tools.c...
array_tools.c(95): warning:  #181-D: argument is incompatible with corresponding format string conversion
compiling main.c...
quicksort.h(9): warning:  #1-D: last line of file ends without a newline
main.c(74): warning:  #1-D: last line of file ends without a newline
compiling quicksort.c...
quicksort.h(9): warning:  #1-D: last line of file ends without a newline
quicksort.c(122): warning:  #223-D: function "_sys_exit" declared implicitly
quicksort.c(132): error:  #44: expression must have pointer type
quicksort.c(132): error:  #44: expression must have pointer type
quicksort.c(138): error:  #44: expression must have pointer type
quicksort.c(138): error:  #44: expression must have pointer type
compiling Retarget.c...
compiling RTX_Conf_CM.c...
compiling system_LPC17xx.c...
compiling uart.c...
compiling Serial.c...
Target not created
Rebuild target 'Target 1'
assembling startup_LPC17xx.s...
compiling array_tools.c...
array_tools.c(95): warning:  #181-D: argument is incompatible with corresponding format string conversion
compiling main.c...
quicksort.h(9): warning:  #1-D: last line of file ends without a newline
main.c(74): warning:  #1-D: last line of file ends without a newline
compiling quicksort.c...
quicksort.h(9): warning:  #1-D: last line of file ends without a newline
quicksort.c(122): warning:  #223-D: function "_sys_exit" declared implicitly
compiling Retarget.c...
compiling RTX_Conf_CM.c...
compiling system_LPC17xx.c...
compiling uart.c...
compiling Serial.c...
linking...
Program Size: Code=12128 RO-data=340 RW-data=136 ZI-data=29304  
"project_3.axf" - 0 Error(s), 5 Warning(s).
Load "N:\\Fall 2014\\MTE241\\Lab3\\project_3.AXF" 
Erase Done.
Programming Done.
Verify OK.
Rebuild target 'Target 1'
assembling startup_LPC17xx.s...
compiling array_tools.c...
array_tools.c(95): warning:  #181-D: argument is incompatible with corresponding format string conversion
compiling main.c...
quicksort.h(9): warning:  #1-D: last line of file ends without a newline
main.c(74): warning:  #1-D: last line of file ends without a newline
compiling quicksort.c...
quicksort.h(9): warning:  #1-D: last line of file ends without a newline
quicksort.c(122): warning:  #223-D: function "_sys_exit" declared implicitly
compiling Retarget.c...
compiling RTX_Conf_CM.c...
compiling system_LPC17xx.c...
compiling uart.c...
compiling Serial.c...
linking...
Program Size: Code=12128 RO-data=340 RW-data=136 ZI-data=29304  
"project_3.axf" - 0 Error(s), 5 Warning(s).
Load "N:\\Fall 2014\\MTE241\\Lab3\\project_3.AXF" 
Erase Done.
Programming Done.
Verify OK.
Rebuild target 'Target 1'
assembling startup_LPC17xx.s...
compiling array_tools.c...
array_tools.c(95): warning:  #181-D: argument is incompatible with corresponding format string conversion
compiling main.c...
quicksort.h(9): warning:  #1-D: last line of file ends without a newline
main.c(74): warning:  #1-D: last line of file ends without a newline
compiling quicksort.c...
quicksort.h(9): warning:  #1-D: last line of file ends without a newline
quicksort.c(122): warning:  #223-D: function "_sys_exit" declared implicitly
compiling Retarget.c...
compiling RTX_Conf_CM.c...
compiling system_LPC17xx.c...
compiling uart.c...
compiling Serial.c...
linking...
Program Size: Code=12204 RO-data=340 RW-data=136 ZI-data=29304  
"project_3.axf" - 0 Error(s), 5 Warning(s).
Load "N:\\Fall 2014\\MTE241\\Lab3\\project_3.AXF" 
Erase Done.
Programming Done.
Verify OK.
Rebuild target 'Target 1'
assembling startup_LPC17xx.s...
compiling array_tools.c...
array_tools.c(95): warning:  #181-D: argument is incompatible with corresponding format string conversion
compiling main.c...
quicksort.h(9): warning:  #1-D: last line of file ends without a newline
main.c(74): warning:  #1-D: last line of file ends without a newline
compiling quicksort.c...
quicksort.h(9): warning:  #1-D: last line of file ends without a newline
quicksort.c(122): warning:  #223-D: function "_sys_exit" declared implicitly
compiling Retarget.c...
compiling RTX_Conf_CM.c...
compiling system_LPC17xx.c...
compiling uart.c...
compiling Serial.c...
linking...
Program Size: Code=12204 RO-data=340 RW-data=136 ZI-data=29304  
"project_3.axf" - 0 Error(s), 5 Warning(s).
Load "N:\\Fall 2014\\MTE241\\Lab3\\project_3.AXF" 
Erase Done.
Programming Done.
Verify OK.
Rebuild target 'Target 1'
assembling startup_LPC17xx.s...
compiling array_tools.c...
array_tools.c(95): warning:  #181-D: argument is incompatible with corresponding format string conversion
compiling main.c...
quicksort.h(9): warning:  #1-D: last line of file ends without a newline
main.c(74): warning:  #1-D: last line of file ends without a newline
compiling quicksort.c...
quicksort.h(9): warning:  #1-D: last line of file ends without a newline
quicksort.c(122): warning:  #223-D: function "_sys_exit" declared implicitly
compiling Retarget.c...
compiling RTX_Conf_CM.c...
compiling system_LPC17xx.c...
compiling uart.c...
compiling Serial.c...
linking...
Program Size: Code=12052 RO-data=340 RW-data=136 ZI-data=29304  
"project_3.axf" - 0 Error(s), 5 Warning(s).
Load "N:\\Fall 2014\\MTE241\\Lab3\\project_3.AXF" 
Erase Done.
Programming Done.
Verify OK.
Rebuild target 'Target 1'
assembling startup_LPC17xx.s...
compiling array_tools.c...
array_tools.c(95): warning:  #181-D: argument is incompatible with corresponding format string conversion
compiling main.c...
quicksort.h(9): warning:  #1-D: last line of file ends without a newline
main.c(74): warning:  #1-D: last line of file ends without a newline
compiling quicksort.c...
quicksort.h(9): warning:  #1-D: last line of file ends without a newline
quicksort.c(122): warning:  #223-D: function "_sys_exit" declared implicitly
compiling Retarget.c...
compiling RTX_Conf_CM.c...
compiling system_LPC17xx.c...
compiling uart.c...
compiling Serial.c...
linking...
Program Size: Code=12116 RO-data=340 RW-data=136 ZI-data=29304  
"project_3.axf" - 0 Error(s), 5 Warning(s).
Load "N:\\Fall 2014\\MTE241\\Lab3\\project_3.AXF" 
Erase Done.
Programming Done.
Verify OK.
Rebuild target 'Target 1'
assembling startup_LPC17xx.s...
compiling array_tools.c...
array_tools.c(95): warning:  #181-D: argument is incompatible with corresponding format string conversion
compiling main.c...
quicksort.h(9): warning:  #1-D: last line of file ends without a newline
main.c(74): warning:  #1-D: last line of file ends without a newline
compiling quicksort.c...
quicksort.h(9): warning:  #1-D: last line of file ends without a newline
quicksort.c(122): warning:  #223-D: function "_sys_exit" declared implicitly
compiling Retarget.c...
compiling RTX_Conf_CM.c...
compiling system_LPC17xx.c...
compiling uart.c...
compiling Serial.c...
linking...
Program Size: Code=12056 RO-data=340 RW-data=136 ZI-data=29304  
"project_3.axf" - 0 Error(s), 5 Warning(s).
Load "N:\\Fall 2014\\MTE241\\Lab3\\project_3.AXF" 
Erase Done.
Programming Done.
Verify OK.
Rebuild target 'Target 1'
assembling startup_LPC17xx.s...
compiling array_tools.c...
array_tools.c(95): warning:  #181-D: argument is incompatible with corresponding format string conversion
compiling main.c...
quicksort.h(9): warning:  #1-D: last line of file ends without a newline
main.c(74): warning:  #1-D: last line of file ends without a newline
compiling quicksort.c...
quicksort.h(9): warning:  #1-D: last line of file ends without a newline
quicksort.c(122): warning:  #223-D: function "_sys_exit" declared implicitly
compiling Retarget.c...
compiling RTX_Conf_CM.c...
compiling system_LPC17xx.c...
compiling uart.c...
compiling Serial.c...
linking...
Program Size: Code=12052 RO-data=340 RW-data=136 ZI-data=29304  
"project_3.axf" - 0 Error(s), 5 Warning(s).
Load "N:\\Fall 2014\\MTE241\\Lab3\\project_3.AXF" 
Erase Done.
Programming Done.
Verify OK.
Rebuild target 'Target 1'
assembling startup_LPC17xx.s...
compiling array_tools.c...
array_tools.c(95): warning:  #181-D: argument is incompatible with corresponding format string conversion
compiling main.c...
quicksort.h(9): warning:  #1-D: last line of file ends without a newline
main.c(74): warning:  #1-D: last line of file ends without a newline
compiling quicksort.c...
quicksort.h(9): warning:  #1-D: last line of file ends without a newline
quicksort.c(122): warning:  #223-D: function "_sys_exit" declared implicitly
compiling Retarget.c...
compiling RTX_Conf_CM.c...
compiling system_LPC17xx.c...
compiling uart.c...
compiling Serial.c...
linking...
Program Size: Code=11960 RO-data=340 RW-data=128 ZI-data=29304  
"project_3.axf" - 0 Error(s), 5 Warning(s).
Load "N:\\Fall 2014\\MTE241\\Lab3\\project_3.AXF" 
Erase Done.
Programming Done.
Verify OK.
Rebuild target 'Target 1'
assembling startup_LPC17xx.s...
compiling array_tools.c...
array_tools.c(95): warning:  #181-D: argument is incompatible with corresponding format string conversion
compiling main.c...
quicksort.h(9): warning:  #1-D: last line of file ends without a newline
main.c(74): warning:  #1-D: last line of file ends without a newline
compiling quicksort.c...
quicksort.h(9): warning:  #1-D: last line of file ends without a newline
quicksort.c(122): warning:  #223-D: function "_sys_exit" declared implicitly
compiling Retarget.c...
compiling RTX_Conf_CM.c...
compiling system_LPC17xx.c...
compiling uart.c...
compiling Serial.c...
linking...
Program Size: Code=11984 RO-data=340 RW-data=128 ZI-data=29304  
"project_3.axf" - 0 Error(s), 5 Warning(s).
Load "N:\\Fall 2014\\MTE241\\Lab3\\project_3.AXF" 
Erase Done.
Programming Done.
Verify OK.
Rebuild target 'Target 1'
assembling startup_LPC17xx.s...
compiling array_tools.c...
array_tools.c(95): warning:  #181-D: argument is incompatible with corresponding format string conversion
compiling main.c...
quicksort.h(9): warning:  #1-D: last line of file ends without a newline
main.c(74): warning:  #1-D: last line of file ends without a newline
compiling quicksort.c...
quicksort.h(9): warning:  #1-D: last line of file ends without a newline
quicksort.c(122): warning:  #223-D: function "_sys_exit" declared implicitly
compiling Retarget.c...
compiling RTX_Conf_CM.c...
compiling system_LPC17xx.c...
compiling uart.c...
compiling Serial.c...
linking...
Program Size: Code=11984 RO-data=340 RW-data=128 ZI-data=29304  
"project_3.axf" - 0 Error(s), 5 Warning(s).
Load "N:\\Fall 2014\\MTE241\\Lab3\\project_3.AXF" 
Erase Done.
Programming Done.
Verify OK.
Load "N:\\Fall 2014\\MTE241\\Lab3\\project_3.AXF" 
Erase Done.
Programming Done.
Verify OK.
Rebuild target 'Target 1'
assembling startup_LPC17xx.s...
compiling array_tools.c...
array_tools.c(95): warning:  #181-D: argument is incompatible with corresponding format string conversion
compiling main.c...
quicksort.h(9): warning:  #1-D: last line of file ends without a newline
main.c(74): warning:  #1-D: last line of file ends without a newline
compiling quicksort.c...
quicksort.h(9): warning:  #1-D: last line of file ends without a newline
quicksort.c(122): warning:  #223-D: function "_sys_exit" declared implicitly
compiling Retarget.c...
compiling RTX_Conf_CM.c...
compiling system_LPC17xx.c...
compiling uart.c...
compiling Serial.c...
linking...
Program Size: Code=12048 RO-data=340 RW-data=128 ZI-data=29304  
"project_3.axf" - 0 Error(s), 5 Warning(s).
Load "N:\\Fall 2014\\MTE241\\Lab3\\project_3.AXF" 
Erase Done.
Programming Done.
Verify OK.
Rebuild target 'Target 1'
assembling startup_LPC17xx.s...
compiling array_tools.c...
array_tools.c(95): warning:  #181-D: argument is incompatible with corresponding format string conversion
compiling main.c...
quicksort.h(9): warning:  #1-D: last line of file ends without a newline
main.c(74): warning:  #1-D: last line of file ends without a newline
compiling quicksort.c...
quicksort.h(9): warning:  #1-D: last line of file ends without a newline
quicksort.c(122): warning:  #223-D: function "_sys_exit" declared implicitly
compiling Retarget.c...
compiling RTX_Conf_CM.c...
compiling system_LPC17xx.c...
compiling uart.c...
compiling Serial.c...
linking...
Program Size: Code=12048 RO-data=340 RW-data=128 ZI-data=29304  
"project_3.axf" - 0 Error(s), 5 Warning(s).
Load "N:\\Fall 2014\\MTE241\\Lab3\\project_3.AXF" 
Erase Done.
Programming Done.
Verify OK.
Rebuild target 'Target 1'
assembling startup_LPC17xx.s...
compiling array_tools.c...
array_tools.c(95): warning:  #181-D: argument is incompatible with corresponding format string conversion
compiling main.c...
quicksort.h(9): warning:  #1-D: last line of file ends without a newline
main.c(74): warning:  #1-D: last line of file ends without a newline
compiling quicksort.c...
quicksort.h(9): warning:  #1-D: last line of file ends without a newline
quicksort.c(122): warning:  #223-D: function "_sys_exit" declared implicitly
compiling Retarget.c...
compiling RTX_Conf_CM.c...
compiling system_LPC17xx.c...
compiling uart.c...
compiling Serial.c...
linking...
Program Size: Code=12112 RO-data=340 RW-data=128 ZI-data=29304  
"project_3.axf" - 0 Error(s), 5 Warning(s).
Rebuild target 'Target 1'
assembling startup_LPC17xx.s...
compiling array_tools.c...
array_tools.c(95): warning:  #181-D: argument is incompatible with corresponding format string conversion
compiling main.c...
quicksort.h(9): warning:  #1-D: last line of file ends without a newline
main.c(74): warning:  #1-D: last line of file ends without a newline
compiling quicksort.c...
quicksort.h(9): warning:  #1-D: last line of file ends without a newline
quicksort.c(122): warning:  #223-D: function "_sys_exit" declared implicitly
compiling Retarget.c...
compiling RTX_Conf_CM.c...
compiling system_LPC17xx.c...
compiling uart.c...
compiling Serial.c...
linking...
Program Size: Code=12112 RO-data=340 RW-data=128 ZI-data=29304  
"project_3.axf" - 0 Error(s), 5 Warning(s).
Load "N:\\Fall 2014\\MTE241\\Lab3\\project_3.AXF" 
Erase Done.
Programming Done.
Verify OK.
Rebuild target 'Target 1'
assembling startup_LPC17xx.s...
compiling array_tools.c...
array_tools.c(95): warning:  #181-D: argument is incompatible with corresponding format string conversion
compiling main.c...
quicksort.h(9): warning:  #1-D: last line of file ends without a newline
main.c(74): warning:  #1-D: last line of file ends without a newline
compiling quicksort.c...
quicksort.h(9): warning:  #1-D: last line of file ends without a newline
quicksort.c(122): warning:  #223-D: function "_sys_exit" declared implicitly
compiling Retarget.c...
compiling RTX_Conf_CM.c...
compiling system_LPC17xx.c...
compiling uart.c...
compiling Serial.c...
linking...
Program Size: Code=11960 RO-data=340 RW-data=128 ZI-data=29304  
"project_3.axf" - 0 Error(s), 5 Warning(s).
Rebuild target 'Target 1'
assembling startup_LPC17xx.s...
compiling array_tools.c...
array_tools.c(95): warning:  #181-D: argument is incompatible with corresponding format string conversion
compiling main.c...
quicksort.h(9): warning:  #1-D: last line of file ends without a newline
main.c(74): warning:  #1-D: last line of file ends without a newline
compiling quicksort.c...
quicksort.h(9): warning:  #1-D: last line of file ends without a newline
quicksort.c(122): warning:  #223-D: function "_sys_exit" declared implicitly
compiling Retarget.c...
compiling RTX_Conf_CM.c...
compiling system_LPC17xx.c...
compiling uart.c...
compiling Serial.c...
linking...
Program Size: Code=11960 RO-data=340 RW-data=128 ZI-data=29304  
"project_3.axf" - 0 Error(s), 5 Warning(s).
Load "N:\\Fall 2014\\MTE241\\Lab3\\project_3.AXF" 
Erase Done.
Programming Done.
Verify OK.
Rebuild target 'Target 1'
assembling startup_LPC17xx.s...
compiling array_tools.c...
array_tools.c(95): warning:  #181-D: argument is incompatible with corresponding format string conversion
compiling main.c...
quicksort.h(9): warning:  #1-D: last line of file ends without a newline
main.c(74): warning:  #1-D: last line of file ends without a newline
compiling quicksort.c...
quicksort.h(9): warning:  #1-D: last line of file ends without a newline
quicksort.c(122): warning:  #223-D: function "_sys_exit" declared implicitly
compiling Retarget.c...
compiling RTX_Conf_CM.c...
compiling system_LPC17xx.c...
compiling uart.c...
compiling Serial.c...
linking...
Program Size: Code=11960 RO-data=340 RW-data=128 ZI-data=29304  
"project_3.axf" - 0 Error(s), 5 Warning(s).
Load "N:\\Fall 2014\\MTE241\\Lab3\\project_3.AXF" 
Erase Done.
Programming Done.
Verify OK.
Rebuild target 'Target 1'
assembling startup_LPC17xx.s...
compiling array_tools.c...
array_tools.c(95): warning:  #181-D: argument is incompatible with corresponding format string conversion
compiling main.c...
quicksort.h(9): warning:  #1-D: last line of file ends without a newline
main.c(74): warning:  #1-D: last line of file ends without a newline
compiling quicksort.c...
quicksort.h(9): warning:  #1-D: last line of file ends without a newline
quicksort.c(122): warning:  #223-D: function "_sys_exit" declared implicitly
compiling Retarget.c...
compiling RTX_Conf_CM.c...
compiling system_LPC17xx.c...
compiling uart.c...
compiling Serial.c...
linking...
Program Size: Code=12112 RO-data=340 RW-data=128 ZI-data=29304  
"project_3.axf" - 0 Error(s), 5 Warning(s).
Load "N:\\Fall 2014\\MTE241\\Lab3\\project_3.AXF" 
Erase Done.
Programming Done.
Verify OK.
Rebuild target 'Target 1'
assembling startup_LPC17xx.s...
compiling array_tools.c...
array_tools.c(95): warning:  #181-D: argument is incompatible with corresponding format string conversion
compiling main.c...
quicksort.h(9): warning:  #1-D: last line of file ends without a newline
main.c(74): warning:  #1-D: last line of file ends without a newline
compiling quicksort.c...
quicksort.h(9): warning:  #1-D: last line of file ends without a newline
quicksort.c(122): warning:  #223-D: function "_sys_exit" declared implicitly
compiling Retarget.c...
compiling RTX_Conf_CM.c...
compiling system_LPC17xx.c...
compiling uart.c...
compiling Serial.c...
linking...
Program Size: Code=12048 RO-data=340 RW-data=128 ZI-data=29304  
"project_3.axf" - 0 Error(s), 5 Warning(s).
Load "N:\\Fall 2014\\MTE241\\Lab3\\project_3.AXF" 
Erase Done.
Programming Done.
Verify OK.
Rebuild target 'Target 1'
assembling startup_LPC17xx.s...
compiling array_tools.c...
array_tools.c(95): warning:  #181-D: argument is incompatible with corresponding format string conversion
compiling main.c...
quicksort.h(9): warning:  #1-D: last line of file ends without a newline
main.c(74): warning:  #1-D: last line of file ends without a newline
compiling quicksort.c...
quicksort.h(9): warning:  #1-D: last line of file ends without a newline
quicksort.c(122): warning:  #223-D: function "_sys_exit" declared implicitly
compiling Retarget.c...
compiling RTX_Conf_CM.c...
compiling system_LPC17xx.c...
compiling uart.c...
compiling Serial.c...
linking...
Program Size: Code=12048 RO-data=340 RW-data=128 ZI-data=29304  
"project_3.axf" - 0 Error(s), 5 Warning(s).
Load "N:\\Fall 2014\\MTE241\\Lab3\\project_3.AXF" 
Erase Done.
Programming Done.
Verify OK.
Rebuild target 'Target 1'
assembling startup_LPC17xx.s...
compiling array_tools.c...
array_tools.c(95): warning:  #181-D: argument is incompatible with corresponding format string conversion
compiling main.c...
quicksort.h(9): warning:  #1-D: last line of file ends without a newline
main.c(74): warning:  #1-D: last line of file ends without a newline
compiling quicksort.c...
quicksort.h(9): warning:  #1-D: last line of file ends without a newline
quicksort.c(122): warning:  #223-D: function "_sys_exit" declared implicitly
compiling Retarget.c...
compiling RTX_Conf_CM.c...
compiling system_LPC17xx.c...
compiling uart.c...
compiling Serial.c...
linking...
Program Size: Code=12048 RO-data=340 RW-data=128 ZI-data=29304  
"project_3.axf" - 0 Error(s), 5 Warning(s).
Load "N:\\Fall 2014\\MTE241\\Lab3\\project_3.AXF" 
Erase Done.
Programming Done.
Verify OK.
Rebuild target 'Target 1'
assembling startup_LPC17xx.s...
compiling array_tools.c...
array_tools.c(95): warning:  #181-D: argument is incompatible with corresponding format string conversion
compiling main.c...
quicksort.h(9): warning:  #1-D: last line of file ends without a newline
main.c(74): warning:  #1-D: last line of file ends without a newline
compiling quicksort.c...
quicksort.h(9): warning:  #1-D: last line of file ends without a newline
quicksort.c(122): warning:  #223-D: function "_sys_exit" declared implicitly
compiling Retarget.c...
compiling RTX_Conf_CM.c...
compiling system_LPC17xx.c...
compiling uart.c...
compiling Serial.c...
linking...
Program Size: Code=12080 RO-data=340 RW-data=128 ZI-data=29304  
"project_3.axf" - 0 Error(s), 5 Warning(s).
Load "N:\\Fall 2014\\MTE241\\Lab3\\project_3.AXF" 
Erase Done.
Programming Done.
Verify OK.
Rebuild target 'Target 1'
assembling startup_LPC17xx.s...
compiling array_tools.c...
array_tools.c(95): warning:  #181-D: argument is incompatible with corresponding format string conversion
compiling main.c...
quicksort.h(9): warning:  #1-D: last line of file ends without a newline
main.c(74): warning:  #1-D: last line of file ends without a newline
compiling quicksort.c...
quicksort.h(9): warning:  #1-D: last line of file ends without a newline
quicksort.c(122): warning:  #223-D: function "_sys_exit" declared implicitly
compiling Retarget.c...
compiling RTX_Conf_CM.c...
compiling system_LPC17xx.c...
compiling uart.c...
compiling Serial.c...
linking...
project_3.axf: Error: L6406E: No space in execution regions with .ANY selector matching startup_lpc17xx.o(HEAP).
project_3.axf: Error: L6407E: Sections of aggregate size 0x1600 bytes could not fit into .ANY selector(s).
Target not created
Rebuild target 'Target 1'
assembling startup_LPC17xx.s...
compiling array_tools.c...
array_tools.c(95): warning:  #181-D: argument is incompatible with corresponding format string conversion
compiling main.c...
quicksort.h(9): warning:  #1-D: last line of file ends without a newline
main.c(74): warning:  #1-D: last line of file ends without a newline
compiling quicksort.c...
quicksort.h(9): warning:  #1-D: last line of file ends without a newline
quicksort.c(122): warning:  #223-D: function "_sys_exit" declared implicitly
compiling Retarget.c...
compiling RTX_Conf_CM.c...
compiling system_LPC17xx.c...
compiling uart.c...
compiling Serial.c...
linking...
project_3.axf: Error: L6406E: No space in execution regions with .ANY selector matching startup_lpc17xx.o(HEAP).
project_3.axf: Error: L6407E: Sections of aggregate size 0x1600 bytes could not fit into .ANY selector(s).
Target not created
Load "N:\\Fall 2014\\MTE241\\Lab3\\project_3.AXF" 
_____^
*** error 56: cannot open file
Rebuild target 'Target 1'
assembling startup_LPC17xx.s...
compiling array_tools.c...
array_tools.c(95): warning:  #181-D: argument is incompatible with corresponding format string conversion
compiling main.c...
quicksort.h(9): warning:  #1-D: last line of file ends without a newline
main.c(74): warning:  #1-D: last line of file ends without a newline
compiling quicksort.c...
quicksort.h(9): warning:  #1-D: last line of file ends without a newline
quicksort.c(122): warning:  #223-D: function "_sys_exit" declared implicitly
compiling Retarget.c...
compiling RTX_Conf_CM.c...
compiling system_LPC17xx.c...
compiling uart.c...
compiling Serial.c...
linking...
project_3.axf: Error: L6406E: No space in execution regions with .ANY selector matching startup_lpc17xx.o(HEAP).
project_3.axf: Error: L6407E: Sections of aggregate size 0x1600 bytes could not fit into .ANY selector(s).
Target not created
Rebuild target 'Target 1'
assembling startup_LPC17xx.s...
compiling array_tools.c...
array_tools.c(95): warning:  #181-D: argument is incompatible with corresponding format string conversion
compiling main.c...
quicksort.h(9): warning:  #1-D: last line of file ends without a newline
main.c(74): warning:  #1-D: last line of file ends without a newline
compiling quicksort.c...
quicksort.h(9): warning:  #1-D: last line of file ends without a newline
quicksort.c(122): warning:  #223-D: function "_sys_exit" declared implicitly
compiling Retarget.c...
compiling RTX_Conf_CM.c...
compiling system_LPC17xx.c...
compiling uart.c...
compiling Serial.c...
linking...
Program Size: Code=12080 RO-data=340 RW-data=128 ZI-data=29816  
"project_3.axf" - 0 Error(s), 5 Warning(s).
Load "N:\\Fall 2014\\MTE241\\Lab3\\project_3.AXF" 
Erase Done.
Programming Done.
Verify OK.
Rebuild target 'Target 1'
assembling startup_LPC17xx.s...
compiling array_tools.c...
array_tools.c(95): warning:  #181-D: argument is incompatible with corresponding format string conversion
compiling main.c...
quicksort.h(9): warning:  #1-D: last line of file ends without a newline
main.c(74): warning:  #1-D: last line of file ends without a newline
compiling quicksort.c...
quicksort.h(9): warning:  #1-D: last line of file ends without a newline
quicksort.c(122): warning:  #223-D: function "_sys_exit" declared implicitly
compiling Retarget.c...
compiling RTX_Conf_CM.c...
compiling system_LPC17xx.c...
compiling uart.c...
compiling Serial.c...
linking...
Program Size: Code=12080 RO-data=340 RW-data=128 ZI-data=29816  
"project_3.axf" - 0 Error(s), 5 Warning(s).
Load "N:\\Fall 2014\\MTE241\\Lab3\\project_3.AXF" 
Erase Done.
Programming Done.
Verify OK.
Rebuild target 'Target 1'
assembling startup_LPC17xx.s...
compiling array_tools.c...
array_tools.c(95): warning:  #181-D: argument is incompatible with corresponding format string conversion
compiling main.c...
quicksort.h(9): warning:  #1-D: last line of file ends without a newline
main.c(74): warning:  #1-D: last line of file ends without a newline
compiling quicksort.c...
quicksort.h(9): warning:  #1-D: last line of file ends without a newline
quicksort.c(122): warning:  #223-D: function "_sys_exit" declared implicitly
compiling Retarget.c...
compiling RTX_Conf_CM.c...
compiling system_LPC17xx.c...
compiling uart.c...
compiling Serial.c...
linking...
Program Size: Code=12080 RO-data=340 RW-data=128 ZI-data=29816  
"project_3.axf" - 0 Error(s), 5 Warning(s).
Load "N:\\Fall 2014\\MTE241\\Lab3\\project_3.AXF" 
Erase Done.
Programming Done.
Verify OK.
Rebuild target 'Target 1'
assembling startup_LPC17xx.s...
compiling array_tools.c...
array_tools.c(95): warning:  #181-D: argument is incompatible with corresponding format string conversion
compiling main.c...
quicksort.h(9): warning:  #1-D: last line of file ends without a newline
main.c(74): warning:  #1-D: last line of file ends without a newline
compiling quicksort.c...
quicksort.h(9): warning:  #1-D: last line of file ends without a newline
quicksort.c(122): warning:  #223-D: function "_sys_exit" declared implicitly
compiling Retarget.c...
compiling RTX_Conf_CM.c...
compiling system_LPC17xx.c...
compiling uart.c...
compiling Serial.c...
linking...
Program Size: Code=12080 RO-data=340 RW-data=128 ZI-data=29816  
"project_3.axf" - 0 Error(s), 5 Warning(s).
Load "N:\\Fall 2014\\MTE241\\Lab3\\project_3.AXF" 
Erase Done.
Programming Done.
Verify OK.
Rebuild target 'Target 1'
assembling startup_LPC17xx.s...
compiling array_tools.c...
array_tools.c(95): warning:  #181-D: argument is incompatible with corresponding format string conversion
compiling main.c...
quicksort.h(9): warning:  #1-D: last line of file ends without a newline
main.c(74): warning:  #1-D: last line of file ends without a newline
compiling quicksort.c...
quicksort.h(9): warning:  #1-D: last line of file ends without a newline
quicksort.c(122): warning:  #223-D: function "_sys_exit" declared implicitly
compiling Retarget.c...
compiling RTX_Conf_CM.c...
compiling system_LPC17xx.c...
compiling uart.c...
compiling Serial.c...
linking...
Program Size: Code=12080 RO-data=340 RW-data=128 ZI-data=29816  
"project_3.axf" - 0 Error(s), 5 Warning(s).
Load "N:\\Fall 2014\\MTE241\\Lab3\\project_3.AXF" 
Erase Done.
Programming Done.
Verify OK.
Load "N:\\Fall 2014\\MTE241\\Lab3\\project_3.AXF" 
Erase Done.
Programming Done.
Verify OK.
Rebuild target 'Target 1'
assembling startup_LPC17xx.s...
compiling array_tools.c...
array_tools.c(95): warning:  #181-D: argument is incompatible with corresponding format string conversion
compiling main.c...
quicksort.h(9): warning:  #1-D: last line of file ends without a newline
main.c(74): warning:  #1-D: last line of file ends without a newline
compiling quicksort.c...
quicksort.h(9): warning:  #1-D: last line of file ends without a newline
quicksort.c(122): warning:  #223-D: function "_sys_exit" declared implicitly
compiling Retarget.c...
compiling RTX_Conf_CM.c...
compiling system_LPC17xx.c...
compiling uart.c...
compiling Serial.c...
linking...
Program Size: Code=12080 RO-data=340 RW-data=128 ZI-data=29816  
"project_3.axf" - 0 Error(s), 5 Warning(s).
Load "N:\\Fall 2014\\MTE241\\Lab3\\project_3.AXF" 
Erase Done.
Programming Done.
Verify OK.
Load "N:\\Fall 2014\\MTE241\\Lab3\\project_3.AXF" 
Erase Done.
Programming Done.
Verify OK.
Rebuild target 'Target 1'
assembling startup_LPC17xx.s...
compiling array_tools.c...
array_tools.c(95): warning:  #181-D: argument is incompatible with corresponding format string conversion
compiling main.c...
quicksort.h(9): warning:  #1-D: last line of file ends without a newline
main.c(74): warning:  #1-D: last line of file ends without a newline
compiling quicksort.c...
quicksort.h(9): warning:  #1-D: last line of file ends without a newline
quicksort.c(122): warning:  #223-D: function "_sys_exit" declared implicitly
compiling Retarget.c...
compiling RTX_Conf_CM.c...
compiling system_LPC17xx.c...
compiling uart.c...
compiling Serial.c...
linking...
Program Size: Code=12044 RO-data=340 RW-data=128 ZI-data=29816  
"project_3.axf" - 0 Error(s), 5 Warning(s).
Load "N:\\Fall 2014\\MTE241\\Lab3\\project_3.AXF" 
Erase Done.
Programming Done.
Verify OK.
Build target 'Target 1'
compiling array_tools.c...
array_tools.c(96): warning:  #181-D: argument is incompatible with corresponding format string conversion
linking...
Program Size: Code=12032 RO-data=340 RW-data=128 ZI-data=29816  
"project_3.axf" - 0 Error(s), 1 Warning(s).
Rebuild target 'Target 1'
assembling startup_LPC17xx.s...
compiling array_tools.c...
array_tools.c(96): warning:  #181-D: argument is incompatible with corresponding format string conversion
compiling main.c...
quicksort.h(9): warning:  #1-D: last line of file ends without a newline
main.c(74): warning:  #1-D: last line of file ends without a newline
compiling quicksort.c...
quicksort.h(9): warning:  #1-D: last line of file ends without a newline
quicksort.c(122): warning:  #223-D: function "_sys_exit" declared implicitly
compiling Retarget.c...
compiling RTX_Conf_CM.c...
compiling system_LPC17xx.c...
compiling uart.c...
compiling Serial.c...
linking...
Program Size: Code=12032 RO-data=340 RW-data=128 ZI-data=29816  
"project_3.axf" - 0 Error(s), 5 Warning(s).
Load "N:\\Fall 2014\\MTE241\\Lab3\\project_3.AXF" 
Erase Done.
Programming Done.
Verify OK.
Rebuild target 'Target 1'
assembling startup_LPC17xx.s...
compiling array_tools.c...
array_tools.c(95): warning:  #181-D: argument is incompatible with corresponding format string conversion
compiling main.c...
quicksort.h(9): warning:  #1-D: last line of file ends without a newline
main.c(74): warning:  #1-D: last line of file ends without a newline
compiling quicksort.c...
quicksort.h(9): warning:  #1-D: last line of file ends without a newline
quicksort.c(122): warning:  #223-D: function "_sys_exit" declared implicitly
compiling Retarget.c...
compiling RTX_Conf_CM.c...
compiling system_LPC17xx.c...
compiling uart.c...
compiling Serial.c...
linking...
Program Size: Code=12044 RO-data=340 RW-data=128 ZI-data=29816  
"project_3.axf" - 0 Error(s), 5 Warning(s).
Load "N:\\Fall 2014\\MTE241\\Lab3\\project_3.AXF" 
Erase Done.
Programming Done.
Verify OK.
Rebuild target 'Target 1'
assembling startup_LPC17xx.s...
compiling array_tools.c...
array_tools.c(96): warning:  #181-D: argument is incompatible with corresponding format string conversion
compiling main.c...
quicksort.h(9): warning:  #1-D: last line of file ends without a newline
main.c(74): warning:  #1-D: last line of file ends without a newline
compiling quicksort.c...
quicksort.h(9): warning:  #1-D: last line of file ends without a newline
quicksort.c(122): warning:  #223-D: function "_sys_exit" declared implicitly
compiling Retarget.c...
compiling RTX_Conf_CM.c...
compiling system_LPC17xx.c...
compiling uart.c...
compiling Serial.c...
linking...
Program Size: Code=12032 RO-data=340 RW-data=128 ZI-data=29816  
"project_3.axf" - 0 Error(s), 5 Warning(s).
Load "N:\\Fall 2014\\MTE241\\Lab3\\project_3.AXF" 
Erase Done.
Programming Done.
Verify OK.
Rebuild target 'Target 1'
assembling startup_LPC17xx.s...
compiling array_tools.c...
array_tools.c(96): warning:  #181-D: argument is incompatible with corresponding format string conversion
compiling main.c...
quicksort.h(9): warning:  #1-D: last line of file ends without a newline
main.c(74): warning:  #1-D: last line of file ends without a newline
compiling quicksort.c...
quicksort.h(9): warning:  #1-D: last line of file ends without a newline
quicksort.c(122): warning:  #223-D: function "_sys_exit" declared implicitly
compiling Retarget.c...
compiling RTX_Conf_CM.c...
compiling system_LPC17xx.c...
compiling uart.c...
compiling Serial.c...
linking...
Program Size: Code=12032 RO-data=340 RW-data=128 ZI-data=29816  
"project_3.axf" - 0 Error(s), 5 Warning(s).
Load "N:\\Fall 2014\\MTE241\\Lab3\\project_3.AXF" 
Erase Done.
Programming Done.
Verify OK.
Rebuild target 'Target 1'
assembling startup_LPC17xx.s...
compiling array_tools.c...
array_tools.c(95): warning:  #181-D: argument is incompatible with corresponding format string conversion
compiling main.c...
quicksort.h(9): warning:  #1-D: last line of file ends without a newline
main.c(74): warning:  #1-D: last line of file ends without a newline
compiling quicksort.c...
quicksort.h(9): warning:  #1-D: last line of file ends without a newline
quicksort.c(122): warning:  #223-D: function "_sys_exit" declared implicitly
compiling Retarget.c...
compiling RTX_Conf_CM.c...
compiling system_LPC17xx.c...
compiling uart.c...
compiling Serial.c...
linking...
Program Size: Code=12044 RO-data=340 RW-data=128 ZI-data=29816  
"project_3.axf" - 0 Error(s), 5 Warning(s).
