<html>
<body>
<pre>
<h1>µVision Build Log</h1>
<h2>Project:</h2>
C:\Users\maxz\Documents\GitHub\MTE-241\project_3\project_3.uvproj
Project File Date:  11/13/2014

<h2>Output:</h2>
Rebuild target 'Target 1'
assembling startup_LPC17xx.s...
compiling array_tools.c...
array_tools.c(95): warning:  #181-D: argument is incompatible with corresponding format string conversion
                scanf("%d", &( result.array[i]) );
array_tools.c: 1 warning, 0 errors
compiling main.c...
quicksort.h(9): warning:  #1-D: last line of file ends without a newline
  #endif
main.c(74): warning:  #1-D: last line of file ends without a newline
  }
main.c: 2 warnings, 0 errors
compiling quicksort.c...
quicksort.h(9): warning:  #1-D: last line of file ends without a newline
  #endif
quicksort.c(169): warning:  #223-D: function "_sys_exit" declared implicitly
                      _sys_exit(EXIT_FAILURE);
quicksort.c: 2 warnings, 0 errors
compiling Retarget.c...
compiling RTX_Conf_CM.c...
compiling system_LPC17xx.c...
compiling uart.c...
compiling Serial.c...
linking...
Program Size: Code=12544 RO-data=344 RW-data=128 ZI-data=30152  
".\project_3.axf" - 0 Error(s), 5 Warning(s).
 #223-D: function "_sys_exit" declared implicitly
                      _sys_exit(EXIT_FAILURE);
quicksort.c: 3 warnings, 2 errors
compiling Retarget.c...
compiling RTX_Conf_CM.c...
compiling system_LPC17xx.c...
compiling uart.c...
compiling Serial.c...
".\project_3.axf" - 2 Error(s), 6 Warning(s).
Target not created
