<html>
<body>
<pre>
<h1>µVision Build Log</h1>
<h2>Project:</h2>
N:\Fall 2014\MTE241\Lab 4 New\MTE-241-master\Lab4\project_3.uvproj
Project File Date:  11/20/2014

<h2>Output:</h2>
Rebuild target 'Target 1'
assembling startup_LPC17xx.s...
compiling Retarget.c...
compiling RTX_Conf_CM.c...
compiling system_LPC17xx.c...
compiling uart.c...
compiling Serial.c...
compiling GLCD_Scroll.c...
GLCD_Scroll.c(117): warning:  #223-D: function "strlen" declared implicitly
compiling GLCD_SPI_LPC1700.c...
compiling animation.c...
compiling peripherals.c...
peripherals.c(93): warning:  #1-D: last line of file ends without a newline
compiling tasks.c...
tasks.c(46): warning:  #167-D: argument of type "char *" is incompatible with parameter of type "unsigned char *"
tasks.c(75): warning:  #223-D: function "ADC_convert" declared implicitly
tasks.c(115): warning:  #223-D: function "ADC_value" declared implicitly
compiling util.c...
linking...
Program Size: Code=9252 RO-data=6548 RW-data=168 ZI-data=32120  
"project_4.axf" - 0 Error(s), 5 Warning(s).
Load "N:\\Fall 2014\\MTE241\\Lab 4 New\\MTE-241-master\\Lab4\\project_4.AXF" 
Erase Done.
Programming Done.
Verify OK.
Rebuild target 'Target 1'
assembling startup_LPC17xx.s...
compiling Retarget.c...
compiling RTX_Conf_CM.c...
compiling system_LPC17xx.c...
compiling uart.c...
compiling Serial.c...
compiling GLCD_Scroll.c...
GLCD_Scroll.c(117): warning:  #223-D: function "strlen" declared implicitly
compiling GLCD_SPI_LPC1700.c...
compiling animation.c...
compiling peripherals.c...
peripherals.c(93): warning:  #1-D: last line of file ends without a newline
compiling tasks.c...
tasks.c(46): warning:  #167-D: argument of type "char *" is incompatible with parameter of type "unsigned char *"
tasks.c(75): warning:  #223-D: function "ADC_convert" declared implicitly
tasks.c(115): warning:  #223-D: function "ADC_value" declared implicitly
compiling util.c...
linking...
Program Size: Code=9252 RO-data=6548 RW-data=168 ZI-data=32120  
"project_4.axf" - 0 Error(s), 5 Warning(s).
Load "N:\\Fall 2014\\MTE241\\Lab 4 New\\MTE-241-master\\Lab4\\project_4.AXF" 
Erase Done.
Programming Done.
Verify OK.
Build target 'Target 1'
compiling GLCD_SPI_LPC1700.c...
compiling tasks.c...
tasks.c(46): warning:  #167-D: argument of type "char *" is incompatible with parameter of type "unsigned char *"
tasks.c(75): warning:  #223-D: function "ADC_convert" declared implicitly
tasks.c(115): warning:  #223-D: function "ADC_value" declared implicitly
linking...
Program Size: Code=9260 RO-data=6548 RW-data=168 ZI-data=32120  
"project_4.axf" - 0 Error(s), 3 Warning(s).
Rebuild target 'Target 1'
assembling startup_LPC17xx.s...
compiling Retarget.c...
compiling RTX_Conf_CM.c...
compiling system_LPC17xx.c...
compiling uart.c...
compiling Serial.c...
compiling GLCD_Scroll.c...
GLCD_Scroll.c(117): warning:  #223-D: function "strlen" declared implicitly
compiling GLCD_SPI_LPC1700.c...
compiling animation.c...
compiling peripherals.c...
peripherals.c(93): warning:  #1-D: last line of file ends without a newline
compiling tasks.c...
tasks.c(46): warning:  #167-D: argument of type "char *" is incompatible with parameter of type "unsigned char *"
tasks.c(75): warning:  #223-D: function "ADC_convert" declared implicitly
tasks.c(115): warning:  #223-D: function "ADC_value" declared implicitly
compiling util.c...
linking...
Program Size: Code=9260 RO-data=6548 RW-data=168 ZI-data=32120  
"project_4.axf" - 0 Error(s), 5 Warning(s).
Load "N:\\Fall 2014\\MTE241\\Lab 4 New\\MTE-241-master\\Lab4\\project_4.AXF" 
Erase Done.
Programming Done.
Verify OK.
Rebuild target 'Target 1'
assembling startup_LPC17xx.s...
compiling Retarget.c...
compiling RTX_Conf_CM.c...
compiling system_LPC17xx.c...
compiling uart.c...
compiling Serial.c...
compiling GLCD_Scroll.c...
GLCD_Scroll.c(117): warning:  #223-D: function "strlen" declared implicitly
compiling GLCD_SPI_LPC1700.c...
compiling animation.c...
compiling peripherals.c...
peripherals.c(93): warning:  #1-D: last line of file ends without a newline
compiling tasks.c...
tasks.c(46): warning:  #167-D: argument of type "char *" is incompatible with parameter of type "unsigned char *"
tasks.c(75): warning:  #223-D: function "ADC_convert" declared implicitly
tasks.c(115): warning:  #223-D: function "ADC_value" declared implicitly
compiling util.c...
linking...
Program Size: Code=9236 RO-data=6548 RW-data=168 ZI-data=32120  
"project_4.axf" - 0 Error(s), 5 Warning(s).
Rebuild target 'Target 1'
assembling startup_LPC17xx.s...
compiling Retarget.c...
compiling RTX_Conf_CM.c...
compiling system_LPC17xx.c...
compiling uart.c...
compiling Serial.c...
compiling GLCD_Scroll.c...
GLCD_Scroll.c(117): warning:  #223-D: function "strlen" declared implicitly
compiling GLCD_SPI_LPC1700.c...
compiling animation.c...
compiling peripherals.c...
peripherals.c(93): warning:  #1-D: last line of file ends without a newline
compiling tasks.c...
tasks.c(46): warning:  #167-D: argument of type "char *" is incompatible with parameter of type "unsigned char *"
tasks.c(75): warning:  #223-D: function "ADC_convert" declared implicitly
tasks.c(115): warning:  #223-D: function "ADC_value" declared implicitly
compiling util.c...
linking...
Program Size: Code=9144 RO-data=6548 RW-data=160 ZI-data=32120  
"project_4.axf" - 0 Error(s), 5 Warning(s).
Load "N:\\Fall 2014\\MTE241\\Lab 4 New\\MTE-241-master\\Lab4\\project_4.AXF" 
Erase Done.
Programming Done.
Verify OK.
Rebuild target 'Target 1'
assembling startup_LPC17xx.s...
compiling Retarget.c...
compiling RTX_Conf_CM.c...
compiling system_LPC17xx.c...
compiling uart.c...
compiling Serial.c...
compiling GLCD_Scroll.c...
GLCD_Scroll.c(117): warning:  #223-D: function "strlen" declared implicitly
compiling GLCD_SPI_LPC1700.c...
compiling animation.c...
compiling peripherals.c...
peripherals.c(93): warning:  #1-D: last line of file ends without a newline
compiling tasks.c...
tasks.c(46): warning:  #167-D: argument of type "char *" is incompatible with parameter of type "unsigned char *"
tasks.c(75): warning:  #223-D: function "ADC_convert" declared implicitly
tasks.c(115): warning:  #223-D: function "ADC_value" declared implicitly
compiling util.c...
linking...
Program Size: Code=9144 RO-data=6548 RW-data=160 ZI-data=32120  
"project_4.axf" - 0 Error(s), 5 Warning(s).
Load "N:\\Fall 2014\\MTE241\\Lab 4 New\\MTE-241-master\\Lab4\\project_4.AXF" 
Erase Done.
Programming Done.
Verify OK.
Rebuild target 'Target 1'
assembling startup_LPC17xx.s...
compiling Retarget.c...
compiling RTX_Conf_CM.c...
compiling system_LPC17xx.c...
compiling uart.c...
compiling Serial.c...
compiling GLCD_Scroll.c...
GLCD_Scroll.c(117): warning:  #223-D: function "strlen" declared implicitly
compiling GLCD_SPI_LPC1700.c...
compiling animation.c...
sync.h(16): warning:  #1-D: last line of file ends without a newline
compiling peripherals.c...
sync.h(16): warning:  #1-D: last line of file ends without a newline
peripherals.c(93): warning:  #1-D: last line of file ends without a newline
compiling tasks.c...
sync.h(16): warning:  #1-D: last line of file ends without a newline
tasks.c(9): error:  #20: identifier "rendezvouz_t" is undefined
tasks.c(35): warning:  #167-D: argument of type "volatile int *" is incompatible with parameter of type "void *"
tasks.c(65): error:  #136: struct "circle" has no field "bitmap"
tasks.c(68): error:  #136: struct "circle" has no field "bitmap"
tasks.c(79): error:  #136: struct "circle" has no field "bitmap"
tasks.c(79): error:  #20: identifier "circle" is undefined
tasks.c(80): error:  #136: struct "circle" has no field "bitmap"
tasks.c(88): warning:  #223-D: function "ADC_convert" declared implicitly
compiling util.c...
Target not created
Rebuild target 'Target 1'
assembling startup_LPC17xx.s...
compiling Retarget.c...
compiling RTX_Conf_CM.c...
compiling system_LPC17xx.c...
compiling uart.c...
compiling Serial.c...
compiling GLCD_Scroll.c...
GLCD_Scroll.c(117): warning:  #223-D: function "strlen" declared implicitly
compiling GLCD_SPI_LPC1700.c...
compiling animation.c...
sync.h(16): warning:  #1-D: last line of file ends without a newline
compiling peripherals.c...
sync.h(16): warning:  #1-D: last line of file ends without a newline
peripherals.c(93): warning:  #1-D: last line of file ends without a newline
compiling tasks.c...
sync.h(16): warning:  #1-D: last line of file ends without a newline
tasks.c(32): warning:  #167-D: argument of type "volatile int *" is incompatible with parameter of type "void *"
tasks.c(85): warning:  #223-D: function "ADC_convert" declared implicitly
compiling util.c...
linking...
Program Size: Code=8404 RO-data=6548 RW-data=160 ZI-data=32160  
"project_4.axf" - 0 Error(s), 7 Warning(s).
Rebuild target 'Target 1'
assembling startup_LPC17xx.s...
compiling Retarget.c...
compiling RTX_Conf_CM.c...
compiling system_LPC17xx.c...
compiling uart.c...
compiling Serial.c...
compiling GLCD_Scroll.c...
GLCD_Scroll.c(117): warning:  #223-D: function "strlen" declared implicitly
compiling GLCD_SPI_LPC1700.c...
compiling animation.c...
sync.h(16): warning:  #1-D: last line of file ends without a newline
compiling peripherals.c...
sync.h(16): warning:  #1-D: last line of file ends without a newline
peripherals.c(93): warning:  #1-D: last line of file ends without a newline
compiling tasks.c...
sync.h(16): warning:  #1-D: last line of file ends without a newline
tasks.c(32): warning:  #167-D: argument of type "volatile int *" is incompatible with parameter of type "void *"
tasks.c(85): warning:  #223-D: function "ADC_convert" declared implicitly
compiling util.c...
linking...
Program Size: Code=8404 RO-data=6548 RW-data=160 ZI-data=32160  
"project_4.axf" - 0 Error(s), 7 Warning(s).
Load "N:\\Fall 2014\\MTE241\\Lab 4 New\\MTE-241-master\\Lab4\\project_4.AXF" 
Erase Done.
Programming Done.
Verify OK.
Build target 'Target 1'
compiling tasks.c...
sync.h(16): warning:  #1-D: last line of file ends without a newline
tasks.c(32): warning:  #167-D: argument of type "volatile int *" is incompatible with parameter of type "void *"
tasks.c(85): warning:  #223-D: function "ADC_convert" declared implicitly
linking...
Program Size: Code=8404 RO-data=6548 RW-data=160 ZI-data=32160  
"project_4.axf" - 0 Error(s), 3 Warning(s).
Rebuild target 'Target 1'
assembling startup_LPC17xx.s...
compiling Retarget.c...
compiling RTX_Conf_CM.c...
compiling system_LPC17xx.c...
compiling uart.c...
compiling Serial.c...
compiling GLCD_Scroll.c...
GLCD_Scroll.c(117): warning:  #223-D: function "strlen" declared implicitly
compiling GLCD_SPI_LPC1700.c...
compiling animation.c...
sync.h(16): warning:  #1-D: last line of file ends without a newline
compiling peripherals.c...
sync.h(16): warning:  #1-D: last line of file ends without a newline
peripherals.c(93): warning:  #1-D: last line of file ends without a newline
compiling tasks.c...
sync.h(16): warning:  #1-D: last line of file ends without a newline
tasks.c(32): warning:  #167-D: argument of type "volatile int *" is incompatible with parameter of type "void *"
tasks.c(85): warning:  #223-D: function "ADC_convert" declared implicitly
compiling util.c...
linking...
Program Size: Code=8404 RO-data=6548 RW-data=160 ZI-data=32160  
"project_4.axf" - 0 Error(s), 7 Warning(s).
Load "N:\\Fall 2014\\MTE241\\Lab 4 New\\MTE-241-master\\Lab4\\project_4.AXF" 
Erase Done.
Programming Done.
Verify OK.
Load "N:\\Fall 2014\\MTE241\\Lab 4 New\\MTE-241-master\\Lab4\\project_4.AXF" 
Load "N:\\Fall 2014\\MTE241\\Lab 4 New\\MTE-241-master\\Lab4\\project_4.AXF" 
Rebuild target 'Target 1'
assembling startup_LPC17xx.s...
compiling Retarget.c...
compiling RTX_Conf_CM.c...
compiling system_LPC17xx.c...
compiling uart.c...
compiling Serial.c...
compiling GLCD_Scroll.c...
GLCD_Scroll.c(117): warning:  #223-D: function "strlen" declared implicitly
compiling GLCD_SPI_LPC1700.c...
compiling animation.c...
sync.h(16): warning:  #1-D: last line of file ends without a newline
compiling peripherals.c...
sync.h(16): warning:  #1-D: last line of file ends without a newline
peripherals.c(93): warning:  #1-D: last line of file ends without a newline
compiling tasks.c...
sync.h(16): warning:  #1-D: last line of file ends without a newline
tasks.c(32): warning:  #167-D: argument of type "volatile int *" is incompatible with parameter of type "void *"
tasks.c(85): warning:  #223-D: function "ADC_convert" declared implicitly
compiling util.c...
linking...
Program Size: Code=8404 RO-data=6548 RW-data=160 ZI-data=32160  
"project_4.axf" - 0 Error(s), 7 Warning(s).
Load "N:\\Fall 2014\\MTE241\\Lab 4 New\\MTE-241-master\\Lab4\\project_4.AXF" 
Load "N:\\Fall 2014\\MTE241\\Lab 4 New\\MTE-241-master\\Lab4\\project_4.AXF" 
Load "N:\\Fall 2014\\MTE241\\Lab 4 New\\MTE-241-master\\Lab4\\project_4.AXF" 
Load "N:\\Fall 2014\\MTE241\\Lab 4 New\\MTE-241-master\\Lab4\\project_4.AXF" 
Load "N:\\Fall 2014\\MTE241\\Lab 4 New\\MTE-241-master\\Lab4\\project_4.AXF" 
Load "N:\\Fall 2014\\MTE241\\Lab 4 New\\MTE-241-master\\Lab4\\project_4.AXF" 
Erase Done.
Programming Done.
Verify OK.
Rebuild target 'Target 1'
assembling startup_LPC17xx.s...
compiling Retarget.c...
compiling RTX_Conf_CM.c...
compiling system_LPC17xx.c...
compiling uart.c...
compiling Serial.c...
compiling GLCD_Scroll.c...
GLCD_Scroll.c(117): warning:  #223-D: function "strlen" declared implicitly
compiling GLCD_SPI_LPC1700.c...
compiling animation.c...
sync.h(16): warning:  #1-D: last line of file ends without a newline
compiling peripherals.c...
sync.h(16): warning:  #1-D: last line of file ends without a newline
peripherals.c(93): warning:  #1-D: last line of file ends without a newline
compiling tasks.c...
sync.h(16): warning:  #1-D: last line of file ends without a newline
tasks.c(32): warning:  #167-D: argument of type "volatile int *" is incompatible with parameter of type "void *"
tasks.c(85): warning:  #223-D: function "ADC_convert" declared implicitly
compiling util.c...
linking...
Program Size: Code=8404 RO-data=6548 RW-data=160 ZI-data=32160  
"project_4.axf" - 0 Error(s), 7 Warning(s).
Rebuild target 'Target 1'
assembling startup_LPC17xx.s...
compiling Retarget.c...
compiling RTX_Conf_CM.c...
compiling system_LPC17xx.c...
compiling uart.c...
compiling Serial.c...
compiling GLCD_Scroll.c...
GLCD_Scroll.c(117): warning:  #223-D: function "strlen" declared implicitly
compiling GLCD_SPI_LPC1700.c...
compiling animation.c...
sync.h(16): warning:  #1-D: last line of file ends without a newline
compiling peripherals.c...
sync.h(16): warning:  #1-D: last line of file ends without a newline
peripherals.c(93): warning:  #1-D: last line of file ends without a newline
compiling tasks.c...
sync.h(16): warning:  #1-D: last line of file ends without a newline
tasks.c(32): warning:  #167-D: argument of type "volatile int *" is incompatible with parameter of type "void *"
tasks.c(85): warning:  #223-D: function "ADC_convert" declared implicitly
compiling util.c...
linking...
Program Size: Code=8404 RO-data=6548 RW-data=160 ZI-data=32160  
"project_4.axf" - 0 Error(s), 7 Warning(s).
Load "N:\\Fall 2014\\MTE241\\Lab 4 New\\MTE-241-master\\Lab4\\project_4.AXF" 
Erase Done.
Programming Done.
Verify OK.
Rebuild target 'Target 1'
assembling startup_LPC17xx.s...
compiling Retarget.c...
compiling RTX_Conf_CM.c...
compiling system_LPC17xx.c...
compiling uart.c...
compiling Serial.c...
compiling GLCD_Scroll.c...
GLCD_Scroll.c(117): warning:  #223-D: function "strlen" declared implicitly
compiling GLCD_SPI_LPC1700.c...
compiling animation.c...
sync.h(16): warning:  #1-D: last line of file ends without a newline
compiling peripherals.c...
sync.h(16): warning:  #1-D: last line of file ends without a newline
peripherals.c(93): warning:  #1-D: last line of file ends without a newline
compiling tasks.c...
sync.h(16): warning:  #1-D: last line of file ends without a newline
tasks.c(32): warning:  #167-D: argument of type "volatile int *" is incompatible with parameter of type "void *"
tasks.c(85): warning:  #223-D: function "ADC_convert" declared implicitly
compiling util.c...
linking...
Program Size: Code=8496 RO-data=6548 RW-data=168 ZI-data=32160  
"project_4.axf" - 0 Error(s), 7 Warning(s).
Load "N:\\Fall 2014\\MTE241\\Lab 4 New\\MTE-241-master\\Lab4\\project_4.AXF" 
Erase Done.
Programming Done.
Verify OK.
Rebuild target 'Target 1'
assembling startup_LPC17xx.s...
compiling Retarget.c...
compiling RTX_Conf_CM.c...
compiling system_LPC17xx.c...
compiling uart.c...
compiling Serial.c...
compiling GLCD_Scroll.c...
GLCD_Scroll.c(117): warning:  #223-D: function "strlen" declared implicitly
compiling GLCD_SPI_LPC1700.c...
compiling animation.c...
sync.h(16): warning:  #1-D: last line of file ends without a newline
compiling peripherals.c...
sync.h(16): warning:  #1-D: last line of file ends without a newline
peripherals.c(93): warning:  #1-D: last line of file ends without a newline
compiling tasks.c...
sync.h(16): warning:  #1-D: last line of file ends without a newline
tasks.c(32): warning:  #167-D: argument of type "volatile int *" is incompatible with parameter of type "void *"
tasks.c(86): warning:  #223-D: function "ADC_convert" declared implicitly
compiling util.c...
linking...
Program Size: Code=8504 RO-data=6548 RW-data=168 ZI-data=32160  
"project_4.axf" - 0 Error(s), 7 Warning(s).
Load "N:\\Fall 2014\\MTE241\\Lab 4 New\\MTE-241-master\\Lab4\\project_4.AXF" 
Erase Done.
Programming Done.
Verify OK.
Rebuild target 'Target 1'
assembling startup_LPC17xx.s...
compiling Retarget.c...
compiling RTX_Conf_CM.c...
compiling system_LPC17xx.c...
compiling uart.c...
compiling Serial.c...
compiling GLCD_Scroll.c...
GLCD_Scroll.c(117): warning:  #223-D: function "strlen" declared implicitly
compiling GLCD_SPI_LPC1700.c...
compiling animation.c...
sync.h(16): warning:  #1-D: last line of file ends without a newline
compiling peripherals.c...
sync.h(16): warning:  #1-D: last line of file ends without a newline
peripherals.c(93): warning:  #1-D: last line of file ends without a newline
compiling tasks.c...
sync.h(16): warning:  #1-D: last line of file ends without a newline
tasks.c(86): warning:  #223-D: function "ADC_convert" declared implicitly
compiling util.c...
linking...
Program Size: Code=8520 RO-data=6548 RW-data=168 ZI-data=32160  
"project_4.axf" - 0 Error(s), 6 Warning(s).
Load "N:\\Fall 2014\\MTE241\\Lab 4 New\\MTE-241-master\\Lab4\\project_4.AXF" 
Erase Done.
Programming Done.
Verify OK.
Rebuild target 'Target 1'
assembling startup_LPC17xx.s...
compiling Retarget.c...
compiling RTX_Conf_CM.c...
compiling system_LPC17xx.c...
compiling uart.c...
compiling Serial.c...
compiling GLCD_Scroll.c...
GLCD_Scroll.c(117): warning:  #223-D: function "strlen" declared implicitly
compiling GLCD_SPI_LPC1700.c...
compiling animation.c...
sync.h(16): warning:  #1-D: last line of file ends without a newline
compiling peripherals.c...
sync.h(16): warning:  #1-D: last line of file ends without a newline
peripherals.c(93): warning:  #1-D: last line of file ends without a newline
compiling tasks.c...
sync.h(16): warning:  #1-D: last line of file ends without a newline
tasks.c(86): warning:  #223-D: function "ADC_convert" declared implicitly
compiling util.c...
linking...
Program Size: Code=8512 RO-data=6548 RW-data=168 ZI-data=32160  
"project_4.axf" - 0 Error(s), 6 Warning(s).
Load "N:\\Fall 2014\\MTE241\\Lab 4 New\\MTE-241-master\\Lab4\\project_4.AXF" 
Erase Done.
Programming Done.
Verify OK.
Rebuild target 'Target 1'
assembling startup_LPC17xx.s...
compiling Retarget.c...
compiling RTX_Conf_CM.c...
compiling system_LPC17xx.c...
compiling uart.c...
compiling Serial.c...
compiling GLCD_Scroll.c...
GLCD_Scroll.c(117): warning:  #223-D: function "strlen" declared implicitly
compiling GLCD_SPI_LPC1700.c...
compiling animation.c...
sync.h(16): warning:  #1-D: last line of file ends without a newline
compiling peripherals.c...
sync.h(16): warning:  #1-D: last line of file ends without a newline
peripherals.c(93): warning:  #1-D: last line of file ends without a newline
compiling tasks.c...
sync.h(16): warning:  #1-D: last line of file ends without a newline
tasks.c(84): warning:  #223-D: function "ADC_convert" declared implicitly
compiling util.c...
linking...
Program Size: Code=8504 RO-data=6548 RW-data=168 ZI-data=32160  
"project_4.axf" - 0 Error(s), 6 Warning(s).
Load "N:\\Fall 2014\\MTE241\\Lab 4 New\\MTE-241-master\\Lab4\\project_4.AXF" 
Erase Done.
Programming Done.
Verify OK.
Rebuild target 'Target 1'
assembling startup_LPC17xx.s...
compiling Retarget.c...
compiling RTX_Conf_CM.c...
compiling system_LPC17xx.c...
compiling uart.c...
compiling Serial.c...
compiling GLCD_Scroll.c...
GLCD_Scroll.c(117): warning:  #223-D: function "strlen" declared implicitly
compiling GLCD_SPI_LPC1700.c...
compiling animation.c...
sync.h(16): warning:  #1-D: last line of file ends without a newline
compiling peripherals.c...
sync.h(16): warning:  #1-D: last line of file ends without a newline
peripherals.c(93): warning:  #1-D: last line of file ends without a newline
compiling tasks.c...
sync.h(16): warning:  #1-D: last line of file ends without a newline
tasks.c(84): warning:  #223-D: function "ADC_convert" declared implicitly
compiling util.c...
linking...
Program Size: Code=8504 RO-data=6548 RW-data=168 ZI-data=32160  
"project_4.axf" - 0 Error(s), 6 Warning(s).
Rebuild target 'Target 1'
assembling startup_LPC17xx.s...
compiling Retarget.c...
compiling RTX_Conf_CM.c...
compiling system_LPC17xx.c...
compiling uart.c...
compiling Serial.c...
compiling GLCD_Scroll.c...
GLCD_Scroll.c(117): warning:  #223-D: function "strlen" declared implicitly
compiling GLCD_SPI_LPC1700.c...
compiling animation.c...
sync.h(16): warning:  #1-D: last line of file ends without a newline
compiling peripherals.c...
sync.h(16): warning:  #1-D: last line of file ends without a newline
peripherals.c(93): warning:  #1-D: last line of file ends without a newline
compiling tasks.c...
sync.h(16): warning:  #1-D: last line of file ends without a newline
tasks.c(84): warning:  #223-D: function "ADC_convert" declared implicitly
compiling util.c...
linking...
Program Size: Code=8504 RO-data=6548 RW-data=168 ZI-data=32160  
"project_4.axf" - 0 Error(s), 6 Warning(s).
Load "N:\\Fall 2014\\MTE241\\Lab 4 New\\MTE-241-master\\Lab4\\project_4.AXF" 
Erase Done.
Programming Done.
Verify OK.
Rebuild target 'Target 1'
assembling startup_LPC17xx.s...
compiling Retarget.c...
compiling RTX_Conf_CM.c...
compiling system_LPC17xx.c...
compiling uart.c...
compiling Serial.c...
compiling GLCD_Scroll.c...
GLCD_Scroll.c(117): warning:  #223-D: function "strlen" declared implicitly
compiling GLCD_SPI_LPC1700.c...
compiling animation.c...
sync.h(16): warning:  #1-D: last line of file ends without a newline
compiling peripherals.c...
sync.h(16): warning:  #1-D: last line of file ends without a newline
peripherals.c(93): warning:  #1-D: last line of file ends without a newline
compiling tasks.c...
sync.h(16): warning:  #1-D: last line of file ends without a newline
tasks.c(84): warning:  #223-D: function "ADC_convert" declared implicitly
compiling util.c...
linking...
Program Size: Code=8504 RO-data=6548 RW-data=168 ZI-data=32160  
"project_4.axf" - 0 Error(s), 6 Warning(s).
Load "N:\\Fall 2014\\MTE241\\Lab 4 New\\MTE-241-master\\Lab4\\project_4.AXF" 
Erase Done.
Programming Done.
Verify OK.
Load "N:\\Fall 2014\\MTE241\\Lab 4 New\\MTE-241-master\\Lab4\\project_4.AXF" 
Erase Done.
Programming Done.
Verify OK.
Rebuild target 'Target 1'
assembling startup_LPC17xx.s...
compiling Retarget.c...
compiling RTX_Conf_CM.c...
compiling system_LPC17xx.c...
compiling uart.c...
compiling Serial.c...
compiling GLCD_Scroll.c...
GLCD_Scroll.c(117): warning:  #223-D: function "strlen" declared implicitly
compiling GLCD_SPI_LPC1700.c...
compiling animation.c...
sync.h(16): warning:  #1-D: last line of file ends without a newline
compiling peripherals.c...
sync.h(16): warning:  #1-D: last line of file ends without a newline
peripherals.c(93): warning:  #1-D: last line of file ends without a newline
compiling tasks.c...
sync.h(16): warning:  #1-D: last line of file ends without a newline
tasks.c(90): warning:  #223-D: function "ADC_convert" declared implicitly
compiling util.c...
linking...
Program Size: Code=8856 RO-data=6548 RW-data=168 ZI-data=32168  
"project_4.axf" - 0 Error(s), 6 Warning(s).
Load "N:\\Fall 2014\\MTE241\\Lab 4 New\\MTE-241-master\\Lab4\\project_4.AXF" 
Erase Done.
Programming Done.
Verify OK.
Rebuild target 'Target 1'
assembling startup_LPC17xx.s...
compiling Retarget.c...
compiling RTX_Conf_CM.c...
compiling system_LPC17xx.c...
compiling uart.c...
compiling Serial.c...
compiling GLCD_Scroll.c...
GLCD_Scroll.c(117): warning:  #223-D: function "strlen" declared implicitly
compiling GLCD_SPI_LPC1700.c...
compiling animation.c...
sync.h(16): warning:  #1-D: last line of file ends without a newline
compiling peripherals.c...
sync.h(16): warning:  #1-D: last line of file ends without a newline
peripherals.c(93): warning:  #1-D: last line of file ends without a newline
compiling tasks.c...
sync.h(16): warning:  #1-D: last line of file ends without a newline
tasks.c(92): warning:  #223-D: function "ADC_convert" declared implicitly
compiling util.c...
linking...
Program Size: Code=8836 RO-data=6548 RW-data=168 ZI-data=32168  
"project_4.axf" - 0 Error(s), 6 Warning(s).
Load "N:\\Fall 2014\\MTE241\\Lab 4 New\\MTE-241-master\\Lab4\\project_4.AXF" 
Erase Done.
Programming Done.
Verify OK.
Rebuild target 'Target 1'
assembling startup_LPC17xx.s...
compiling Retarget.c...
compiling RTX_Conf_CM.c...
compiling system_LPC17xx.c...
compiling uart.c...
compiling Serial.c...
compiling GLCD_Scroll.c...
GLCD_Scroll.c(117): warning:  #223-D: function "strlen" declared implicitly
compiling GLCD_SPI_LPC1700.c...
compiling animation.c...
sync.h(16): warning:  #1-D: last line of file ends without a newline
compiling peripherals.c...
sync.h(16): warning:  #1-D: last line of file ends without a newline
peripherals.c(93): warning:  #1-D: last line of file ends without a newline
compiling tasks.c...
sync.h(16): warning:  #1-D: last line of file ends without a newline
tasks.c(92): warning:  #223-D: function "ADC_convert" declared implicitly
compiling util.c...
linking...
Program Size: Code=8844 RO-data=6548 RW-data=168 ZI-data=32168  
"project_4.axf" - 0 Error(s), 6 Warning(s).
Load "N:\\Fall 2014\\MTE241\\Lab 4 New\\MTE-241-master\\Lab4\\project_4.AXF" 
Erase Done.
Programming Done.
Verify OK.
Rebuild target 'Target 1'
assembling startup_LPC17xx.s...
compiling Retarget.c...
compiling RTX_Conf_CM.c...
compiling system_LPC17xx.c...
compiling uart.c...
compiling Serial.c...
compiling GLCD_Scroll.c...
GLCD_Scroll.c(117): warning:  #223-D: function "strlen" declared implicitly
compiling GLCD_SPI_LPC1700.c...
compiling animation.c...
sync.h(16): warning:  #1-D: last line of file ends without a newline
compiling peripherals.c...
sync.h(16): warning:  #1-D: last line of file ends without a newline
peripherals.c(93): warning:  #1-D: last line of file ends without a newline
compiling tasks.c...
sync.h(16): warning:  #1-D: last line of file ends without a newline
tasks.c(92): warning:  #223-D: function "ADC_convert" declared implicitly
compiling util.c...
linking...
Program Size: Code=9640 RO-data=6548 RW-data=128 ZI-data=32128  
"project_4.axf" - 0 Error(s), 6 Warning(s).
Load "N:\\Fall 2014\\MTE241\\Lab 4 New\\MTE-241-master\\Lab4\\project_4.AXF" 
Erase Done.
Programming Done.
Verify OK.
Rebuild target 'Target 1'
assembling startup_LPC17xx.s...
compiling Retarget.c...
compiling RTX_Conf_CM.c...
compiling system_LPC17xx.c...
compiling uart.c...
compiling Serial.c...
compiling GLCD_Scroll.c...
GLCD_Scroll.c(117): warning:  #223-D: function "strlen" declared implicitly
compiling GLCD_SPI_LPC1700.c...
compiling animation.c...
sync.h(16): warning:  #1-D: last line of file ends without a newline
compiling peripherals.c...
sync.h(16): warning:  #1-D: last line of file ends without a newline
peripherals.c(93): warning:  #1-D: last line of file ends without a newline
compiling tasks.c...
sync.h(16): warning:  #1-D: last line of file ends without a newline
tasks.c(92): warning:  #223-D: function "ADC_convert" declared implicitly
compiling util.c...
linking...
Program Size: Code=9640 RO-data=6548 RW-data=128 ZI-data=32408  
"project_4.axf" - 0 Error(s), 6 Warning(s).
Load "N:\\Fall 2014\\MTE241\\Lab 4 New\\MTE-241-master\\Lab4\\project_4.AXF" 
Erase Done.
Programming Done.
Verify OK.
Rebuild target 'Target 1'
assembling startup_LPC17xx.s...
compiling Retarget.c...
compiling RTX_Conf_CM.c...
compiling system_LPC17xx.c...
compiling uart.c...
compiling Serial.c...
compiling GLCD_Scroll.c...
GLCD_Scroll.c(117): warning:  #223-D: function "strlen" declared implicitly
compiling GLCD_SPI_LPC1700.c...
compiling animation.c...
sync.h(16): warning:  #1-D: last line of file ends without a newline
compiling peripherals.c...
sync.h(16): warning:  #1-D: last line of file ends without a newline
peripherals.c(93): warning:  #1-D: last line of file ends without a newline
compiling tasks.c...
sync.h(16): warning:  #1-D: last line of file ends without a newline
tasks.c(92): warning:  #223-D: function "ADC_convert" declared implicitly
compiling util.c...
linking...
project_4.axf: Error: L6406E: No space in execution regions with .ANY selector matching rtx_conf_cm.o(.bss).
project_4.axf: Error: L6406E: No space in execution regions with .ANY selector matching rt_robin.o(.data).
project_4.axf: Error: L6406E: No space in execution regions with .ANY selector matching rt_timer.o(.data).
project_4.axf: Error: L6406E: No space in execution regions with .ANY selector matching glcd_spi_lpc1700.o(.data).
project_4.axf: Error: L6406E: No space in execution regions with .ANY selector matching retarget.o(.data).
project_4.axf: Error: L6406E: No space in execution regions with .ANY selector matching rtx_conf_cm.o(.data).
project_4.axf: Error: L6406E: No space in execution regions with .ANY selector matching system_lpc17xx.o(.data).
project_4.axf: Error: L6406E: No space in execution regions with .ANY selector matching animation.o(.data).
project_4.axf: Error: L6406E: No space in execution regions with .ANY selector matching animation.o(.data).
project_4.axf: Error: L6406E: No space in execution regions with .ANY selector matching rt_time.o(.data).
project_4.axf: Error: L6406E: No space in execution regions with .ANY selector matching rand.o(.data).
project_4.axf: Error: L6406E: No space in execution regions with .ANY selector matching mvars.o(.data).
project_4.axf: Error: L6406E: No space in execution regions with .ANY selector matching mvars.o(.data).
project_4.axf: Error: L6406E: No space in execution regions with .ANY selector matching animation.o(.data).
project_4.axf: Error: L6406E: No space in execution regions with .ANY selector matching retarget.o(.data).
project_4.axf: Error: L6406E: No space in execution regions with .ANY selector matching animation.o(.data).
project_4.axf: Error: L6406E: No space in execution regions with .ANY selector matching hal_cm3.o(.data).
project_4.axf: Error: L6407E: Sections of aggregate size 0x7d8 bytes could not fit into .ANY selector(s).
Target not created
Rebuild target 'Target 1'
assembling startup_LPC17xx.s...
compiling Retarget.c...
compiling RTX_Conf_CM.c...
compiling system_LPC17xx.c...
compiling uart.c...
compiling Serial.c...
compiling GLCD_Scroll.c...
GLCD_Scroll.c(117): warning:  #223-D: function "strlen" declared implicitly
compiling GLCD_SPI_LPC1700.c...
compiling animation.c...
sync.h(16): warning:  #1-D: last line of file ends without a newline
compiling peripherals.c...
sync.h(16): warning:  #1-D: last line of file ends without a newline
peripherals.c(93): warning:  #1-D: last line of file ends without a newline
compiling tasks.c...
sync.h(16): warning:  #1-D: last line of file ends without a newline
tasks.c(92): warning:  #223-D: function "ADC_convert" declared implicitly
compiling util.c...
linking...
project_4.axf: Error: L6406E: No space in execution regions with .ANY selector matching system_lpc17xx.o(.data).
project_4.axf: Error: L6406E: No space in execution regions with .ANY selector matching animation.o(.data).
project_4.axf: Error: L6406E: No space in execution regions with .ANY selector matching animation.o(.data).
project_4.axf: Error: L6406E: No space in execution regions with .ANY selector matching rt_time.o(.data).
project_4.axf: Error: L6406E: No space in execution regions with .ANY selector matching rand.o(.data).
project_4.axf: Error: L6406E: No space in execution regions with .ANY selector matching mvars.o(.data).
project_4.axf: Error: L6406E: No space in execution regions with .ANY selector matching mvars.o(.data).
project_4.axf: Error: L6406E: No space in execution regions with .ANY selector matching animation.o(.data).
project_4.axf: Error: L6406E: No space in execution regions with .ANY selector matching retarget.o(.data).
project_4.axf: Error: L6406E: No space in execution regions with .ANY selector matching animation.o(.data).
project_4.axf: Error: L6406E: No space in execution regions with .ANY selector matching hal_cm3.o(.data).
project_4.axf: Error: L6407E: Sections of aggregate size 0x2c bytes could not fit into .ANY selector(s).
Target not created
Rebuild target 'Target 1'
assembling startup_LPC17xx.s...
compiling Retarget.c...
compiling RTX_Conf_CM.c...
compiling system_LPC17xx.c...
compiling uart.c...
compiling Serial.c...
compiling GLCD_Scroll.c...
GLCD_Scroll.c(117): warning:  #223-D: function "strlen" declared implicitly
compiling GLCD_SPI_LPC1700.c...
compiling animation.c...
sync.h(16): warning:  #1-D: last line of file ends without a newline
compiling peripherals.c...
sync.h(16): warning:  #1-D: last line of file ends without a newline
peripherals.c(93): warning:  #1-D: last line of file ends without a newline
compiling tasks.c...
sync.h(16): warning:  #1-D: last line of file ends without a newline
tasks.c(92): warning:  #223-D: function "ADC_convert" declared implicitly
compiling util.c...
linking...
Program Size: Code=9640 RO-data=6548 RW-data=128 ZI-data=32552  
"project_4.axf" - 0 Error(s), 6 Warning(s).
Load "N:\\Fall 2014\\MTE241\\Lab 4 New\\MTE-241-master\\Lab4\\project_4.AXF" 
Erase Done.
Programming Done.
Verify OK.
Rebuild target 'Target 1'
assembling startup_LPC17xx.s...
compiling Retarget.c...
compiling RTX_Conf_CM.c...
compiling system_LPC17xx.c...
compiling uart.c...
compiling Serial.c...
compiling GLCD_Scroll.c...
GLCD_Scroll.c(117): warning:  #223-D: function "strlen" declared implicitly
compiling GLCD_SPI_LPC1700.c...
compiling animation.c...
sync.h(16): warning:  #1-D: last line of file ends without a newline
compiling peripherals.c...
sync.h(16): warning:  #1-D: last line of file ends without a newline
peripherals.c(93): warning:  #1-D: last line of file ends without a newline
compiling tasks.c...
sync.h(16): warning:  #1-D: last line of file ends without a newline
tasks.c(92): warning:  #223-D: function "ADC_convert" declared implicitly
compiling util.c...
linking...
Program Size: Code=9680 RO-data=6540 RW-data=128 ZI-data=32552  
"project_4.axf" - 0 Error(s), 6 Warning(s).
Load "N:\\Fall 2014\\MTE241\\Lab 4 New\\MTE-241-master\\Lab4\\project_4.AXF" 
Erase Done.
Programming Done.
Verify OK.
Rebuild target 'Target 1'
assembling startup_LPC17xx.s...
compiling Retarget.c...
compiling RTX_Conf_CM.c...
compiling system_LPC17xx.c...
compiling uart.c...
compiling Serial.c...
compiling GLCD_Scroll.c...
GLCD_Scroll.c(117): warning:  #223-D: function "strlen" declared implicitly
compiling GLCD_SPI_LPC1700.c...
compiling animation.c...
sync.h(16): warning:  #1-D: last line of file ends without a newline
compiling peripherals.c...
sync.h(16): warning:  #1-D: last line of file ends without a newline
peripherals.c(93): warning:  #1-D: last line of file ends without a newline
compiling tasks.c...
sync.h(16): warning:  #1-D: last line of file ends without a newline
tasks.c(92): warning:  #223-D: function "ADC_convert" declared implicitly
compiling util.c...
linking...
Program Size: Code=9640 RO-data=6548 RW-data=128 ZI-data=32552  
"project_4.axf" - 0 Error(s), 6 Warning(s).
Load "N:\\Fall 2014\\MTE241\\Lab 4 New\\MTE-241-master\\Lab4\\project_4.AXF" 
Erase Done.
Programming Done.
Verify OK.
Rebuild target 'Target 1'
assembling startup_LPC17xx.s...
compiling Retarget.c...
compiling RTX_Conf_CM.c...
compiling system_LPC17xx.c...
compiling uart.c...
compiling Serial.c...
compiling GLCD_Scroll.c...
GLCD_Scroll.c(117): warning:  #223-D: function "strlen" declared implicitly
compiling GLCD_SPI_LPC1700.c...
compiling animation.c...
sync.h(16): warning:  #1-D: last line of file ends without a newline
compiling peripherals.c...
sync.h(16): warning:  #1-D: last line of file ends without a newline
peripherals.c(93): warning:  #1-D: last line of file ends without a newline
compiling tasks.c...
sync.h(16): warning:  #1-D: last line of file ends without a newline
tasks.c(92): warning:  #223-D: function "ADC_convert" declared implicitly
compiling util.c...
linking...
Program Size: Code=9664 RO-data=6548 RW-data=128 ZI-data=32552  
"project_4.axf" - 0 Error(s), 6 Warning(s).
Load "N:\\Fall 2014\\MTE241\\Lab 4 New\\MTE-241-master\\Lab4\\project_4.AXF" 
Erase Done.
Programming Done.
Verify OK.
Rebuild target 'Target 1'
assembling startup_LPC17xx.s...
compiling Retarget.c...
compiling RTX_Conf_CM.c...
compiling system_LPC17xx.c...
compiling uart.c...
compiling Serial.c...
compiling GLCD_Scroll.c...
GLCD_Scroll.c(117): warning:  #223-D: function "strlen" declared implicitly
compiling GLCD_SPI_LPC1700.c...
compiling animation.c...
sync.h(16): warning:  #1-D: last line of file ends without a newline
compiling peripherals.c...
sync.h(16): warning:  #1-D: last line of file ends without a newline
peripherals.c(93): warning:  #1-D: last line of file ends without a newline
compiling tasks.c...
sync.h(16): warning:  #1-D: last line of file ends without a newline
tasks.c(92): warning:  #223-D: function "ADC_convert" declared implicitly
compiling util.c...
linking...
Program Size: Code=9656 RO-data=6548 RW-data=128 ZI-data=32552  
"project_4.axf" - 0 Error(s), 6 Warning(s).
Load "N:\\Fall 2014\\MTE241\\Lab 4 New\\MTE-241-master\\Lab4\\project_4.AXF" 
Cannot Write to RAM for Flash Algorithms !
Erase Failed!
Load "N:\\Fall 2014\\MTE241\\Lab 4 New\\MTE-241-master\\Lab4\\project_4.AXF" 
Erase Done.
Programming Done.
Verify OK.
Rebuild target 'Target 1'
assembling startup_LPC17xx.s...
compiling Retarget.c...
compiling RTX_Conf_CM.c...
compiling system_LPC17xx.c...
compiling uart.c...
compiling Serial.c...
compiling GLCD_Scroll.c...
GLCD_Scroll.c(117): warning:  #223-D: function "strlen" declared implicitly
compiling GLCD_SPI_LPC1700.c...
compiling animation.c...
sync.h(16): warning:  #1-D: last line of file ends without a newline
compiling peripherals.c...
sync.h(16): warning:  #1-D: last line of file ends without a newline
peripherals.c(93): warning:  #1-D: last line of file ends without a newline
compiling tasks.c...
sync.h(16): warning:  #1-D: last line of file ends without a newline
tasks.c(19): warning:  #223-D: function "os_get_time" declared implicitly
tasks.c(95): warning:  #223-D: function "ADC_convert" declared implicitly
compiling util.c...
linking...
project_4.axf: Error: L6218E: Undefined symbol os_get_time (referred from tasks.o).
Target not created
Rebuild target 'Target 1'
assembling startup_LPC17xx.s...
compiling Retarget.c...
compiling RTX_Conf_CM.c...
compiling system_LPC17xx.c...
compiling uart.c...
compiling Serial.c...
compiling GLCD_Scroll.c...
GLCD_Scroll.c(117): warning:  #223-D: function "strlen" declared implicitly
compiling GLCD_SPI_LPC1700.c...
compiling animation.c...
sync.h(16): warning:  #1-D: last line of file ends without a newline
compiling peripherals.c...
sync.h(16): warning:  #1-D: last line of file ends without a newline
peripherals.c(93): warning:  #1-D: last line of file ends without a newline
compiling tasks.c...
sync.h(16): warning:  #1-D: last line of file ends without a newline
tasks.c(95): warning:  #223-D: function "ADC_convert" declared implicitly
compiling util.c...
linking...
Program Size: Code=9708 RO-data=6548 RW-data=132 ZI-data=32548  
"project_4.axf" - 0 Error(s), 6 Warning(s).
Load "N:\\Fall 2014\\MTE241\\Lab 4 New\\MTE-241-master\\Lab4\\project_4.AXF" 
Erase Done.
Programming Done.
Verify OK.
Rebuild target 'Target 1'
assembling startup_LPC17xx.s...
compiling Retarget.c...
compiling RTX_Conf_CM.c...
compiling system_LPC17xx.c...
compiling uart.c...
compiling Serial.c...
compiling GLCD_Scroll.c...
GLCD_Scroll.c(117): warning:  #223-D: function "strlen" declared implicitly
compiling GLCD_SPI_LPC1700.c...
compiling animation.c...
sync.h(16): warning:  #1-D: last line of file ends without a newline
compiling peripherals.c...
sync.h(16): warning:  #1-D: last line of file ends without a newline
peripherals.c(93): warning:  #1-D: last line of file ends without a newline
compiling tasks.c...
sync.h(16): warning:  #1-D: last line of file ends without a newline
tasks.c(95): warning:  #223-D: function "ADC_convert" declared implicitly
compiling util.c...
linking...
Program Size: Code=10288 RO-data=6548 RW-data=132 ZI-data=32548  
"project_4.axf" - 0 Error(s), 6 Warning(s).
Rebuild target 'Target 1'
assembling startup_LPC17xx.s...
compiling Retarget.c...
compiling RTX_Conf_CM.c...
compiling system_LPC17xx.c...
compiling uart.c...
compiling Serial.c...
compiling GLCD_Scroll.c...
GLCD_Scroll.c(117): warning:  #223-D: function "strlen" declared implicitly
compiling GLCD_SPI_LPC1700.c...
compiling animation.c...
sync.h(16): warning:  #1-D: last line of file ends without a newline
compiling peripherals.c...
sync.h(16): warning:  #1-D: last line of file ends without a newline
peripherals.c(93): warning:  #1-D: last line of file ends without a newline
compiling tasks.c...
sync.h(16): warning:  #1-D: last line of file ends without a newline
tasks.c(95): warning:  #223-D: function "ADC_convert" declared implicitly
compiling util.c...
util.c(29): warning:  #177-D: variable "w2" was declared but never referenced
linking...
Program Size: Code=9892 RO-data=6548 RW-data=132 ZI-data=32548  
"project_4.axf" - 0 Error(s), 7 Warning(s).
Load "N:\\Fall 2014\\MTE241\\Lab 4 New\\MTE-241-master\\Lab4\\project_4.AXF" 
Erase Done.
Programming Done.
Verify OK.
Rebuild target 'Target 1'
assembling startup_LPC17xx.s...
compiling Retarget.c...
compiling RTX_Conf_CM.c...
compiling system_LPC17xx.c...
compiling uart.c...
compiling Serial.c...
compiling GLCD_Scroll.c...
GLCD_Scroll.c(117): warning:  #223-D: function "strlen" declared implicitly
compiling GLCD_SPI_LPC1700.c...
compiling animation.c...
sync.h(16): warning:  #1-D: last line of file ends without a newline
compiling peripherals.c...
sync.h(16): warning:  #1-D: last line of file ends without a newline
peripherals.c(93): warning:  #1-D: last line of file ends without a newline
compiling tasks.c...
sync.h(16): warning:  #1-D: last line of file ends without a newline
tasks.c(95): warning:  #223-D: function "ADC_convert" declared implicitly
compiling util.c...
util.c(29): warning:  #177-D: variable "w2" was declared but never referenced
linking...
Program Size: Code=9876 RO-data=6548 RW-data=132 ZI-data=32548  
"project_4.axf" - 0 Error(s), 7 Warning(s).
Load "N:\\Fall 2014\\MTE241\\Lab 4 New\\MTE-241-master\\Lab4\\project_4.AXF" 
Erase Done.
Programming Done.
Verify OK.
Rebuild target 'Target 1'
assembling startup_LPC17xx.s...
compiling Retarget.c...
compiling RTX_Conf_CM.c...
compiling system_LPC17xx.c...
compiling uart.c...
compiling Serial.c...
compiling GLCD_Scroll.c...
GLCD_Scroll.c(117): warning:  #223-D: function "strlen" declared implicitly
compiling GLCD_SPI_LPC1700.c...
compiling animation.c...
sync.h(16): warning:  #1-D: last line of file ends without a newline
compiling peripherals.c...
sync.h(16): warning:  #1-D: last line of file ends without a newline
peripherals.c(93): warning:  #1-D: last line of file ends without a newline
compiling tasks.c...
sync.h(16): warning:  #1-D: last line of file ends without a newline
tasks.c(95): warning:  #223-D: function "ADC_convert" declared implicitly
compiling util.c...
util.c(29): warning:  #177-D: variable "w2" was declared but never referenced
linking...
Program Size: Code=9876 RO-data=6548 RW-data=132 ZI-data=32548  
"project_4.axf" - 0 Error(s), 7 Warning(s).
Rebuild target 'Target 1'
assembling startup_LPC17xx.s...
compiling Retarget.c...
compiling RTX_Conf_CM.c...
compiling system_LPC17xx.c...
compiling uart.c...
compiling Serial.c...
compiling GLCD_Scroll.c...
GLCD_Scroll.c(117): warning:  #223-D: function "strlen" declared implicitly
compiling GLCD_SPI_LPC1700.c...
compiling animation.c...
sync.h(16): warning:  #1-D: last line of file ends without a newline
compiling peripherals.c...
sync.h(16): warning:  #1-D: last line of file ends without a newline
peripherals.c(93): warning:  #1-D: last line of file ends without a newline
compiling tasks.c...
sync.h(16): warning:  #1-D: last line of file ends without a newline
tasks.c(95): warning:  #223-D: function "ADC_convert" declared implicitly
compiling util.c...
util.c(29): warning:  #177-D: variable "w2" was declared but never referenced
linking...
Program Size: Code=9876 RO-data=6548 RW-data=132 ZI-data=32548  
"project_4.axf" - 0 Error(s), 7 Warning(s).
Load "N:\\Fall 2014\\MTE241\\Lab 4 New\\MTE-241-master\\Lab4\\project_4.AXF" 
Erase Done.
Programming Done.
Verify OK.
Rebuild target 'Target 1'
assembling startup_LPC17xx.s...
compiling Retarget.c...
compiling RTX_Conf_CM.c...
compiling system_LPC17xx.c...
compiling uart.c...
compiling Serial.c...
compiling GLCD_Scroll.c...
GLCD_Scroll.c(117): warning:  #223-D: function "strlen" declared implicitly
compiling GLCD_SPI_LPC1700.c...
compiling animation.c...
sync.h(16): warning:  #1-D: last line of file ends without a newline
compiling peripherals.c...
sync.h(16): warning:  #1-D: last line of file ends without a newline
peripherals.c(93): warning:  #1-D: last line of file ends without a newline
compiling tasks.c...
sync.h(16): warning:  #1-D: last line of file ends without a newline
tasks.c(95): warning:  #223-D: function "ADC_convert" declared implicitly
compiling util.c...
util.c(29): warning:  #177-D: variable "w2" was declared but never referenced
linking...
Program Size: Code=9876 RO-data=6548 RW-data=132 ZI-data=32548  
"project_4.axf" - 0 Error(s), 7 Warning(s).
Load "N:\\Fall 2014\\MTE241\\Lab 4 New\\MTE-241-master\\Lab4\\project_4.AXF" 
Erase Done.
Programming Done.
Verify OK.
Rebuild target 'Target 1'
assembling startup_LPC17xx.s...
compiling Retarget.c...
compiling RTX_Conf_CM.c...
compiling system_LPC17xx.c...
compiling uart.c...
compiling Serial.c...
compiling GLCD_Scroll.c...
GLCD_Scroll.c(117): warning:  #223-D: function "strlen" declared implicitly
compiling GLCD_SPI_LPC1700.c...
compiling animation.c...
sync.h(16): warning:  #1-D: last line of file ends without a newline
compiling peripherals.c...
sync.h(16): warning:  #1-D: last line of file ends without a newline
peripherals.c(93): warning:  #1-D: last line of file ends without a newline
compiling tasks.c...
sync.h(16): warning:  #1-D: last line of file ends without a newline
tasks.c(95): warning:  #223-D: function "ADC_convert" declared implicitly
compiling util.c...
util.c(29): warning:  #177-D: variable "w2" was declared but never referenced
linking...
Program Size: Code=9908 RO-data=6548 RW-data=132 ZI-data=32548  
"project_4.axf" - 0 Error(s), 7 Warning(s).
Load "N:\\Fall 2014\\MTE241\\Lab 4 New\\MTE-241-master\\Lab4\\project_4.AXF" 
Erase Done.
Programming Done.
Verify OK.
Rebuild target 'Target 1'
assembling startup_LPC17xx.s...
compiling Retarget.c...
compiling RTX_Conf_CM.c...
compiling system_LPC17xx.c...
compiling uart.c...
compiling Serial.c...
compiling GLCD_Scroll.c...
GLCD_Scroll.c(117): warning:  #223-D: function "strlen" declared implicitly
compiling GLCD_SPI_LPC1700.c...
compiling animation.c...
sync.h(16): warning:  #1-D: last line of file ends without a newline
compiling peripherals.c...
sync.h(16): warning:  #1-D: last line of file ends without a newline
peripherals.c(93): warning:  #1-D: last line of file ends without a newline
compiling tasks.c...
sync.h(16): warning:  #1-D: last line of file ends without a newline
tasks.c(95): warning:  #223-D: function "ADC_convert" declared implicitly
compiling util.c...
util.c(29): warning:  #177-D: variable "w2" was declared but never referenced
linking...
Program Size: Code=9900 RO-data=6552 RW-data=132 ZI-data=32548  
"project_4.axf" - 0 Error(s), 7 Warning(s).
Load "N:\\Fall 2014\\MTE241\\Lab 4 New\\MTE-241-master\\Lab4\\project_4.AXF" 
Erase Done.
Programming Done.
Verify OK.
Rebuild target 'Target 1'
assembling startup_LPC17xx.s...
compiling Retarget.c...
compiling RTX_Conf_CM.c...
compiling system_LPC17xx.c...
compiling uart.c...
compiling Serial.c...
compiling GLCD_Scroll.c...
GLCD_Scroll.c(117): warning:  #223-D: function "strlen" declared implicitly
compiling GLCD_SPI_LPC1700.c...
compiling animation.c...
sync.h(16): warning:  #1-D: last line of file ends without a newline
compiling peripherals.c...
sync.h(16): warning:  #1-D: last line of file ends without a newline
peripherals.c(93): warning:  #1-D: last line of file ends without a newline
compiling tasks.c...
sync.h(16): warning:  #1-D: last line of file ends without a newline
tasks.c(87): error:  #165: too few arguments in function call
tasks.c(96): warning:  #223-D: function "ADC_convert" declared implicitly
compiling util.c...
util.c(29): warning:  #177-D: variable "w2" was declared but never referenced
Target not created
Rebuild target 'Target 1'
assembling startup_LPC17xx.s...
compiling Retarget.c...
compiling RTX_Conf_CM.c...
compiling system_LPC17xx.c...
compiling uart.c...
compiling Serial.c...
compiling GLCD_Scroll.c...
GLCD_Scroll.c(117): warning:  #223-D: function "strlen" declared implicitly
compiling GLCD_SPI_LPC1700.c...
compiling animation.c...
sync.h(16): warning:  #1-D: last line of file ends without a newline
compiling peripherals.c...
sync.h(16): warning:  #1-D: last line of file ends without a newline
peripherals.c(93): warning:  #1-D: last line of file ends without a newline
compiling tasks.c...
sync.h(16): warning:  #1-D: last line of file ends without a newline
tasks.c(87): warning:  #223-D: function "ADC_value" declared implicitly
tasks.c(96): warning:  #223-D: function "ADC_convert" declared implicitly
compiling util.c...
util.c(29): warning:  #177-D: variable "w2" was declared but never referenced
linking...
Program Size: Code=9920 RO-data=6552 RW-data=132 ZI-data=32548  
"project_4.axf" - 0 Error(s), 8 Warning(s).
Load "N:\\Fall 2014\\MTE241\\Lab 4 New\\MTE-241-master\\Lab4\\project_4.AXF" 
Erase Done.
Programming Done.
Verify OK.
Rebuild target 'Target 1'
assembling startup_LPC17xx.s...
compiling Retarget.c...
compiling RTX_Conf_CM.c...
compiling system_LPC17xx.c...
compiling uart.c...
compiling Serial.c...
compiling GLCD_Scroll.c...
GLCD_Scroll.c(117): warning:  #223-D: function "strlen" declared implicitly
compiling GLCD_SPI_LPC1700.c...
compiling animation.c...
sync.h(16): warning:  #1-D: last line of file ends without a newline
compiling peripherals.c...
sync.h(16): warning:  #1-D: last line of file ends without a newline
peripherals.c(93): warning:  #1-D: last line of file ends without a newline
compiling tasks.c...
sync.h(16): warning:  #1-D: last line of file ends without a newline
tasks.c(87): warning:  #223-D: function "ADC_value" declared implicitly
tasks.c(96): warning:  #223-D: function "ADC_convert" declared implicitly
compiling util.c...
util.c(29): warning:  #177-D: variable "w2" was declared but never referenced
linking...
Program Size: Code=9916 RO-data=6552 RW-data=132 ZI-data=32548  
"project_4.axf" - 0 Error(s), 8 Warning(s).
Load "N:\\Fall 2014\\MTE241\\Lab 4 New\\MTE-241-master\\Lab4\\project_4.AXF" 
Erase Done.
Programming Done.
Verify OK.
Rebuild target 'Target 1'
assembling startup_LPC17xx.s...
compiling Retarget.c...
compiling RTX_Conf_CM.c...
compiling system_LPC17xx.c...
compiling uart.c...
compiling Serial.c...
compiling GLCD_Scroll.c...
GLCD_Scroll.c(117): warning:  #223-D: function "strlen" declared implicitly
compiling GLCD_SPI_LPC1700.c...
compiling animation.c...
sync.h(16): warning:  #1-D: last line of file ends without a newline
compiling peripherals.c...
sync.h(16): warning:  #1-D: last line of file ends without a newline
peripherals.c(93): warning:  #1-D: last line of file ends without a newline
compiling tasks.c...
sync.h(16): warning:  #1-D: last line of file ends without a newline
tasks.c(87): warning:  #223-D: function "ADC_value" declared implicitly
tasks.c(96): warning:  #223-D: function "ADC_convert" declared implicitly
compiling util.c...
util.c(29): warning:  #177-D: variable "w2" was declared but never referenced
linking...
Program Size: Code=9916 RO-data=6552 RW-data=132 ZI-data=32548  
"project_4.axf" - 0 Error(s), 8 Warning(s).
Load "N:\\Fall 2014\\MTE241\\Lab 4 New\\MTE-241-master\\Lab4\\project_4.AXF" 
Erase Done.
Programming Done.
Verify OK.
Rebuild target 'Target 1'
assembling startup_LPC17xx.s...
compiling Retarget.c...
compiling RTX_Conf_CM.c...
compiling system_LPC17xx.c...
compiling uart.c...
compiling Serial.c...
compiling GLCD_Scroll.c...
GLCD_Scroll.c(117): warning:  #223-D: function "strlen" declared implicitly
compiling GLCD_SPI_LPC1700.c...
compiling animation.c...
sync.h(16): warning:  #1-D: last line of file ends without a newline
compiling peripherals.c...
sync.h(16): warning:  #1-D: last line of file ends without a newline
peripherals.c(93): warning:  #1-D: last line of file ends without a newline
compiling tasks.c...
sync.h(16): warning:  #1-D: last line of file ends without a newline
tasks.c(87): warning:  #223-D: function "ADC_value" declared implicitly
tasks.c(96): warning:  #223-D: function "ADC_convert" declared implicitly
compiling util.c...
util.c(29): warning:  #177-D: variable "w2" was declared but never referenced
linking...
Program Size: Code=9826 RO-data=6546 RW-data=124 ZI-data=32548  
"project_4.axf" - 0 Error(s), 8 Warning(s).
Load "N:\\Fall 2014\\MTE241\\Lab 4 New\\MTE-241-master\\Lab4\\project_4.AXF" 
Erase Done.
Programming Done.
Verify OK.
Rebuild target 'Target 1'
assembling startup_LPC17xx.s...
compiling Retarget.c...
compiling RTX_Conf_CM.c...
compiling system_LPC17xx.c...
compiling uart.c...
compiling Serial.c...
compiling GLCD_Scroll.c...
GLCD_Scroll.c(117): warning:  #223-D: function "strlen" declared implicitly
compiling GLCD_SPI_LPC1700.c...
compiling animation.c...
sync.h(16): warning:  #1-D: last line of file ends without a newline
compiling peripherals.c...
sync.h(16): warning:  #1-D: last line of file ends without a newline
peripherals.c(93): warning:  #1-D: last line of file ends without a newline
compiling tasks.c...
sync.h(16): warning:  #1-D: last line of file ends without a newline
tasks.c(87): warning:  #223-D: function "ADC_value" declared implicitly
tasks.c(96): warning:  #223-D: function "ADC_convert" declared implicitly
compiling util.c...
util.c(29): warning:  #177-D: variable "w2" was declared but never referenced
linking...
Program Size: Code=9916 RO-data=6552 RW-data=132 ZI-data=32548  
"project_4.axf" - 0 Error(s), 8 Warning(s).
Load "N:\\Fall 2014\\MTE241\\Lab 4 New\\MTE-241-master\\Lab4\\project_4.AXF" 
Erase Done.
Programming Done.
Verify OK.
Rebuild target 'Target 1'
assembling startup_LPC17xx.s...
compiling Retarget.c...
compiling RTX_Conf_CM.c...
compiling system_LPC17xx.c...
compiling uart.c...
compiling Serial.c...
compiling GLCD_Scroll.c...
GLCD_Scroll.c(117): warning:  #223-D: function "strlen" declared implicitly
compiling GLCD_SPI_LPC1700.c...
compiling animation.c...
sync.h(16): warning:  #1-D: last line of file ends without a newline
compiling peripherals.c...
sync.h(16): warning:  #1-D: last line of file ends without a newline
peripherals.c(93): warning:  #1-D: last line of file ends without a newline
compiling tasks.c...
sync.h(16): warning:  #1-D: last line of file ends without a newline
tasks.c(87): warning:  #223-D: function "ADC_value" declared implicitly
tasks.c(96): warning:  #223-D: function "ADC_convert" declared implicitly
compiling util.c...
util.c(29): warning:  #177-D: variable "w2" was declared but never referenced
linking...
Program Size: Code=9884 RO-data=6552 RW-data=132 ZI-data=32548  
"project_4.axf" - 0 Error(s), 8 Warning(s).
Load "N:\\Fall 2014\\MTE241\\Lab 4 New\\MTE-241-master\\Lab4\\project_4.AXF" 
Erase Done.
Programming Done.
Verify OK.
