<html>
<body>
<pre>
<h1>µVision Build Log</h1>
<h2>Project:</h2>
N:\Fall 2014\MTE241\Lab4\project_3.uvproj
Project File Date:  11/12/2014

<h2>Output:</h2>
Rebuild target 'Target 1'
assembling startup_LPC17xx.s...
compiling main.c...
main.c(13): warning:  #223-D: function "srand" declared implicitly
main.c(15): error:  #20: identifier "base_task" is undefined
main.c(20): warning:  #1-D: last line of file ends without a newline
compiling Retarget.c...
compiling RTX_Conf_CM.c...
compiling system_LPC17xx.c...
compiling uart.c...
compiling Serial.c...
Target not created
Rebuild target 'Target 1'
assembling startup_LPC17xx.s...
compiling main.c...
main.c(13): warning:  #223-D: function "srand" declared implicitly
main.c(18): warning:  #1-D: last line of file ends without a newline
compiling Retarget.c...
compiling RTX_Conf_CM.c...
compiling system_LPC17xx.c...
compiling uart.c...
compiling Serial.c...
linking...
Program Size: Code=2296 RO-data=276 RW-data=52 ZI-data=2180  
"project_4.axf" - 0 Error(s), 2 Warning(s).
Load "N:\\Fall 2014\\MTE241\\Lab4\\project_4.AXF" 
Erase Done.
Programming Done.
Verify OK.
