ARM Linker, 5.02 [Build 28] [MDK-ARM Lite]

==============================================================================

Section Cross References

    startup_lpc17xx.o(RESET) refers to startup_lpc17xx.o(STACK) for __initial_sp
    startup_lpc17xx.o(RESET) refers to startup_lpc17xx.o(.text) for Reset_Handler
    startup_lpc17xx.o(RESET) refers to hal_cm3.o(.emb_text) for SVC_Handler
    startup_lpc17xx.o(RESET) refers to uart.o(.text) for UART0_IRQHandler
    startup_lpc17xx.o(RESET) refers to main.o(.text) for EINT3_IRQHandler
    startup_lpc17xx.o(.text) refers to system_lpc17xx.o(.text) for SystemInit
    startup_lpc17xx.o(.text) refers to entry.o(.ARM.Collect$$$$00000000) for __main
    main.o(.text) refers to glcd_spi_lpc1700.o(.text) for GLCD_Clear
    main.o(.text) refers to util.o(.text) for draw_rectangle
    main.o(.text) refers to malloc.o(i.malloc) for malloc
    main.o(.text) refers to system_lpc17xx.o(.text) for SystemInit
    main.o(.text) refers to rand.o(.text) for srand
    main.o(.text) refers to hal_cm3.o(.emb_text) for os_set_env
    main.o(.text) refers to rt_task.o(i.rt_tsk_create) for rt_tsk_create
    main.o(.text) refers to rt_task.o(i.rt_tsk_prio) for rt_tsk_prio
    main.o(.text) refers to rt_task.o(i.rt_sys_init) for rt_sys_init
    retarget.o(.text) refers to uart.o(.text) for UARTInit
    retarget.o(.text) refers to retarget.o(.data) for uart_init_called
    system_lpc17xx.o(.text) refers to uldiv.o(.text) for __aeabi_uldivmod
    system_lpc17xx.o(.text) refers to system_lpc17xx.o(.data) for SystemCoreClock
    uart.o(.text) refers to uart.o(.data) for RcvLock0
    uart.o(.text) refers to uart.o(.bss) for UART0Buffer
    uart.o(.text) refers to system_lpc17xx.o(.data) for SystemCoreClock
    glcd_scroll.o(.text) refers to glcd_spi_lpc1700.o(.text) for GLCD_Init
    glcd_scroll.o(.text) refers to glcd_scroll.o(i.last_line) for last_line
    glcd_scroll.o(.text) refers to strlen.o(.text) for strlen
    glcd_scroll.o(.text) refers to glcd_scroll.o(i.last_window_line) for last_window_line
    glcd_scroll.o(.text) refers to glcd_scroll.o(.data) for cache_start
    glcd_scroll.o(.text) refers to glcd_scroll.o(.bss) for chache
    glcd_spi_lpc1700.o(.text) refers to glcd_spi_lpc1700.o(.data) for driverCode
    glcd_spi_lpc1700.o(.text) refers to glcd_spi_lpc1700.o(.constdata) for Font_6x8_h
    util.o(.text) refers to malloc.o(i.malloc) for malloc
    util.o(.text) refers to glcd_spi_lpc1700.o(.text) for GLCD_Bitmap
    rt_task.o(i.rt_block) refers to rt_list.o(i.rt_put_dly) for rt_put_dly
    rt_task.o(i.rt_block) refers to rt_list.o(i.rt_get_first) for rt_get_first
    rt_task.o(i.rt_block) refers to rt_task.o(i.rt_switch_req) for rt_switch_req
    rt_task.o(i.rt_block) refers to rt_task.o(.data) for .data
    rt_task.o(i.rt_block) refers to rt_list.o(.bss) for os_rdy
    rt_task.o(i.rt_dispatch) refers to rt_list.o(i.rt_put_rdy_first) for rt_put_rdy_first
    rt_task.o(i.rt_dispatch) refers to rt_task.o(i.rt_switch_req) for rt_switch_req
    rt_task.o(i.rt_dispatch) refers to rt_list.o(i.rt_get_first) for rt_get_first
    rt_task.o(i.rt_dispatch) refers to rt_list.o(i.rt_put_prio) for rt_put_prio
    rt_task.o(i.rt_dispatch) refers to rt_task.o(.data) for .data
    rt_task.o(i.rt_dispatch) refers to rt_list.o(.bss) for os_rdy
    rt_task.o(i.rt_init_context) refers to rt_membox.o(i.rt_alloc_box) for rt_alloc_box
    rt_task.o(i.rt_init_context) refers to hal_cm3.o(i.rt_init_stack) for rt_init_stack
    rt_task.o(i.rt_init_context) refers to rtx_conf_cm.o(.bss) for mp_stk
    rt_task.o(i.rt_switch_req) refers to hal_cm3.o(i.dbg_task_switch) for dbg_task_switch
    rt_task.o(i.rt_switch_req) refers to rt_task.o(.data) for .data
    rt_task.o(i.rt_switch_req) refers to hal_cm3.o(.data) for dbg_msg
    rt_task.o(i.rt_sys_init) refers to hal_cm3.o(i.dbg_init) for dbg_init
    rt_task.o(i.rt_sys_init) refers to rt_membox.o(i._init_box) for _init_box
    rt_task.o(i.rt_sys_init) refers to rt_task.o(i.rt_init_context) for rt_init_context
    rt_task.o(i.rt_sys_init) refers to hal_cm3.o(.emb_text) for rt_set_PSP
    rt_task.o(i.rt_sys_init) refers to rtx_conf_cm.o(.text) for rt_init_robin
    rt_task.o(i.rt_sys_init) refers to rt_system.o(i.os_tick_init) for os_tick_init
    rt_task.o(i.rt_sys_init) refers to rt_task.o(i.rt_tsk_create) for rt_tsk_create
    rt_task.o(i.rt_sys_init) refers to rtx_conf_cm.o(.bss) for os_active_TCB
    rt_task.o(i.rt_sys_init) refers to rtx_conf_cm.o(.constdata) for os_maxtaskrun
    rt_task.o(i.rt_sys_init) refers to rtx_conf_cm.o(.data) for m_tmr
    rt_task.o(i.rt_sys_init) refers to rt_task.o(.bss) for .bss
    rt_task.o(i.rt_sys_init) refers to rt_list.o(.bss) for os_rdy
    rt_task.o(i.rt_sys_init) refers to rt_task.o(.data) for .data
    rt_task.o(i.rt_sys_init) refers to rt_system.o(.data) for os_tick_irqn
    rt_task.o(i.rt_tsk_create) refers to rt_membox.o(i.rt_alloc_box) for rt_alloc_box
    rt_task.o(i.rt_tsk_create) refers to rt_task.o(i.rt_init_context) for rt_init_context
    rt_task.o(i.rt_tsk_create) refers to hal_cm3.o(i.dbg_task_notify) for dbg_task_notify
    rt_task.o(i.rt_tsk_create) refers to rt_task.o(i.rt_dispatch) for rt_dispatch
    rt_task.o(i.rt_tsk_create) refers to rtx_conf_cm.o(.bss) for mp_tcb
    rt_task.o(i.rt_tsk_create) refers to rtx_conf_cm.o(.constdata) for os_maxtaskrun
    rt_task.o(i.rt_tsk_create) refers to hal_cm3.o(.data) for dbg_msg
    rt_task.o(i.rt_tsk_create) refers to rt_task.o(.data) for .data
    rt_task.o(i.rt_tsk_delete) refers to hal_cm3.o(.emb_text) for rt_get_PSP
    rt_task.o(i.rt_tsk_delete) refers to rt_system.o(i.rt_stk_check) for rt_stk_check
    rt_task.o(i.rt_tsk_delete) refers to rt_membox.o(i.rt_free_box) for rt_free_box
    rt_task.o(i.rt_tsk_delete) refers to hal_cm3.o(i.dbg_task_notify) for dbg_task_notify
    rt_task.o(i.rt_tsk_delete) refers to rt_task.o(i.rt_dispatch) for rt_dispatch
    rt_task.o(i.rt_tsk_delete) refers to rt_list.o(i.rt_rmv_list) for rt_rmv_list
    rt_task.o(i.rt_tsk_delete) refers to rt_list.o(i.rt_rmv_dly) for rt_rmv_dly
    rt_task.o(i.rt_tsk_delete) refers to hal_cm3.o(.data) for dbg_msg
    rt_task.o(i.rt_tsk_delete) refers to rt_task.o(.data) for .data
    rt_task.o(i.rt_tsk_delete) refers to rtx_conf_cm.o(.bss) for os_active_TCB
    rt_task.o(i.rt_tsk_delete) refers to rtx_conf_cm.o(.constdata) for os_maxtaskrun
    rt_task.o(i.rt_tsk_pass) refers to rt_list.o(i.rt_get_same_rdy_prio) for rt_get_same_rdy_prio
    rt_task.o(i.rt_tsk_pass) refers to rt_list.o(i.rt_put_prio) for rt_put_prio
    rt_task.o(i.rt_tsk_pass) refers to rt_task.o(i.rt_switch_req) for rt_switch_req
    rt_task.o(i.rt_tsk_pass) refers to rt_task.o(.data) for .data
    rt_task.o(i.rt_tsk_pass) refers to rt_list.o(.bss) for os_rdy
    rt_task.o(i.rt_tsk_prio) refers to rt_list.o(i.rt_put_prio) for rt_put_prio
    rt_task.o(i.rt_tsk_prio) refers to rt_list.o(i.rt_resort_prio) for rt_resort_prio
    rt_task.o(i.rt_tsk_prio) refers to rt_list.o(i.rt_get_first) for rt_get_first
    rt_task.o(i.rt_tsk_prio) refers to rt_task.o(i.rt_dispatch) for rt_dispatch
    rt_task.o(i.rt_tsk_prio) refers to rt_task.o(.data) for .data
    rt_task.o(i.rt_tsk_prio) refers to rtx_conf_cm.o(.constdata) for os_maxtaskrun
    rt_task.o(i.rt_tsk_prio) refers to rtx_conf_cm.o(.bss) for os_active_TCB
    rt_task.o(i.rt_tsk_prio) refers to rt_list.o(.bss) for os_rdy
    rt_task.o(i.rt_tsk_self) refers to rt_task.o(.data) for .data
    hal_cm3.o(.emb_text) refers to rtx_conf_cm.o(.constdata) for os_flags
    hal_cm3.o(.emb_text) refers to rt_membox.o(i.rt_alloc_box) for rt_alloc_box
    hal_cm3.o(.emb_text) refers to rt_membox.o(i.rt_free_box) for rt_free_box
    hal_cm3.o(.emb_text) refers to rt_system.o(i.rt_stk_check) for rt_stk_check
    hal_cm3.o(.emb_text) refers to rt_task.o(.data) for os_tsk
    hal_cm3.o(.emb_text) refers to SVC_Table.o(SVC_TABLE) for SVC_Count
    hal_cm3.o(.emb_text) refers to rt_system.o(i.rt_pop_req) for rt_pop_req
    hal_cm3.o(.emb_text) refers to rt_system.o(i.rt_systick) for rt_systick
    hal_cm3.o(.emb_text) refers to rt_system.o(i.os_tick_irqack) for os_tick_irqack
    hal_cm3.o(i.dbg_init) refers to hal_cm3.o(.data) for .data
    hal_cm3.o(i.rt_init_stack) refers to rtx_conf_cm.o(.constdata) for os_stackinfo
    rt_system.o(i.os_tick_init) refers to rtx_conf_cm.o(.constdata) for os_trv
    rt_system.o(i.rt_pop_req) refers to rt_list.o(i.rt_put_rdy_first) for rt_put_rdy_first
    rt_system.o(i.rt_pop_req) refers to rt_semaphore.o(i.rt_sem_psh) for rt_sem_psh
    rt_system.o(i.rt_pop_req) refers to rt_list.o(i.rt_get_first) for rt_get_first
    rt_system.o(i.rt_pop_req) refers to rt_task.o(i.rt_switch_req) for rt_switch_req
    rt_system.o(i.rt_pop_req) refers to rt_event.o(i.rt_evt_psh) for rt_evt_psh
    rt_system.o(i.rt_pop_req) refers to rt_mailbox.o(i.rt_mbx_psh) for rt_mbx_psh
    rt_system.o(i.rt_pop_req) refers to rt_task.o(.data) for os_tsk
    rt_system.o(i.rt_pop_req) refers to rtx_conf_cm.o(.bss) for os_fifo
    rt_system.o(i.rt_pop_req) refers to rt_list.o(.bss) for os_rdy
    rt_system.o(i.rt_psh_req) refers to rt_system.o(.data) for .data
    rt_system.o(i.rt_resume) refers to rt_list.o(i.rt_put_rdy_first) for rt_put_rdy_first
    rt_system.o(i.rt_resume) refers to rt_list.o(i.rt_dec_dly) for rt_dec_dly
    rt_system.o(i.rt_resume) refers to rt_timer.o(i.rt_tmr_tick) for rt_tmr_tick
    rt_system.o(i.rt_resume) refers to rt_list.o(i.rt_get_first) for rt_get_first
    rt_system.o(i.rt_resume) refers to rt_task.o(i.rt_switch_req) for rt_switch_req
    rt_system.o(i.rt_resume) refers to rt_system.o(i.rt_tsk_unlock) for rt_tsk_unlock
    rt_system.o(i.rt_resume) refers to rt_task.o(.data) for os_tsk
    rt_system.o(i.rt_resume) refers to rt_robin.o(.data) for os_robin
    rt_system.o(i.rt_resume) refers to rt_list.o(.bss) for os_dly
    rt_system.o(i.rt_resume) refers to rt_time.o(.data) for os_time
    rt_system.o(i.rt_resume) refers to rt_timer.o(.data) for os_tmr
    rt_system.o(i.rt_stk_check) refers to rtx_conf_cm.o(.text) for os_error
    rt_system.o(i.rt_stk_check) refers to rt_task.o(.data) for os_tsk
    rt_system.o(i.rt_suspend) refers to rt_system.o(i.rt_tsk_lock) for rt_tsk_lock
    rt_system.o(i.rt_suspend) refers to rt_list.o(.bss) for os_dly
    rt_system.o(i.rt_suspend) refers to rt_timer.o(.data) for os_tmr
    rt_system.o(i.rt_systick) refers to rt_list.o(i.rt_put_rdy_first) for rt_put_rdy_first
    rt_system.o(i.rt_systick) refers to rtx_conf_cm.o(.text) for rt_chk_robin
    rt_system.o(i.rt_systick) refers to rt_list.o(i.rt_dec_dly) for rt_dec_dly
    rt_system.o(i.rt_systick) refers to rt_timer.o(i.rt_tmr_tick) for rt_tmr_tick
    rt_system.o(i.rt_systick) refers to rt_list.o(i.rt_get_first) for rt_get_first
    rt_system.o(i.rt_systick) refers to rt_task.o(i.rt_switch_req) for rt_switch_req
    rt_system.o(i.rt_systick) refers to rt_task.o(.data) for os_tsk
    rt_system.o(i.rt_systick) refers to rt_time.o(.data) for os_time
    rt_system.o(i.rt_systick) refers to rt_list.o(.bss) for os_rdy
    rt_system.o(i.rt_tsk_lock) refers to rt_system.o(.data) for .data
    rt_system.o(i.rt_tsk_unlock) refers to rt_system.o(.data) for .data
    rt_list.o(i.rt_dec_dly) refers to rt_list.o(i.rt_put_prio) for rt_put_prio
    rt_list.o(i.rt_dec_dly) refers to rt_list.o(.bss) for .bss
    rt_list.o(i.rt_dec_dly) refers to rt_time.o(.data) for os_time
    rt_list.o(i.rt_get_same_rdy_prio) refers to rt_list.o(.bss) for .bss
    rt_list.o(i.rt_get_same_rdy_prio) refers to rt_task.o(.data) for os_tsk
    rt_list.o(i.rt_psq_enq) refers to rtx_conf_cm.o(.text) for os_error
    rt_list.o(i.rt_psq_enq) refers to rtx_conf_cm.o(.bss) for os_fifo
    rt_list.o(i.rt_put_dly) refers to rt_list.o(.bss) for .bss
    rt_list.o(i.rt_put_rdy_first) refers to rt_list.o(.bss) for .bss
    rt_list.o(i.rt_resort_prio) refers to rt_list.o(i.rt_rmv_list) for rt_rmv_list
    rt_list.o(i.rt_resort_prio) refers to rt_list.o(i.rt_put_prio) for rt_put_prio
    rt_list.o(i.rt_resort_prio) refers to rt_list.o(.bss) for .bss
    rt_list.o(i.rt_rmv_list) refers to rt_list.o(.bss) for .bss
    rt_membox.o(i._calloc_box) refers to hal_cm3.o(.emb_text) for _alloc_box
    rt_event.o(i.isr_evt_set) refers to rt_list.o(i.rt_psq_enq) for rt_psq_enq
    rt_event.o(i.isr_evt_set) refers to rt_system.o(i.rt_psh_req) for rt_psh_req
    rt_event.o(i.isr_evt_set) refers to rtx_conf_cm.o(.bss) for os_active_TCB
    rt_event.o(i.rt_evt_clr) refers to rtx_conf_cm.o(.bss) for os_active_TCB
    rt_event.o(i.rt_evt_get) refers to rt_task.o(.data) for os_tsk
    rt_event.o(i.rt_evt_psh) refers to rt_list.o(i.rt_rmv_dly) for rt_rmv_dly
    rt_event.o(i.rt_evt_psh) refers to rt_list.o(i.rt_put_prio) for rt_put_prio
    rt_event.o(i.rt_evt_psh) refers to rt_list.o(.bss) for os_rdy
    rt_event.o(i.rt_evt_set) refers to rt_list.o(i.rt_rmv_dly) for rt_rmv_dly
    rt_event.o(i.rt_evt_set) refers to rt_task.o(i.rt_dispatch) for rt_dispatch
    rt_event.o(i.rt_evt_set) refers to rtx_conf_cm.o(.bss) for os_active_TCB
    rt_event.o(i.rt_evt_wait) refers to rt_task.o(i.rt_block) for rt_block
    rt_event.o(i.rt_evt_wait) refers to rt_task.o(.data) for os_tsk
    rt_mailbox.o(i.isr_mbx_receive) refers to rt_list.o(i.rt_psq_enq) for rt_psq_enq
    rt_mailbox.o(i.isr_mbx_receive) refers to rt_system.o(i.rt_psh_req) for rt_psh_req
    rt_mailbox.o(i.isr_mbx_send) refers to rt_list.o(i.rt_psq_enq) for rt_psq_enq
    rt_mailbox.o(i.isr_mbx_send) refers to rt_system.o(i.rt_psh_req) for rt_psh_req
    rt_mailbox.o(i.rt_mbx_psh) refers to rt_list.o(i.rt_get_first) for rt_get_first
    rt_mailbox.o(i.rt_mbx_psh) refers to rt_list.o(i.rt_rmv_dly) for rt_rmv_dly
    rt_mailbox.o(i.rt_mbx_psh) refers to rt_list.o(i.rt_put_prio) for rt_put_prio
    rt_mailbox.o(i.rt_mbx_psh) refers to rtx_conf_cm.o(.text) for os_error
    rt_mailbox.o(i.rt_mbx_psh) refers to rt_list.o(.bss) for os_rdy
    rt_mailbox.o(i.rt_mbx_send) refers to rt_list.o(i.rt_put_prio) for rt_put_prio
    rt_mailbox.o(i.rt_mbx_send) refers to rt_list.o(i.rt_get_first) for rt_get_first
    rt_mailbox.o(i.rt_mbx_send) refers to rt_list.o(i.rt_rmv_dly) for rt_rmv_dly
    rt_mailbox.o(i.rt_mbx_send) refers to rt_task.o(i.rt_dispatch) for rt_dispatch
    rt_mailbox.o(i.rt_mbx_send) refers to rt_task.o(i.rt_block) for rt_block
    rt_mailbox.o(i.rt_mbx_send) refers to rt_task.o(.data) for os_tsk
    rt_mailbox.o(i.rt_mbx_wait) refers to rt_list.o(i.rt_get_first) for rt_get_first
    rt_mailbox.o(i.rt_mbx_wait) refers to rt_list.o(i.rt_rmv_dly) for rt_rmv_dly
    rt_mailbox.o(i.rt_mbx_wait) refers to rt_task.o(i.rt_dispatch) for rt_dispatch
    rt_mailbox.o(i.rt_mbx_wait) refers to rt_list.o(i.rt_put_prio) for rt_put_prio
    rt_mailbox.o(i.rt_mbx_wait) refers to rt_task.o(i.rt_block) for rt_block
    rt_mailbox.o(i.rt_mbx_wait) refers to rt_task.o(.data) for os_tsk
    rt_semaphore.o(i.isr_sem_send) refers to rt_list.o(i.rt_psq_enq) for rt_psq_enq
    rt_semaphore.o(i.isr_sem_send) refers to rt_system.o(i.rt_psh_req) for rt_psh_req
    rt_semaphore.o(i.rt_sem_psh) refers to rt_list.o(i.rt_get_first) for rt_get_first
    rt_semaphore.o(i.rt_sem_psh) refers to rt_list.o(i.rt_rmv_dly) for rt_rmv_dly
    rt_semaphore.o(i.rt_sem_psh) refers to rt_list.o(i.rt_put_prio) for rt_put_prio
    rt_semaphore.o(i.rt_sem_psh) refers to rt_list.o(.bss) for os_rdy
    rt_semaphore.o(i.rt_sem_send) refers to rt_list.o(i.rt_get_first) for rt_get_first
    rt_semaphore.o(i.rt_sem_send) refers to rt_list.o(i.rt_rmv_dly) for rt_rmv_dly
    rt_semaphore.o(i.rt_sem_send) refers to rt_task.o(i.rt_dispatch) for rt_dispatch
    rt_semaphore.o(i.rt_sem_send) refers to rt_task.o(.data) for os_tsk
    rt_semaphore.o(i.rt_sem_wait) refers to rt_list.o(i.rt_put_prio) for rt_put_prio
    rt_semaphore.o(i.rt_sem_wait) refers to rt_task.o(i.rt_block) for rt_block
    rt_semaphore.o(i.rt_sem_wait) refers to rt_task.o(.data) for os_tsk
    rt_time.o(i.rt_dly_wait) refers to rt_task.o(i.rt_block) for rt_block
    rt_time.o(i.rt_itv_set) refers to rt_task.o(.data) for os_tsk
    rt_time.o(i.rt_itv_set) refers to rt_time.o(.data) for .data
    rt_time.o(i.rt_itv_wait) refers to rt_task.o(i.rt_block) for rt_block
    rt_time.o(i.rt_itv_wait) refers to rt_task.o(.data) for os_tsk
    rt_time.o(i.rt_itv_wait) refers to rt_time.o(.data) for .data
    rt_time.o(i.rt_time_get) refers to rt_time.o(.data) for .data
    rt_timer.o(i.rt_tmr_create) refers to rt_membox.o(i.rt_alloc_box) for rt_alloc_box
    rt_timer.o(i.rt_tmr_create) refers to rtx_conf_cm.o(.data) for m_tmr
    rt_timer.o(i.rt_tmr_create) refers to rt_timer.o(.data) for .data
    rt_timer.o(i.rt_tmr_kill) refers to rt_membox.o(i.rt_free_box) for rt_free_box
    rt_timer.o(i.rt_tmr_kill) refers to rt_timer.o(.data) for .data
    rt_timer.o(i.rt_tmr_kill) refers to rtx_conf_cm.o(.data) for m_tmr
    rt_timer.o(i.rt_tmr_tick) refers to rtx_conf_cm.o(.text) for os_tmr_call
    rt_timer.o(i.rt_tmr_tick) refers to rt_membox.o(i.rt_free_box) for rt_free_box
    rt_timer.o(i.rt_tmr_tick) refers to rt_timer.o(.data) for .data
    rt_timer.o(i.rt_tmr_tick) refers to rtx_conf_cm.o(.data) for m_tmr
    rt_robin.o(i.rt_chk_robin) refers to rt_list.o(i.rt_get_first) for rt_get_first
    rt_robin.o(i.rt_chk_robin) refers to rt_list.o(i.rt_put_prio) for rt_put_prio
    rt_robin.o(i.rt_chk_robin) refers to rt_robin.o(.data) for .data
    rt_robin.o(i.rt_chk_robin) refers to rt_list.o(.bss) for os_rdy
    rt_robin.o(i.rt_chk_robin) refers to rt_time.o(.data) for os_time
    rt_robin.o(i.rt_init_robin) refers to rt_robin.o(.data) for .data
    rt_robin.o(i.rt_init_robin) refers to rtx_conf_cm.o(.constdata) for os_rrobin
    entry.o(.ARM.Collect$$$$00000000) refers (Special) to entry7b.o(.ARM.Collect$$$$00000008) for _main_clock
    entry.o(.ARM.Collect$$$$00000000) refers (Special) to entry8.o(.ARM.Collect$$$$00000009) for _main_init
    entry.o(.ARM.Collect$$$$00000000) refers (Special) to entry5.o(.ARM.Collect$$$$00000004) for _main_scatterload
    entry.o(.ARM.Collect$$$$00000000) refers (Special) to entry2.o(.ARM.Collect$$$$00000001) for _main_stk
    uldiv.o(.text) refers to llushr.o(.text) for __aeabi_llsr
    uldiv.o(.text) refers to llshl.o(.text) for __aeabi_llsl
    rand.o(.text) refers to rand.o(.data) for .data
    malloc.o(i.free) refers to mvars.o(.data) for __microlib_freelist
    malloc.o(i.malloc) refers to mvars.o(.data) for __microlib_freelist_initialised
    malloc.o(i.malloc) refers to mvars.o(.data) for __microlib_freelist
    malloc.o(i.malloc) refers to startup_lpc17xx.o(HEAP) for __heap_base
    mallocr.o(i.__free$realloc) refers to mvars.o(.data) for __microlib_freelist
    mallocr.o(i.__malloc$realloc) refers to mallocr.o(i.internal_alloc) for internal_alloc
    mallocr.o(i.__malloc$realloc) refers to mvars.o(.data) for __microlib_freelist_initialised
    mallocr.o(i.__malloc$realloc) refers to startup_lpc17xx.o(HEAP) for __heap_base
    mallocr.o(i.__malloc$realloc) refers to mvars.o(.data) for __microlib_freelist
    mallocr.o(i.internal_alloc) refers to memcpya.o(.text) for __aeabi_memcpy
    mallocr.o(i.internal_alloc) refers to mvars.o(.data) for __microlib_freelist
    mallocr.o(i.realloc) refers to mallocr.o(i.__free$realloc) for __free$realloc
    mallocr.o(i.realloc) refers to mallocr.o(i.internal_alloc) for internal_alloc
    mallocr.o(i.realloc) refers to mallocr.o(i.__malloc$realloc) for __malloc$realloc
    mallocr.o(i.realloc) refers to mvars.o(.data) for __microlib_freelist
    malloca.o(i.__aligned_malloc) refers to mvars.o(.data) for __microlib_freelist_initialised
    malloca.o(i.__aligned_malloc) refers to mvars.o(.data) for __microlib_freelist
    malloca.o(i.__aligned_malloc) refers to startup_lpc17xx.o(HEAP) for __heap_base
    malloca.o(i.__free$memalign) refers to mvars.o(.data) for __microlib_freelist
    malloca.o(i.__malloc$memalign) refers to malloca.o(i.__aligned_malloc) for __aligned_malloc
    mallocra.o(i.__aligned_malloc$realloc) refers to mallocra.o(i.internal_alloc) for internal_alloc
    mallocra.o(i.__aligned_malloc$realloc) refers to mvars.o(.data) for __microlib_freelist_initialised
    mallocra.o(i.__aligned_malloc$realloc) refers to startup_lpc17xx.o(HEAP) for __heap_base
    mallocra.o(i.__aligned_malloc$realloc) refers to mvars.o(.data) for __microlib_freelist
    mallocra.o(i.__free$realloc$memalign) refers to mvars.o(.data) for __microlib_freelist
    mallocra.o(i.__malloc$realloc$memalign) refers to mallocra.o(i.__aligned_malloc$realloc) for __aligned_malloc$realloc
    mallocra.o(i.__realloc$memalign) refers to mallocra.o(i.__free$realloc$memalign) for __free$realloc$memalign
    mallocra.o(i.__realloc$memalign) refers to mallocra.o(i.internal_alloc) for internal_alloc
    mallocra.o(i.__realloc$memalign) refers to mallocra.o(i.__malloc$realloc$memalign) for __malloc$realloc$memalign
    mallocra.o(i.__realloc$memalign) refers to mvars.o(.data) for __microlib_freelist
    mallocra.o(i.internal_alloc) refers to memcpya.o(.text) for __aeabi_memcpy
    mallocra.o(i.internal_alloc) refers to mvars.o(.data) for __microlib_freelist
    entry2.o(.ARM.Collect$$$$00000001) refers to entry2.o(.ARM.Collect$$$$00002712) for __lit__00000000
    entry2.o(.ARM.Collect$$$$00002712) refers to startup_lpc17xx.o(STACK) for __initial_sp
    entry2.o(__vectab_stack_and_reset_area) refers to startup_lpc17xx.o(STACK) for __initial_sp
    entry2.o(__vectab_stack_and_reset_area) refers to entry.o(.ARM.Collect$$$$00000000) for __main
    entry5.o(.ARM.Collect$$$$00000004) refers to init.o(.text) for __scatterload
    entry8.o(.ARM.Collect$$$$00000009) refers to main.o(.text) for main
    init.o(.text) refers to entry5.o(.ARM.Collect$$$$00000004) for __main_after_scatterload
    glcd_scroll.o(i.last_line) refers to glcd_scroll.o(.data) for cache_start
    glcd_scroll.o(i.last_window_line) refers to glcd_scroll.o(.data) for window_start


==============================================================================

Removing Unused input sections from the image.

    Removing main.o(.rev16_text), (4 bytes).
    Removing main.o(.revsh_text), (4 bytes).
    Removing retarget.o(.text), (160 bytes).
    Removing retarget.o(.data), (12 bytes).
    Removing system_lpc17xx.o(.rev16_text), (4 bytes).
    Removing system_lpc17xx.o(.revsh_text), (4 bytes).
    Removing uart.o(.rev16_text), (4 bytes).
    Removing uart.o(.revsh_text), (4 bytes).
    Removing serial.o(.rev16_text), (4 bytes).
    Removing serial.o(.revsh_text), (4 bytes).
    Removing serial.o(.text), (128 bytes).
    Removing glcd_scroll.o(.rev16_text), (4 bytes).
    Removing glcd_scroll.o(.revsh_text), (4 bytes).
    Removing glcd_scroll.o(.text), (840 bytes).
    Removing glcd_scroll.o(.bss), (525 bytes).
    Removing glcd_scroll.o(.data), (20 bytes).
    Removing glcd_spi_lpc1700.o(.rev16_text), (4 bytes).
    Removing glcd_spi_lpc1700.o(.revsh_text), (4 bytes).
    Removing circle.o(.text), (48 bytes).
    Removing rt_task.o(i.rt_block), (56 bytes).
    Removing rt_task.o(i.rt_tsk_delete), (188 bytes).
    Removing rt_task.o(i.rt_tsk_pass), (48 bytes).
    Removing rt_task.o(i.rt_tsk_self), (16 bytes).
    Removing rt_system.o(.emb_text), (0 bytes).
    Removing rt_system.o(i.rt_psh_req), (32 bytes).
    Removing rt_system.o(i.rt_resume), (176 bytes).
    Removing rt_system.o(i.rt_suspend), (44 bytes).
    Removing rt_system.o(i.rt_tsk_lock), (80 bytes).
    Removing rt_system.o(i.rt_tsk_unlock), (80 bytes).
    Removing rt_list.o(i.rt_get_same_rdy_prio), (36 bytes).
    Removing rt_list.o(i.rt_psq_enq), (88 bytes).
    Removing rt_list.o(i.rt_put_dly), (72 bytes).
    Removing rt_membox.o(i._calloc_box), (30 bytes).
    Removing rt_event.o(i.isr_evt_set), (40 bytes).
    Removing rt_event.o(i.rt_evt_clr), (28 bytes).
    Removing rt_event.o(i.rt_evt_get), (12 bytes).
    Removing rt_event.o(i.rt_evt_set), (96 bytes).
    Removing rt_event.o(i.rt_evt_wait), (64 bytes).
    Removing rt_mailbox.o(i.isr_mbx_receive), (84 bytes).
    Removing rt_mailbox.o(i.isr_mbx_send), (14 bytes).
    Removing rt_mailbox.o(i.rt_mbx_check), (8 bytes).
    Removing rt_mailbox.o(i.rt_mbx_init), (26 bytes).
    Removing rt_mailbox.o(i.rt_mbx_send), (160 bytes).
    Removing rt_mailbox.o(i.rt_mbx_wait), (184 bytes).
    Removing rt_semaphore.o(i.isr_sem_send), (16 bytes).
    Removing rt_semaphore.o(i.rt_sem_init), (12 bytes).
    Removing rt_semaphore.o(i.rt_sem_send), (56 bytes).
    Removing rt_semaphore.o(i.rt_sem_wait), (60 bytes).
    Removing rt_time.o(i.rt_dly_wait), (6 bytes).
    Removing rt_time.o(i.rt_itv_set), (24 bytes).
    Removing rt_time.o(i.rt_itv_wait), (44 bytes).
    Removing rt_time.o(i.rt_time_get), (12 bytes).
    Removing rt_timer.o(i.rt_tmr_create), (80 bytes).
    Removing rt_timer.o(i.rt_tmr_kill), (52 bytes).
    Removing rt_robin.o(i.rt_chk_robin), (72 bytes).
    Removing rt_robin.o(i.rt_init_robin), (24 bytes).
    Removing rt_robin.o(.data), (8 bytes).
    Removing glcd_scroll.o(i.last_line), (32 bytes).
    Removing glcd_scroll.o(i.last_window_line), (32 bytes).

59 unused section(s) (total 3973 bytes) removed from the image.

==============================================================================

Image Symbol Table

    Local Symbols

    Symbol Name                              Value     Ov Type        Size  Object(Section)

    RESET                                    0x00000000   Section      204  startup_lpc17xx.o(RESET)
    ../clib/microlib/division.c              0x00000000   Number         0  uldiv.o ABSOLUTE
    ../clib/microlib/init/entry.s            0x00000000   Number         0  entry8.o ABSOLUTE
    ../clib/microlib/init/entry.s            0x00000000   Number         0  entry7a.o ABSOLUTE
    ../clib/microlib/init/entry.s            0x00000000   Number         0  entry5.o ABSOLUTE
    ../clib/microlib/init/entry.s            0x00000000   Number         0  entry.o ABSOLUTE
    ../clib/microlib/init/entry.s            0x00000000   Number         0  entry2.o ABSOLUTE
    ../clib/microlib/init/entry.s            0x00000000   Number         0  entry7b.o ABSOLUTE
    ../clib/microlib/longlong.c              0x00000000   Number         0  llushr.o ABSOLUTE
    ../clib/microlib/longlong.c              0x00000000   Number         0  llshl.o ABSOLUTE
    ../clib/microlib/malloc/malloc.c         0x00000000   Number         0  malloc.o ABSOLUTE
    ../clib/microlib/malloc/malloc.c         0x00000000   Number         0  mallocr.o ABSOLUTE
    ../clib/microlib/malloc/malloc.c         0x00000000   Number         0  malloca.o ABSOLUTE
    ../clib/microlib/malloc/malloc.c         0x00000000   Number         0  mallocra.o ABSOLUTE
    ../clib/microlib/malloc/mvars.c          0x00000000   Number         0  mvars.o ABSOLUTE
    ../clib/microlib/stdlib/rand.c           0x00000000   Number         0  rand.o ABSOLUTE
    ../clib/microlib/string/memcpy.c         0x00000000   Number         0  memcpyb.o ABSOLUTE
    ../clib/microlib/string/memcpy.c         0x00000000   Number         0  memcpya.o ABSOLUTE
    ../clib/microlib/string/strlen.c         0x00000000   Number         0  strlen.o ABSOLUTE
    GLCD_SPI_LPC1700.c                       0x00000000   Number         0  glcd_spi_lpc1700.o ABSOLUTE
    GLCD_SPI_LPC1700.c                       0x00000000   Number         0  glcd_spi_lpc1700.o ABSOLUTE
    GLCD_Scroll.c                            0x00000000   Number         0  glcd_scroll.o ABSOLUTE
    GLCD_Scroll.c                            0x00000000   Number         0  glcd_scroll.o ABSOLUTE
    RTX_Conf_CM.c                            0x00000000   Number         0  rtx_conf_cm.o ABSOLUTE
    Retarget.c                               0x00000000   Number         0  retarget.o ABSOLUTE
    SRC\CM\HAL_CM3.c                         0x00000000   Number         0  hal_cm3.o ABSOLUTE
    SRC\CM\SVC_Table.s                       0x00000000   Number         0  SVC_Table.o ABSOLUTE
    SRC\CM\rt_Event.c                        0x00000000   Number         0  rt_event.o ABSOLUTE
    SRC\CM\rt_List.c                         0x00000000   Number         0  rt_list.o ABSOLUTE
    SRC\CM\rt_Mailbox.c                      0x00000000   Number         0  rt_mailbox.o ABSOLUTE
    SRC\CM\rt_MemBox.c                       0x00000000   Number         0  rt_membox.o ABSOLUTE
    SRC\CM\rt_Robin.c                        0x00000000   Number         0  rt_robin.o ABSOLUTE
    SRC\CM\rt_Semaphore.c                    0x00000000   Number         0  rt_semaphore.o ABSOLUTE
    SRC\CM\rt_System.c                       0x00000000   Number         0  rt_system.o ABSOLUTE
    SRC\CM\rt_Task.c                         0x00000000   Number         0  rt_task.o ABSOLUTE
    SRC\CM\rt_Time.c                         0x00000000   Number         0  rt_time.o ABSOLUTE
    SRC\CM\rt_Timer.c                        0x00000000   Number         0  rt_timer.o ABSOLUTE
    SRC\\CM\\HAL_CM3.c                       0x00000000   Number         0  hal_cm3.o ABSOLUTE
    SRC\\CM\\rt_System.c                     0x00000000   Number         0  rt_system.o ABSOLUTE
    Serial.c                                 0x00000000   Number         0  serial.o ABSOLUTE
    Serial.c                                 0x00000000   Number         0  serial.o ABSOLUTE
    circle.c                                 0x00000000   Number         0  circle.o ABSOLUTE
    dc.s                                     0x00000000   Number         0  dc.o ABSOLUTE
    handlers.s                               0x00000000   Number         0  handlers.o ABSOLUTE
    init.s                                   0x00000000   Number         0  init.o ABSOLUTE
    main.c                                   0x00000000   Number         0  main.o ABSOLUTE
    main.c                                   0x00000000   Number         0  main.o ABSOLUTE
    startup_LPC17xx.s                        0x00000000   Number         0  startup_lpc17xx.o ABSOLUTE
    system_LPC17xx.c                         0x00000000   Number         0  system_lpc17xx.o ABSOLUTE
    system_LPC17xx.c                         0x00000000   Number         0  system_lpc17xx.o ABSOLUTE
    uart.c                                   0x00000000   Number         0  uart.o ABSOLUTE
    uart.c                                   0x00000000   Number         0  uart.o ABSOLUTE
    util.c                                   0x00000000   Number         0  util.o ABSOLUTE
    .ARM.Collect$$$$00000000                 0x000000cc   Section        0  entry.o(.ARM.Collect$$$$00000000)
    .ARM.Collect$$$$00000001                 0x000000cc   Section        4  entry2.o(.ARM.Collect$$$$00000001)
    .ARM.Collect$$$$00000004                 0x000000d0   Section        4  entry5.o(.ARM.Collect$$$$00000004)
    .ARM.Collect$$$$00000008                 0x000000d4   Section        0  entry7b.o(.ARM.Collect$$$$00000008)
    .ARM.Collect$$$$00000009                 0x000000d4   Section        8  entry8.o(.ARM.Collect$$$$00000009)
    .ARM.Collect$$$$00002712                 0x000000dc   Section        4  entry2.o(.ARM.Collect$$$$00002712)
    __lit__00000000                          0x000000dc   Data           4  entry2.o(.ARM.Collect$$$$00002712)
    .emb_text                                0x000000e0   Section      340  hal_cm3.o(.emb_text)
    .text                                    0x00000234   Section       36  startup_lpc17xx.o(.text)
    .text                                    0x00000258   Section        0  rtx_conf_cm.o(.text)
    .text                                    0x00000264   Section        0  util.o(.text)
    SVC_TABLE                                0x000002f0   Section        4  SVC_Table.o(SVC_TABLE)
    i.__scatterload_null                     0x000002f4   Section        2  handlers.o(i.__scatterload_null)
    i.os_tick_irqack                         0x000002f6   Section        0  rt_system.o(i.os_tick_irqack)
    .ARM.__at_0x02FC                         0x000002fc   Section        4  startup_lpc17xx.o(.ARM.__at_0x02FC)
    .text                                    0x00000300   Section        0  main.o(.text)
    .text                                    0x00000434   Section        0  system_lpc17xx.o(.text)
    .text                                    0x0000074c   Section        0  uart.o(.text)
    NVIC_EnableIRQ                           0x00000aa5   Thumb Code    24  uart.o(.text)
    .text                                    0x00000af8   Section        0  glcd_spi_lpc1700.o(.text)
    delay                                    0x00000af9   Thumb Code    14  glcd_spi_lpc1700.o(.text)
    wr_cmd                                   0x00000b07   Thumb Code    36  glcd_spi_lpc1700.o(.text)
    wr_dat                                   0x00000b2b   Thumb Code    36  glcd_spi_lpc1700.o(.text)
    rd_reg                                   0x00000b4f   Thumb Code    66  glcd_spi_lpc1700.o(.text)
    spi_send                                 0x000012b5   Thumb Code    26  glcd_spi_lpc1700.o(.text)
    wr_dat_start                             0x000012cf   Thumb Code    16  glcd_spi_lpc1700.o(.text)
    wr_dat_stop                              0x000012df   Thumb Code     8  glcd_spi_lpc1700.o(.text)
    wr_dat_only                              0x000012e7   Thumb Code    18  glcd_spi_lpc1700.o(.text)
    wr_reg                                   0x000012f9   Thumb Code    20  glcd_spi_lpc1700.o(.text)
    .text                                    0x00001324   Section        0  uldiv.o(.text)
    .text                                    0x00001388   Section        0  rand.o(.text)
    .text                                    0x000013ac   Section        0  llshl.o(.text)
    .text                                    0x000013ca   Section        0  llushr.o(.text)
    .text                                    0x000013ec   Section       36  init.o(.text)
    i.__scatterload_copy                     0x00001410   Section       14  handlers.o(i.__scatterload_copy)
    i.__scatterload_zeroinit                 0x0000141e   Section       14  handlers.o(i.__scatterload_zeroinit)
    i._init_box                              0x0000142c   Section        0  rt_membox.o(i._init_box)
    i.dbg_init                               0x00001474   Section        0  hal_cm3.o(i.dbg_init)
    i.dbg_task_notify                        0x000014a4   Section        0  hal_cm3.o(i.dbg_task_notify)
    i.dbg_task_switch                        0x000014c4   Section        0  hal_cm3.o(i.dbg_task_switch)
    i.malloc                                 0x000014d4   Section        0  malloc.o(i.malloc)
    i.os_tick_init                           0x00001540   Section        0  rt_system.o(i.os_tick_init)
    i.rt_alloc_box                           0x00001568   Section        0  rt_membox.o(i.rt_alloc_box)
    i.rt_dec_dly                             0x00001584   Section        0  rt_list.o(i.rt_dec_dly)
    i.rt_dispatch                            0x000015f8   Section        0  rt_task.o(i.rt_dispatch)
    i.rt_evt_psh                             0x0000163c   Section        0  rt_event.o(i.rt_evt_psh)
    i.rt_free_box                            0x00001688   Section        0  rt_membox.o(i.rt_free_box)
    i.rt_get_first                           0x000016a8   Section        0  rt_list.o(i.rt_get_first)
    i.rt_init_context                        0x000016d0   Section        0  rt_task.o(i.rt_init_context)
    rt_init_context                          0x000016d1   Thumb Code    64  rt_task.o(i.rt_init_context)
    i.rt_init_stack                          0x00001714   Section        0  hal_cm3.o(i.rt_init_stack)
    i.rt_mbx_psh                             0x00001764   Section        0  rt_mailbox.o(i.rt_mbx_psh)
    i.rt_pop_req                             0x00001824   Section        0  rt_system.o(i.rt_pop_req)
    i.rt_put_prio                            0x0000189c   Section        0  rt_list.o(i.rt_put_prio)
    i.rt_put_rdy_first                       0x000018d4   Section        0  rt_list.o(i.rt_put_rdy_first)
    i.rt_resort_prio                         0x000018e8   Section        0  rt_list.o(i.rt_resort_prio)
    i.rt_rmv_dly                             0x0000191c   Section        0  rt_list.o(i.rt_rmv_dly)
    i.rt_rmv_list                            0x00001944   Section        0  rt_list.o(i.rt_rmv_list)
    i.rt_sem_psh                             0x00001974   Section        0  rt_semaphore.o(i.rt_sem_psh)
    i.rt_stk_check                           0x000019a8   Section        0  rt_system.o(i.rt_stk_check)
    i.rt_switch_req                          0x000019cc   Section        0  rt_task.o(i.rt_switch_req)
    i.rt_sys_init                            0x000019f4   Section        0  rt_task.o(i.rt_sys_init)
    i.rt_systick                             0x00001b4c   Section        0  rt_system.o(i.rt_systick)
    i.rt_tmr_tick                            0x00001b88   Section        0  rt_timer.o(i.rt_tmr_tick)
    i.rt_tsk_create                          0x00001bc8   Section        0  rt_task.o(i.rt_tsk_create)
    i.rt_tsk_prio                            0x00001c5c   Section        0  rt_task.o(i.rt_tsk_prio)
    .constdata                               0x00001cdc   Section       40  rtx_conf_cm.o(.constdata)
    __tagsym$$used                           0x00001cf0   Number         0  rtx_conf_cm.o(.constdata)
    __tagsym$$used                           0x00001cf4   Number         0  rtx_conf_cm.o(.constdata)
    .constdata                               0x00001d04   Section     6272  glcd_spi_lpc1700.o(.constdata)
    .data                                    0x10000000   Section        4  rtx_conf_cm.o(.data)
    .data                                    0x10000004   Section        4  system_lpc17xx.o(.data)
    .data                                    0x10000008   Section       32  uart.o(.data)
    .data                                    0x10000028   Section        6  glcd_spi_lpc1700.o(.data)
    TextColor                                0x10000028   Data           2  glcd_spi_lpc1700.o(.data)
    BackColor                                0x1000002a   Data           2  glcd_spi_lpc1700.o(.data)
    driverCode                               0x1000002c   Data           2  glcd_spi_lpc1700.o(.data)
    .data                                    0x10000030   Section        8  rt_task.o(.data)
    .data                                    0x10000038   Section        1  hal_cm3.o(.data)
    .data                                    0x1000003c   Section        8  rt_system.o(.data)
    os_lock                                  0x1000003c   Data           1  rt_system.o(.data)
    os_psh_flag                              0x1000003d   Data           1  rt_system.o(.data)
    pend_flags                               0x1000003e   Data           1  rt_system.o(.data)
    .data                                    0x10000044   Section        4  rt_time.o(.data)
    .data                                    0x10000048   Section        8  rt_timer.o(.data)
    .data                                    0x10000050   Section        4  rand.o(.data)
    _rand_state                              0x10000050   Data           4  rand.o(.data)
    .data                                    0x10000054   Section        4  mvars.o(.data)
    .data                                    0x10000058   Section        4  mvars.o(.data)
    .bss                                     0x10000060   Section    22908  rtx_conf_cm.o(.bss)
    .bss                                     0x100059dc   Section      128  uart.o(.bss)
    .bss                                     0x10005a5c   Section       48  rt_task.o(.bss)
    .bss                                     0x10005a8c   Section       48  rt_list.o(.bss)
    HEAP                                     0x10005ac0   Section     4608  startup_lpc17xx.o(HEAP)
    STACK                                    0x10006cc0   Section     2048  startup_lpc17xx.o(STACK)

    Global Symbols

    Symbol Name                              Value     Ov Type        Size  Object(Section)

    BuildAttributes$$THM_ISAv4$P$D$K$B$S$PE$A:L22UL41UL21$X:L11$S22US41US21$IEEE1$IW$USESV6$~STKCKD$USESV7$~SHL$OSPACE$EBA8$MICROLIB$REQ8$PRES8$EABIv2 0x00000000   Number         0  anon$$obj.o ABSOLUTE
    __ARM_use_no_argv                        0x00000000   Number         0  main.o ABSOLUTE
    __Vectors                                0x00000000   Data           4  startup_lpc17xx.o(RESET)
    __decompress                              - Undefined Weak Reference
    _clock_init                               - Undefined Weak Reference
    __main                                   0x000000cd   Thumb Code     0  entry.o(.ARM.Collect$$$$00000000)
    _main_stk                                0x000000cd   Thumb Code     0  entry2.o(.ARM.Collect$$$$00000001)
    _main_scatterload                        0x000000d1   Thumb Code     0  entry5.o(.ARM.Collect$$$$00000004)
    __main_after_scatterload                 0x000000d5   Thumb Code     0  entry5.o(.ARM.Collect$$$$00000004)
    _main_clock                              0x000000d5   Thumb Code     0  entry7b.o(.ARM.Collect$$$$00000008)
    _main_init                               0x000000d5   Thumb Code     0  entry8.o(.ARM.Collect$$$$00000009)
    rt_set_PSP                               0x000000e1   Thumb Code     6  hal_cm3.o(.emb_text)
    rt_get_PSP                               0x000000e7   Thumb Code     6  hal_cm3.o(.emb_text)
    os_set_env                               0x000000ed   Thumb Code    24  hal_cm3.o(.emb_text)
    _alloc_box                               0x00000109   Thumb Code    28  hal_cm3.o(.emb_text)
    _free_box                                0x00000129   Thumb Code    28  hal_cm3.o(.emb_text)
    SVC_Handler                              0x00000149   Thumb Code   124  hal_cm3.o(.emb_text)
    PendSV_Handler                           0x000001d1   Thumb Code    76  hal_cm3.o(.emb_text)
    SysTick_Handler                          0x00000221   Thumb Code     8  hal_cm3.o(.emb_text)
    OS_Tick_Handler                          0x00000229   Thumb Code    12  hal_cm3.o(.emb_text)
    Reset_Handler                            0x00000235   Thumb Code     8  startup_lpc17xx.o(.text)
    NMI_Handler                              0x0000023d   Thumb Code     2  startup_lpc17xx.o(.text)
    HardFault_Handler                        0x0000023f   Thumb Code     2  startup_lpc17xx.o(.text)
    MemManage_Handler                        0x00000241   Thumb Code     2  startup_lpc17xx.o(.text)
    BusFault_Handler                         0x00000243   Thumb Code     2  startup_lpc17xx.o(.text)
    UsageFault_Handler                       0x00000245   Thumb Code     2  startup_lpc17xx.o(.text)
    DebugMon_Handler                         0x00000249   Thumb Code     2  startup_lpc17xx.o(.text)
    ADC_IRQHandler                           0x0000024f   Thumb Code     0  startup_lpc17xx.o(.text)
    BOD_IRQHandler                           0x0000024f   Thumb Code     0  startup_lpc17xx.o(.text)
    CANActivity_IRQHandler                   0x0000024f   Thumb Code     0  startup_lpc17xx.o(.text)
    CAN_IRQHandler                           0x0000024f   Thumb Code     0  startup_lpc17xx.o(.text)
    DMA_IRQHandler                           0x0000024f   Thumb Code     0  startup_lpc17xx.o(.text)
    EINT0_IRQHandler                         0x0000024f   Thumb Code     0  startup_lpc17xx.o(.text)
    EINT1_IRQHandler                         0x0000024f   Thumb Code     0  startup_lpc17xx.o(.text)
    EINT2_IRQHandler                         0x0000024f   Thumb Code     0  startup_lpc17xx.o(.text)
    ENET_IRQHandler                          0x0000024f   Thumb Code     0  startup_lpc17xx.o(.text)
    I2C0_IRQHandler                          0x0000024f   Thumb Code     0  startup_lpc17xx.o(.text)
    I2C1_IRQHandler                          0x0000024f   Thumb Code     0  startup_lpc17xx.o(.text)
    I2C2_IRQHandler                          0x0000024f   Thumb Code     0  startup_lpc17xx.o(.text)
    I2S_IRQHandler                           0x0000024f   Thumb Code     0  startup_lpc17xx.o(.text)
    MCPWM_IRQHandler                         0x0000024f   Thumb Code     0  startup_lpc17xx.o(.text)
    PLL0_IRQHandler                          0x0000024f   Thumb Code     0  startup_lpc17xx.o(.text)
    PLL1_IRQHandler                          0x0000024f   Thumb Code     0  startup_lpc17xx.o(.text)
    PWM1_IRQHandler                          0x0000024f   Thumb Code     0  startup_lpc17xx.o(.text)
    QEI_IRQHandler                           0x0000024f   Thumb Code     0  startup_lpc17xx.o(.text)
    RIT_IRQHandler                           0x0000024f   Thumb Code     0  startup_lpc17xx.o(.text)
    RTC_IRQHandler                           0x0000024f   Thumb Code     0  startup_lpc17xx.o(.text)
    SPI_IRQHandler                           0x0000024f   Thumb Code     0  startup_lpc17xx.o(.text)
    SSP0_IRQHandler                          0x0000024f   Thumb Code     0  startup_lpc17xx.o(.text)
    SSP1_IRQHandler                          0x0000024f   Thumb Code     0  startup_lpc17xx.o(.text)
    TIMER0_IRQHandler                        0x0000024f   Thumb Code     0  startup_lpc17xx.o(.text)
    TIMER1_IRQHandler                        0x0000024f   Thumb Code     0  startup_lpc17xx.o(.text)
    TIMER2_IRQHandler                        0x0000024f   Thumb Code     0  startup_lpc17xx.o(.text)
    TIMER3_IRQHandler                        0x0000024f   Thumb Code     0  startup_lpc17xx.o(.text)
    UART2_IRQHandler                         0x0000024f   Thumb Code     0  startup_lpc17xx.o(.text)
    UART3_IRQHandler                         0x0000024f   Thumb Code     0  startup_lpc17xx.o(.text)
    USBActivity_IRQHandler                   0x0000024f   Thumb Code     0  startup_lpc17xx.o(.text)
    USB_IRQHandler                           0x0000024f   Thumb Code     0  startup_lpc17xx.o(.text)
    WDT_IRQHandler                           0x0000024f   Thumb Code     0  startup_lpc17xx.o(.text)
    os_idle_demon                            0x00000259   Thumb Code     4  rtx_conf_cm.o(.text)
    os_tmr_call                              0x0000025d   Thumb Code     2  rtx_conf_cm.o(.text)
    os_error                                 0x0000025f   Thumb Code     2  rtx_conf_cm.o(.text)
    rt_init_robin                            0x00000261   Thumb Code     2  rtx_conf_cm.o(.text)
    rt_chk_robin                             0x00000263   Thumb Code     2  rtx_conf_cm.o(.text)
    fill_rectangle                           0x00000265   Thumb Code    48  util.o(.text)
    gen_bitmap                               0x00000295   Thumb Code    40  util.o(.text)
    draw_circle                              0x000002bd   Thumb Code     2  util.o(.text)
    draw_rectangle                           0x000002bf   Thumb Code    48  util.o(.text)
    SVC_Count                                0x000002f0   Data           4  SVC_Table.o(SVC_TABLE)
    SVC_Table                                0x000002f4   Data           0  SVC_Table.o(SVC_TABLE)
    __scatterload_null                       0x000002f5   Thumb Code     2  handlers.o(i.__scatterload_null)
    os_tick_irqack                           0x000002f7   Thumb Code     2  rt_system.o(i.os_tick_irqack)
    move_ball_task                           0x00000301   Thumb Code    76  main.o(.text)
    EINT3_IRQHandler                         0x0000034d   Thumb Code    52  main.o(.text)
    base_task                                0x00000381   Thumb Code    14  main.o(.text)
    main                                     0x0000038f   Thumb Code   132  main.o(.text)
    SystemCoreClockUpdate                    0x00000435   Thumb Code   424  system_lpc17xx.o(.text)
    __RL_RTX_VER                             0x00000460   Number         0  rt_system.o ABSOLUTE
    SystemInit                               0x000005dd   Thumb Code   290  system_lpc17xx.o(.text)
    Free                                     0x0000074d   Thumb Code     6  uart.o(.text)
    Lock                                     0x00000753   Thumb Code    28  uart.o(.text)
    LockRcv                                  0x0000076f   Thumb Code    28  uart.o(.text)
    LockSnd                                  0x0000078b   Thumb Code    28  uart.o(.text)
    FreeRcv                                  0x000007a7   Thumb Code    28  uart.o(.text)
    FreeSnd                                  0x000007c3   Thumb Code    28  uart.o(.text)
    UART0_IRQHandler                         0x000007df   Thumb Code    86  uart.o(.text)
    UART1_IRQHandler                         0x00000835   Thumb Code    88  uart.o(.text)
    getFrequency                             0x0000088d   Thumb Code    64  uart.o(.text)
    UARTInit                                 0x000008cd   Thumb Code   176  uart.o(.text)
    UARTSend                                 0x0000097d   Thumb Code   112  uart.o(.text)
    UARTSendChar                             0x000009ed   Thumb Code    24  uart.o(.text)
    UARTRecieve                              0x00000a05   Thumb Code   134  uart.o(.text)
    UARTReceiveChar                          0x00000a8b   Thumb Code    26  uart.o(.text)
    GLCD_Init                                0x00000b91   Thumb Code   814  glcd_spi_lpc1700.o(.text)
    GLCD_SetWindow                           0x00000ebf   Thumb Code   106  glcd_spi_lpc1700.o(.text)
    GLCD_WindowMax                           0x00000f29   Thumb Code    18  glcd_spi_lpc1700.o(.text)
    GLCD_PutPixel                            0x00000f3b   Thumb Code    44  glcd_spi_lpc1700.o(.text)
    GLCD_SetTextColor                        0x00000f67   Thumb Code     6  glcd_spi_lpc1700.o(.text)
    GLCD_SetBackColor                        0x00000f6d   Thumb Code     6  glcd_spi_lpc1700.o(.text)
    GLCD_Clear                               0x00000f73   Thumb Code    42  glcd_spi_lpc1700.o(.text)
    GLCD_DrawChar_U8                         0x00000f9d   Thumb Code   136  glcd_spi_lpc1700.o(.text)
    GLCD_DrawChar_U16                        0x00001025   Thumb Code   136  glcd_spi_lpc1700.o(.text)
    GLCD_DisplayChar                         0x000010ad   Thumb Code    84  glcd_spi_lpc1700.o(.text)
    GLCD_DisplayString                       0x00001101   Thumb Code    44  glcd_spi_lpc1700.o(.text)
    GLCD_ClearLn                             0x0000112d   Thumb Code    94  glcd_spi_lpc1700.o(.text)
    GLCD_Bargraph                            0x0000118b   Thumb Code   106  glcd_spi_lpc1700.o(.text)
    GLCD_Bitmap                              0x000011f5   Thumb Code    90  glcd_spi_lpc1700.o(.text)
    GLCD_Bmp                                 0x0000124f   Thumb Code   100  glcd_spi_lpc1700.o(.text)
    GLCD_ScrollVertical                      0x000012b3   Thumb Code     2  glcd_spi_lpc1700.o(.text)
    __aeabi_uldivmod                         0x00001325   Thumb Code    98  uldiv.o(.text)
    rand                                     0x00001389   Thumb Code    20  rand.o(.text)
    srand                                    0x0000139d   Thumb Code     6  rand.o(.text)
    __aeabi_llsl                             0x000013ad   Thumb Code    30  llshl.o(.text)
    _ll_shift_l                              0x000013ad   Thumb Code     0  llshl.o(.text)
    __aeabi_llsr                             0x000013cb   Thumb Code    32  llushr.o(.text)
    _ll_ushift_r                             0x000013cb   Thumb Code     0  llushr.o(.text)
    __scatterload                            0x000013ed   Thumb Code    28  init.o(.text)
    __scatterload_rt2                        0x000013ed   Thumb Code     0  init.o(.text)
    __scatterload_copy                       0x00001411   Thumb Code    14  handlers.o(i.__scatterload_copy)
    __scatterload_zeroinit                   0x0000141f   Thumb Code    14  handlers.o(i.__scatterload_zeroinit)
    _init_box                                0x0000142d   Thumb Code    70  rt_membox.o(i._init_box)
    dbg_init                                 0x00001475   Thumb Code    34  hal_cm3.o(i.dbg_init)
    dbg_task_notify                          0x000014a5   Thumb Code    32  hal_cm3.o(i.dbg_task_notify)
    dbg_task_switch                          0x000014c5   Thumb Code    16  hal_cm3.o(i.dbg_task_switch)
    malloc                                   0x000014d5   Thumb Code    92  malloc.o(i.malloc)
    os_tick_init                             0x00001541   Thumb Code    32  rt_system.o(i.os_tick_init)
    rt_alloc_box                             0x00001569   Thumb Code    26  rt_membox.o(i.rt_alloc_box)
    rt_dec_dly                               0x00001585   Thumb Code   106  rt_list.o(i.rt_dec_dly)
    rt_dispatch                              0x000015f9   Thumb Code    60  rt_task.o(i.rt_dispatch)
    rt_evt_psh                               0x0000163d   Thumb Code    72  rt_event.o(i.rt_evt_psh)
    rt_free_box                              0x00001689   Thumb Code    32  rt_membox.o(i.rt_free_box)
    rt_get_first                             0x000016a9   Thumb Code    40  rt_list.o(i.rt_get_first)
    rt_init_stack                            0x00001715   Thumb Code    70  hal_cm3.o(i.rt_init_stack)
    rt_mbx_psh                               0x00001765   Thumb Code   188  rt_mailbox.o(i.rt_mbx_psh)
    rt_pop_req                               0x00001825   Thumb Code   106  rt_system.o(i.rt_pop_req)
    rt_put_prio                              0x0000189d   Thumb Code    54  rt_list.o(i.rt_put_prio)
    rt_put_rdy_first                         0x000018d5   Thumb Code    14  rt_list.o(i.rt_put_rdy_first)
    rt_resort_prio                           0x000018e9   Thumb Code    46  rt_list.o(i.rt_resort_prio)
    rt_rmv_dly                               0x0000191d   Thumb Code    40  rt_list.o(i.rt_rmv_dly)
    rt_rmv_list                              0x00001945   Thumb Code    44  rt_list.o(i.rt_rmv_list)
    rt_sem_psh                               0x00001975   Thumb Code    46  rt_semaphore.o(i.rt_sem_psh)
    rt_stk_check                             0x000019a9   Thumb Code    28  rt_system.o(i.rt_stk_check)
    rt_switch_req                            0x000019cd   Thumb Code    30  rt_task.o(i.rt_switch_req)
    rt_sys_init                              0x000019f5   Thumb Code   266  rt_task.o(i.rt_sys_init)
    rt_systick                               0x00001b4d   Thumb Code    48  rt_system.o(i.rt_systick)
    rt_tmr_tick                              0x00001b89   Thumb Code    56  rt_timer.o(i.rt_tmr_tick)
    rt_tsk_create                            0x00001bc9   Thumb Code   126  rt_task.o(i.rt_tsk_create)
    rt_tsk_prio                              0x00001c5d   Thumb Code   110  rt_task.o(i.rt_tsk_prio)
    os_maxtaskrun                            0x00001cdc   Data           2  rtx_conf_cm.o(.constdata)
    os_stackinfo                             0x00001ce0   Data           4  rtx_conf_cm.o(.constdata)
    os_rrobin                                0x00001ce4   Data           4  rtx_conf_cm.o(.constdata)
    os_trv                                   0x00001ce8   Data           4  rtx_conf_cm.o(.constdata)
    os_flags                                 0x00001cec   Data           1  rtx_conf_cm.o(.constdata)
    os_clockrate                             0x00001cf0   Data           4  rtx_conf_cm.o(.constdata)
    os_timernum                              0x00001cf4   Data           4  rtx_conf_cm.o(.constdata)
    mp_tcb_size                              0x00001cf8   Data           2  rtx_conf_cm.o(.constdata)
    mp_stk_size                              0x00001cfc   Data           4  rtx_conf_cm.o(.constdata)
    os_fifo_size                             0x00001d00   Data           1  rtx_conf_cm.o(.constdata)
    mp_tmr_size                              0x00001d02   Data           2  rtx_conf_cm.o(.constdata)
    Font_6x8_h                               0x00001d04   Data         896  glcd_spi_lpc1700.o(.constdata)
    Font_16x24_h                             0x00002084   Data        5376  glcd_spi_lpc1700.o(.constdata)
    Region$$Table$$Base                      0x00003584   Number         0  anon$$obj.o(Region$$Table)
    Region$$Table$$Limit                     0x000035a4   Number         0  anon$$obj.o(Region$$Table)
    m_tmr                                    0x10000000   Data           4  rtx_conf_cm.o(.data)
    SystemCoreClock                          0x10000004   Data           4  system_lpc17xx.o(.data)
    ITM_RxBuffer                             0x10000008   Data           4  uart.o(.data)
    UART0TxEmpty                             0x1000000c   Data           1  uart.o(.data)
    UART1TxEmpty                             0x1000000d   Data           1  uart.o(.data)
    UART0Count                               0x10000010   Data           4  uart.o(.data)
    UART1Count                               0x10000014   Data           4  uart.o(.data)
    i                                        0x10000018   Data           4  uart.o(.data)
    UART0Status                              0x1000001c   Data           4  uart.o(.data)
    UART1Status                              0x10000020   Data           4  uart.o(.data)
    RcvLock0                                 0x10000024   Data           1  uart.o(.data)
    SndLock0                                 0x10000025   Data           1  uart.o(.data)
    RcvLock1                                 0x10000026   Data           1  uart.o(.data)
    SndLock1                                 0x10000027   Data           1  uart.o(.data)
    os_tsk                                   0x10000030   Data           8  rt_task.o(.data)
    dbg_msg                                  0x10000038   Data           1  hal_cm3.o(.data)
    os_tick_irqn                             0x10000040   Data           4  rt_system.o(.data)
    os_time                                  0x10000044   Data           4  rt_time.o(.data)
    os_tmr                                   0x10000048   Data           8  rt_timer.o(.data)
    __microlib_freelist                      0x10000054   Data           4  mvars.o(.data)
    __microlib_freelist_initialised          0x10000058   Data           4  mvars.o(.data)
    mp_tcb                                   0x10000060   Data        1932  rtx_conf_cm.o(.bss)
    mp_stk                                   0x100007f0   Data       20680  rtx_conf_cm.o(.bss)
    os_fifo                                  0x100058b8   Data         132  rtx_conf_cm.o(.bss)
    os_active_TCB                            0x1000593c   Data         160  rtx_conf_cm.o(.bss)
    UART0Buffer                              0x100059dc   Data          64  uart.o(.bss)
    UART1Buffer                              0x10005a1c   Data          64  uart.o(.bss)
    os_idle_TCB                              0x10005a5c   Data          48  rt_task.o(.bss)
    os_rdy                                   0x10005a8c   Data          24  rt_list.o(.bss)
    os_dly                                   0x10005aa4   Data          24  rt_list.o(.bss)
    __heap_base                              0x10005ac0   Data           0  startup_lpc17xx.o(HEAP)
    __heap_limit                             0x10006cc0   Data           0  startup_lpc17xx.o(HEAP)
    __initial_sp                             0x100074c0   Data           0  startup_lpc17xx.o(STACK)



==============================================================================

Memory Map of the image

  Image Entry point : 0x000000cd

  Load Region LR_IROM1 (Base: 0x00000000, Size: 0x00003600, Max: 0x00080000, ABSOLUTE)

    Execution Region ER_IROM1 (Base: 0x00000000, Size: 0x000035a4, Max: 0x00080000, ABSOLUTE)

    Base Addr    Size         Type   Attr      Idx    E Section Name        Object

    0x00000000   0x000000cc   Data   RO            3    RESET               startup_lpc17xx.o
    0x000000cc   0x00000000   Code   RO          864  * .ARM.Collect$$$$00000000  mc_w.l(entry.o)
    0x000000cc   0x00000004   Code   RO          902    .ARM.Collect$$$$00000001  mc_w.l(entry2.o)
    0x000000d0   0x00000004   Code   RO          905    .ARM.Collect$$$$00000004  mc_w.l(entry5.o)
    0x000000d4   0x00000000   Code   RO          907    .ARM.Collect$$$$00000008  mc_w.l(entry7b.o)
    0x000000d4   0x00000008   Code   RO          908    .ARM.Collect$$$$00000009  mc_w.l(entry8.o)
    0x000000dc   0x00000004   Code   RO          903    .ARM.Collect$$$$00002712  mc_w.l(entry2.o)
    0x000000e0   0x00000154   Code   RO          412    .emb_text           RTX_CM3.LIB(hal_cm3.o)
    0x00000234   0x00000024   Code   RO            5    .text               startup_lpc17xx.o
    0x00000258   0x0000000c   Code   RO           95    .text               rtx_conf_cm.o
    0x00000264   0x0000008a   Code   RO          301    .text               util.o
    0x000002ee   0x00000002   PAD
    0x000002f0   0x00000004   Code   RO          654    SVC_TABLE           RTX_CM3.LIB(SVC_Table.o)
    0x000002f4   0x00000002   Code   RO          924    i.__scatterload_null  mc_w.l(handlers.o)
    0x000002f6   0x00000002   Code   RO          459    i.os_tick_irqack    RTX_CM3.LIB(rt_system.o)
    0x000002f8   0x00000004   PAD
    0x000002fc   0x00000004   Code   RO            4    .ARM.__at_0x02FC    startup_lpc17xx.o
    0x00000300   0x00000134   Code   RO           15    .text               main.o
    0x00000434   0x00000318   Code   RO          117    .text               system_lpc17xx.o
    0x0000074c   0x000003ac   Code   RO          147    .text               uart.o
    0x00000af8   0x0000082c   Code   RO          253    .text               glcd_spi_lpc1700.o
    0x00001324   0x00000062   Code   RO          867    .text               mc_w.l(uldiv.o)
    0x00001386   0x00000002   PAD
    0x00001388   0x00000024   Code   RO          869    .text               mc_w.l(rand.o)
    0x000013ac   0x0000001e   Code   RO          909    .text               mc_w.l(llshl.o)
    0x000013ca   0x00000020   Code   RO          911    .text               mc_w.l(llushr.o)
    0x000013ea   0x00000002   PAD
    0x000013ec   0x00000024   Code   RO          919    .text               mc_w.l(init.o)
    0x00001410   0x0000000e   Code   RO          923    i.__scatterload_copy  mc_w.l(handlers.o)
    0x0000141e   0x0000000e   Code   RO          925    i.__scatterload_zeroinit  mc_w.l(handlers.o)
    0x0000142c   0x00000046   Code   RO          621    i._init_box         RTX_CM3.LIB(rt_membox.o)
    0x00001472   0x00000002   PAD
    0x00001474   0x00000030   Code   RO          413    i.dbg_init          RTX_CM3.LIB(hal_cm3.o)
    0x000014a4   0x00000020   Code   RO          414    i.dbg_task_notify   RTX_CM3.LIB(hal_cm3.o)
    0x000014c4   0x00000010   Code   RO          415    i.dbg_task_switch   RTX_CM3.LIB(hal_cm3.o)
    0x000014d4   0x0000006c   Code   RO          875    i.malloc            mc_w.l(malloc.o)
    0x00001540   0x00000028   Code   RO          458    i.os_tick_init      RTX_CM3.LIB(rt_system.o)
    0x00001568   0x0000001a   Code   RO          622    i.rt_alloc_box      RTX_CM3.LIB(rt_membox.o)
    0x00001582   0x00000002   PAD
    0x00001584   0x00000074   Code   RO          541    i.rt_dec_dly        RTX_CM3.LIB(rt_list.o)
    0x000015f8   0x00000044   Code   RO          314    i.rt_dispatch       RTX_CM3.LIB(rt_task.o)
    0x0000163c   0x0000004c   Code   RO          660    i.rt_evt_psh        RTX_CM3.LIB(rt_event.o)
    0x00001688   0x00000020   Code   RO          623    i.rt_free_box       RTX_CM3.LIB(rt_membox.o)
    0x000016a8   0x00000028   Code   RO          542    i.rt_get_first      RTX_CM3.LIB(rt_list.o)
    0x000016d0   0x00000044   Code   RO          315    i.rt_init_context   RTX_CM3.LIB(rt_task.o)
    0x00001714   0x00000050   Code   RO          416    i.rt_init_stack     RTX_CM3.LIB(hal_cm3.o)
    0x00001764   0x000000c0   Code   RO          703    i.rt_mbx_psh        RTX_CM3.LIB(rt_mailbox.o)
    0x00001824   0x00000078   Code   RO          460    i.rt_pop_req        RTX_CM3.LIB(rt_system.o)
    0x0000189c   0x00000036   Code   RO          546    i.rt_put_prio       RTX_CM3.LIB(rt_list.o)
    0x000018d2   0x00000002   PAD
    0x000018d4   0x00000014   Code   RO          547    i.rt_put_rdy_first  RTX_CM3.LIB(rt_list.o)
    0x000018e8   0x00000034   Code   RO          548    i.rt_resort_prio    RTX_CM3.LIB(rt_list.o)
    0x0000191c   0x00000028   Code   RO          549    i.rt_rmv_dly        RTX_CM3.LIB(rt_list.o)
    0x00001944   0x00000030   Code   RO          550    i.rt_rmv_list       RTX_CM3.LIB(rt_list.o)
    0x00001974   0x00000034   Code   RO          749    i.rt_sem_psh        RTX_CM3.LIB(rt_semaphore.o)
    0x000019a8   0x00000024   Code   RO          463    i.rt_stk_check      RTX_CM3.LIB(rt_system.o)
    0x000019cc   0x00000028   Code   RO          316    i.rt_switch_req     RTX_CM3.LIB(rt_task.o)
    0x000019f4   0x00000158   Code   RO          317    i.rt_sys_init       RTX_CM3.LIB(rt_task.o)
    0x00001b4c   0x0000003c   Code   RO          465    i.rt_systick        RTX_CM3.LIB(rt_system.o)
    0x00001b88   0x00000040   Code   RO          818    i.rt_tmr_tick       RTX_CM3.LIB(rt_timer.o)
    0x00001bc8   0x00000094   Code   RO          318    i.rt_tsk_create     RTX_CM3.LIB(rt_task.o)
    0x00001c5c   0x00000080   Code   RO          321    i.rt_tsk_prio       RTX_CM3.LIB(rt_task.o)
    0x00001cdc   0x00000028   Data   RO           97    .constdata          rtx_conf_cm.o
    0x00001d04   0x00001880   Data   RO          254    .constdata          glcd_spi_lpc1700.o
    0x00003584   0x00000020   Data   RO          921    Region$$Table       anon$$obj.o


    Execution Region RW_IRAM1 (Base: 0x10000000, Size: 0x000074c0, Max: 0x00008000, ABSOLUTE)

    Base Addr    Size         Type   Attr      Idx    E Section Name        Object

    0x10000000   0x00000004   Data   RW           98    .data               rtx_conf_cm.o
    0x10000004   0x00000004   Data   RW          118    .data               system_lpc17xx.o
    0x10000008   0x00000020   Data   RW          149    .data               uart.o
    0x10000028   0x00000006   Data   RW          255    .data               glcd_spi_lpc1700.o
    0x1000002e   0x00000002   PAD
    0x10000030   0x00000008   Data   RW          324    .data               RTX_CM3.LIB(rt_task.o)
    0x10000038   0x00000001   Data   RW          417    .data               RTX_CM3.LIB(hal_cm3.o)
    0x10000039   0x00000003   PAD
    0x1000003c   0x00000008   Data   RW          468    .data               RTX_CM3.LIB(rt_system.o)
    0x10000044   0x00000004   Data   RW          787    .data               RTX_CM3.LIB(rt_time.o)
    0x10000048   0x00000008   Data   RW          819    .data               RTX_CM3.LIB(rt_timer.o)
    0x10000050   0x00000004   Data   RW          870    .data               mc_w.l(rand.o)
    0x10000054   0x00000004   Data   RW          917    .data               mc_w.l(mvars.o)
    0x10000058   0x00000004   Data   RW          918    .data               mc_w.l(mvars.o)
    0x1000005c   0x00000004   PAD
    0x10000060   0x0000597c   Zero   RW           96    .bss                rtx_conf_cm.o
    0x100059dc   0x00000080   Zero   RW          148    .bss                uart.o
    0x10005a5c   0x00000030   Zero   RW          323    .bss                RTX_CM3.LIB(rt_task.o)
    0x10005a8c   0x00000030   Zero   RW          551    .bss                RTX_CM3.LIB(rt_list.o)
    0x10005abc   0x00000004   PAD
    0x10005ac0   0x00001200   Zero   RW            2    HEAP                startup_lpc17xx.o
    0x10006cc0   0x00000800   Zero   RW            1    STACK               startup_lpc17xx.o


==============================================================================

Image component sizes


      Code (inc. data)   RO Data    RW Data    ZI Data      Debug   Object Name

         0          0          0          0          0       1204   circle.o
      2092         58       6272          6          0       8196   glcd_spi_lpc1700.o
       308         34          0          0          0      52948   main.o
        12          0         40          4      22908       2039   rtx_conf_cm.o
        40         12        204          0       6656        852   startup_lpc17xx.o
       792         78          0          4          0        921   system_lpc17xx.o
       940         60          0         32        128      45515   uart.o
       138          0          0          0          0       1363   util.o

    ----------------------------------------------------------------------
      4324        242       6548         48      29692     113038   Object Totals
         0          0         32          0          0          0   (incl. Generated)
         2          0          0          2          0          0   (incl. Padding)

    ----------------------------------------------------------------------

      Code (inc. data)   RO Data    RW Data    ZI Data      Debug   Library Member Name

         4          4          0          0          0        136   SVC_Table.o
       516         56          0          1          0       2465   hal_cm3.o
        76          4          0          0          0        541   rt_event.o
       370         26          0          0         48       3297   rt_list.o
       192          4          0          0          0        605   rt_mailbox.o
       128          0          0          0          0       1489   rt_membox.o
        52          6          0          0          0        453   rt_semaphore.o
       258         42          0          8          0       2962   rt_system.o
       796        140          0          8         48       5797   rt_task.o
         0          0          0          4          0        150   rt_time.o
        64          8          0          8          0        583   rt_timer.o
         0          0          0          0          0          0   entry.o
         8          4          0          0          0          0   entry2.o
         4          0          0          0          0          0   entry5.o
         0          0          0          0          0          0   entry7b.o
         8          4          0          0          0          0   entry8.o
        30          0          0          0          0          0   handlers.o
        36          8          0          0          0         68   init.o
        30          0          0          0          0         68   llshl.o
        32          0          0          0          0         68   llushr.o
       108         16          0          0          0         84   malloc.o
         0          0          0          8          0          0   mvars.o
        36         10          0          4          0        136   rand.o
        98          0          0          0          0         92   uldiv.o

    ----------------------------------------------------------------------
      2860        332          0         44        104      18994   Library Totals
        14          0          0          3          8          0   (incl. Padding)

    ----------------------------------------------------------------------

      Code (inc. data)   RO Data    RW Data    ZI Data      Debug   Library Name

      2456        290          0         29         96      18478   RTX_CM3.LIB
       390         42          0         12          0        516   mc_w.l

    ----------------------------------------------------------------------
      2860        332          0         44        104      18994   Library Totals

    ----------------------------------------------------------------------

==============================================================================


      Code (inc. data)   RO Data    RW Data    ZI Data      Debug   

      7184        574       6548         92      29796     129848   Grand Totals
      7184        574       6548         92      29796     129848   ELF Image Totals
      7184        574       6548         92          0          0   ROM Totals

==============================================================================

    Total RO  Size (Code + RO Data)                13732 (  13.41kB)
    Total RW  Size (RW Data + ZI Data)             29888 (  29.19kB)
    Total ROM Size (Code + RO Data + RW Data)      13824 (  13.50kB)

==============================================================================

