<html>
<body>
<pre>
<h1>µVision Build Log</h1>
<h2>Project:</h2>
C:\Users\egorchak\Downloads\MTE-241\MTE-241-master\Lab4\project_3.uvproj
Project File Date:  11/24/2014

<h2>Output:</h2>
Rebuild target 'Target 1'
assembling startup_LPC17xx.s...
compiling Retarget.c...
compiling RTX_Conf_CM.c...
compiling system_LPC17xx.c...
compiling uart.c...
compiling Serial.c...
compiling GLCD_Scroll.c...
GLCD_Scroll.c(117): warning:  #223-D: function "strlen" declared implicitly
compiling GLCD_SPI_LPC1700.c...
compiling animation.c...
sync.h(16): warning:  #1-D: last line of file ends without a newline
compiling peripherals.c...
sync.h(16): warning:  #1-D: last line of file ends without a newline
peripherals.c(93): warning:  #1-D: last line of file ends without a newline
compiling tasks.c...
sync.h(16): warning:  #1-D: last line of file ends without a newline
tasks.c(87): warning:  #223-D: function "ADC_value" declared implicitly
tasks.c(96): warning:  #223-D: function "ADC_convert" declared implicitly
compiling util.c...
util.c(29): warning:  #177-D: variable "w2" was declared but never referenced
linking...
Program Size: Code=9884 RO-data=6552 RW-data=132 ZI-data=32548  
"project_4.axf" - 0 Error(s), 8 Warning(s).
Load "C:\\Users\\egorchak\\Downloads\\MTE-241\\MTE-241-master\\Lab4\\project_4.AXF" 
Erase Done.
Programming Done.
Verify OK.
Rebuild target 'Target 1'
assembling startup_LPC17xx.s...
compiling Retarget.c...
compiling RTX_Conf_CM.c...
compiling system_LPC17xx.c...
compiling uart.c...
compiling Serial.c...
compiling GLCD_Scroll.c...
GLCD_Scroll.c(117): warning:  #223-D: function "strlen" declared implicitly
compiling GLCD_SPI_LPC1700.c...
compiling animation.c...
sync.h(16): warning:  #1-D: last line of file ends without a newline
compiling peripherals.c...
sync.h(16): warning:  #1-D: last line of file ends without a newline
peripherals.c(123): error:  #20: identifier "ledPosArray" is undefined
peripherals.c(138): error:  #20: identifier "ledPosArray" is undefined
peripherals.c(148): warning:  #1-D: last line of file ends without a newline
compiling tasks.c...
sync.h(16): warning:  #1-D: last line of file ends without a newline
tasks.c(87): warning:  #223-D: function "ADC_value" declared implicitly
tasks.c(96): warning:  #223-D: function "ADC_convert" declared implicitly
compiling util.c...
util.c(29): warning:  #177-D: variable "w2" was declared but never referenced
Target not created
Rebuild target 'Target 1'
assembling startup_LPC17xx.s...
compiling Retarget.c...
compiling RTX_Conf_CM.c...
compiling system_LPC17xx.c...
compiling uart.c...
compiling Serial.c...
compiling GLCD_Scroll.c...
GLCD_Scroll.c(117): warning:  #223-D: function "strlen" declared implicitly
compiling GLCD_SPI_LPC1700.c...
compiling animation.c...
sync.h(16): warning:  #1-D: last line of file ends without a newline
compiling peripherals.c...
sync.h(16): warning:  #1-D: last line of file ends without a newline
peripherals.c(148): warning:  #1-D: last line of file ends without a newline
compiling tasks.c...
sync.h(16): warning:  #1-D: last line of file ends without a newline
tasks.c(87): warning:  #223-D: function "ADC_value" declared implicitly
tasks.c(96): warning:  #223-D: function "ADC_convert" declared implicitly
compiling util.c...
util.c(29): warning:  #177-D: variable "w2" was declared but never referenced
linking...
Program Size: Code=9938 RO-data=6550 RW-data=132 ZI-data=32548  
"project_4.axf" - 0 Error(s), 8 Warning(s).
Load "C:\\Users\\egorchak\\Downloads\\MTE-241\\MTE-241-master\\Lab4\\project_4.AXF" 
Erase Done.
Programming Done.
Verify OK.
Rebuild target 'Target 1'
assembling startup_LPC17xx.s...
compiling Retarget.c...
compiling RTX_Conf_CM.c...
compiling system_LPC17xx.c...
compiling uart.c...
compiling Serial.c...
compiling GLCD_Scroll.c...
GLCD_Scroll.c(117): warning:  #223-D: function "strlen" declared implicitly
compiling GLCD_SPI_LPC1700.c...
compiling animation.c...
sync.h(16): warning:  #1-D: last line of file ends without a newline
compiling peripherals.c...
sync.h(16): warning:  #1-D: last line of file ends without a newline
peripherals.c(148): warning:  #1-D: last line of file ends without a newline
compiling tasks.c...
sync.h(16): warning:  #1-D: last line of file ends without a newline
tasks.c(88): warning:  #223-D: function "ADC_value" declared implicitly
tasks.c(97): warning:  #223-D: function "ADC_convert" declared implicitly
tasks.c(120): error:  #20: identifier "led" is undefined
tasks.c(122): error:  #65: expected a ";"
tasks.c(125): error:  #65: expected a ";"
compiling util.c...
util.c(29): warning:  #177-D: variable "w2" was declared but never referenced
Target not created
Rebuild target 'Target 1'
assembling startup_LPC17xx.s...
compiling Retarget.c...
compiling RTX_Conf_CM.c...
compiling system_LPC17xx.c...
compiling uart.c...
compiling Serial.c...
compiling GLCD_Scroll.c...
GLCD_Scroll.c(117): warning:  #223-D: function "strlen" declared implicitly
compiling GLCD_SPI_LPC1700.c...
compiling animation.c...
sync.h(16): warning:  #1-D: last line of file ends without a newline
compiling peripherals.c...
sync.h(16): warning:  #1-D: last line of file ends without a newline
peripherals.c(148): warning:  #1-D: last line of file ends without a newline
compiling tasks.c...
sync.h(16): warning:  #1-D: last line of file ends without a newline
tasks.c(88): warning:  #223-D: function "ADC_value" declared implicitly
tasks.c(97): warning:  #223-D: function "ADC_convert" declared implicitly
tasks.c(120): error:  #20: identifier "led" is undefined
compiling util.c...
util.c(29): warning:  #177-D: variable "w2" was declared but never referenced
Target not created
Rebuild target 'Target 1'
assembling startup_LPC17xx.s...
compiling Retarget.c...
compiling RTX_Conf_CM.c...
compiling system_LPC17xx.c...
compiling uart.c...
compiling Serial.c...
compiling GLCD_Scroll.c...
GLCD_Scroll.c(117): warning:  #223-D: function "strlen" declared implicitly
compiling GLCD_SPI_LPC1700.c...
compiling animation.c...
sync.h(16): warning:  #1-D: last line of file ends without a newline
compiling peripherals.c...
sync.h(16): warning:  #1-D: last line of file ends without a newline
peripherals.c(148): warning:  #1-D: last line of file ends without a newline
compiling tasks.c...
sync.h(16): warning:  #1-D: last line of file ends without a newline
tasks.c(88): warning:  #223-D: function "ADC_value" declared implicitly
tasks.c(97): warning:  #223-D: function "ADC_convert" declared implicitly
compiling util.c...
util.c(29): warning:  #177-D: variable "w2" was declared but never referenced
linking...
Program Size: Code=9986 RO-data=6558 RW-data=132 ZI-data=32548  
"project_4.axf" - 0 Error(s), 8 Warning(s).
Load "C:\\Users\\egorchak\\Downloads\\MTE-241\\MTE-241-master\\Lab4\\project_4.AXF" 
Erase Done.
Programming Done.
Verify OK.
Rebuild target 'Target 1'
assembling startup_LPC17xx.s...
compiling Retarget.c...
compiling RTX_Conf_CM.c...
compiling system_LPC17xx.c...
compiling uart.c...
compiling Serial.c...
compiling GLCD_Scroll.c...
GLCD_Scroll.c(117): warning:  #223-D: function "strlen" declared implicitly
compiling GLCD_SPI_LPC1700.c...
compiling animation.c...
sync.h(16): warning:  #1-D: last line of file ends without a newline
compiling peripherals.c...
sync.h(16): warning:  #1-D: last line of file ends without a newline
peripherals.c(148): warning:  #1-D: last line of file ends without a newline
compiling tasks.c...
sync.h(16): warning:  #1-D: last line of file ends without a newline
tasks.c(88): warning:  #223-D: function "ADC_value" declared implicitly
tasks.c(97): warning:  #223-D: function "ADC_convert" declared implicitly
compiling util.c...
util.c(29): warning:  #177-D: variable "w2" was declared but never referenced
linking...
Program Size: Code=9986 RO-data=6558 RW-data=132 ZI-data=32548  
"project_4.axf" - 0 Error(s), 8 Warning(s).
Load "C:\\Users\\egorchak\\Downloads\\MTE-241\\MTE-241-master\\Lab4\\project_4.AXF" 
Erase Done.
Programming Done.
Verify OK.
Rebuild target 'Target 1'
assembling startup_LPC17xx.s...
compiling Retarget.c...
compiling RTX_Conf_CM.c...
compiling system_LPC17xx.c...
compiling uart.c...
compiling Serial.c...
compiling GLCD_Scroll.c...
GLCD_Scroll.c(117): warning:  #223-D: function "strlen" declared implicitly
compiling GLCD_SPI_LPC1700.c...
compiling animation.c...
sync.h(16): warning:  #1-D: last line of file ends without a newline
compiling peripherals.c...
sync.h(16): warning:  #1-D: last line of file ends without a newline
peripherals.c(124): error:  #147-D: declaration is incompatible with "void LED_turn_on(void)" (declared at line 15 of "peripherals.h")
peripherals.c(139): error:  #147-D: declaration is incompatible with "void LED_turn_off(void)" (declared at line 16 of "peripherals.h")
peripherals.c(150): warning:  #1-D: last line of file ends without a newline
compiling tasks.c...
sync.h(16): warning:  #1-D: last line of file ends without a newline
tasks.c(88): warning:  #223-D: function "ADC_value" declared implicitly
tasks.c(97): warning:  #223-D: function "ADC_convert" declared implicitly
tasks.c(121): warning:  #223-D: function "LED_turn_on" declared implicitly
tasks.c(123): warning:  #223-D: function "LED_turn_off" declared implicitly
tasks.c(106): warning:  #177-D: variable "mask" was declared but never referenced
compiling util.c...
util.c(29): warning:  #177-D: variable "w2" was declared but never referenced
Target not created
Rebuild target 'Target 1'
assembling startup_LPC17xx.s...
compiling Retarget.c...
compiling RTX_Conf_CM.c...
compiling system_LPC17xx.c...
compiling uart.c...
compiling Serial.c...
compiling GLCD_Scroll.c...
GLCD_Scroll.c(117): warning:  #223-D: function "strlen" declared implicitly
compiling GLCD_SPI_LPC1700.c...
compiling animation.c...
sync.h(16): warning:  #1-D: last line of file ends without a newline
compiling peripherals.c...
sync.h(16): warning:  #1-D: last line of file ends without a newline
peripherals.c(150): warning:  #1-D: last line of file ends without a newline
compiling tasks.c...
sync.h(16): warning:  #1-D: last line of file ends without a newline
tasks.c(88): warning:  #223-D: function "ADC_value" declared implicitly
tasks.c(97): warning:  #223-D: function "ADC_convert" declared implicitly
tasks.c(121): warning:  #223-D: function "LED_turn_on" declared implicitly
tasks.c(123): warning:  #223-D: function "LED_turn_off" declared implicitly
tasks.c(106): warning:  #177-D: variable "mask" was declared but never referenced
compiling util.c...
util.c(29): warning:  #177-D: variable "w2" was declared but never referenced
linking...
Program Size: Code=10034 RO-data=6558 RW-data=132 ZI-data=32548  
"project_4.axf" - 0 Error(s), 11 Warning(s).
Load "C:\\Users\\egorchak\\Downloads\\MTE-241\\MTE-241-master\\Lab4\\project_4.AXF" 
Erase Done.
Programming Done.
Verify OK.
Rebuild target 'Target 1'
assembling startup_LPC17xx.s...
compiling Retarget.c...
compiling RTX_Conf_CM.c...
compiling system_LPC17xx.c...
compiling uart.c...
compiling Serial.c...
compiling GLCD_Scroll.c...
GLCD_Scroll.c(117): warning:  #223-D: function "strlen" declared implicitly
compiling GLCD_SPI_LPC1700.c...
compiling animation.c...
sync.h(16): warning:  #1-D: last line of file ends without a newline
compiling peripherals.c...
sync.h(16): warning:  #1-D: last line of file ends without a newline
peripherals.c(150): warning:  #1-D: last line of file ends without a newline
compiling tasks.c...
sync.h(16): warning:  #1-D: last line of file ends without a newline
tasks.c(88): warning:  #223-D: function "ADC_value" declared implicitly
tasks.c(97): warning:  #223-D: function "ADC_convert" declared implicitly
tasks.c(121): warning:  #223-D: function "LED_turn_on" declared implicitly
tasks.c(123): warning:  #223-D: function "LED_turn_off" declared implicitly
tasks.c(106): warning:  #177-D: variable "mask" was declared but never referenced
compiling util.c...
util.c(29): warning:  #177-D: variable "w2" was declared but never referenced
linking...
Program Size: Code=10034 RO-data=6558 RW-data=132 ZI-data=32548  
"project_4.axf" - 0 Error(s), 11 Warning(s).
Load "C:\\Users\\egorchak\\Downloads\\MTE-241\\MTE-241-master\\Lab4\\project_4.AXF" 
Erase Done.
Programming Done.
Verify OK.
Rebuild target 'Target 1'
assembling startup_LPC17xx.s...
compiling Retarget.c...
compiling RTX_Conf_CM.c...
compiling system_LPC17xx.c...
compiling uart.c...
compiling Serial.c...
compiling GLCD_Scroll.c...
GLCD_Scroll.c(117): warning:  #223-D: function "strlen" declared implicitly
compiling GLCD_SPI_LPC1700.c...
compiling animation.c...
sync.h(16): warning:  #1-D: last line of file ends without a newline
compiling peripherals.c...
sync.h(16): warning:  #1-D: last line of file ends without a newline
peripherals.c(150): warning:  #1-D: last line of file ends without a newline
compiling tasks.c...
sync.h(16): warning:  #1-D: last line of file ends without a newline
tasks.c(88): warning:  #223-D: function "ADC_value" declared implicitly
tasks.c(97): warning:  #223-D: function "ADC_convert" declared implicitly
tasks.c(121): warning:  #223-D: function "LED_turn_on" declared implicitly
tasks.c(123): warning:  #223-D: function "LED_turn_off" declared implicitly
tasks.c(106): warning:  #177-D: variable "mask" was declared but never referenced
compiling util.c...
util.c(29): warning:  #177-D: variable "w2" was declared but never referenced
linking...
Program Size: Code=10034 RO-data=6558 RW-data=132 ZI-data=32548  
"project_4.axf" - 0 Error(s), 11 Warning(s).
Load "C:\\Users\\egorchak\\Downloads\\MTE-241\\MTE-241-master\\Lab4\\project_4.AXF" 
Erase Done.
Programming Done.
Verify OK.
Rebuild target 'Target 1'
assembling startup_LPC17xx.s...
compiling Retarget.c...
compiling RTX_Conf_CM.c...
compiling system_LPC17xx.c...
compiling uart.c...
compiling Serial.c...
compiling GLCD_Scroll.c...
GLCD_Scroll.c(117): warning:  #223-D: function "strlen" declared implicitly
compiling GLCD_SPI_LPC1700.c...
compiling animation.c...
sync.h(16): warning:  #1-D: last line of file ends without a newline
compiling peripherals.c...
sync.h(16): warning:  #1-D: last line of file ends without a newline
peripherals.c(150): warning:  #1-D: last line of file ends without a newline
compiling tasks.c...
sync.h(16): warning:  #1-D: last line of file ends without a newline
tasks.c(88): warning:  #223-D: function "ADC_value" declared implicitly
tasks.c(97): warning:  #223-D: function "ADC_convert" declared implicitly
tasks.c(121): warning:  #223-D: function "LED_turn_on" declared implicitly
tasks.c(123): warning:  #223-D: function "LED_turn_off" declared implicitly
tasks.c(106): warning:  #177-D: variable "mask" was declared but never referenced
compiling util.c...
util.c(29): warning:  #177-D: variable "w2" was declared but never referenced
linking...
Program Size: Code=10034 RO-data=6558 RW-data=132 ZI-data=32548  
"project_4.axf" - 0 Error(s), 11 Warning(s).
Load "C:\\Users\\egorchak\\Downloads\\MTE-241\\MTE-241-master\\Lab4\\project_4.AXF" 
Erase Done.
Programming Done.
Verify OK.
Rebuild target 'Target 1'
assembling startup_LPC17xx.s...
compiling Retarget.c...
compiling RTX_Conf_CM.c...
compiling system_LPC17xx.c...
compiling uart.c...
compiling Serial.c...
compiling GLCD_Scroll.c...
GLCD_Scroll.c(117): warning:  #223-D: function "strlen" declared implicitly
compiling GLCD_SPI_LPC1700.c...
compiling animation.c...
sync.h(16): warning:  #1-D: last line of file ends without a newline
compiling peripherals.c...
sync.h(16): warning:  #1-D: last line of file ends without a newline
peripherals.c(150): warning:  #1-D: last line of file ends without a newline
compiling tasks.c...
sync.h(16): warning:  #1-D: last line of file ends without a newline
tasks.c(88): warning:  #223-D: function "ADC_value" declared implicitly
tasks.c(97): warning:  #223-D: function "ADC_convert" declared implicitly
tasks.c(121): warning:  #223-D: function "LED_turn_on" declared implicitly
tasks.c(123): warning:  #223-D: function "LED_turn_off" declared implicitly
tasks.c(106): warning:  #177-D: variable "mask" was declared but never referenced
compiling util.c...
util.c(29): warning:  #177-D: variable "w2" was declared but never referenced
linking...
Program Size: Code=10038 RO-data=6558 RW-data=132 ZI-data=32548  
"project_4.axf" - 0 Error(s), 11 Warning(s).
Load "C:\\Users\\egorchak\\Downloads\\MTE-241\\MTE-241-master\\Lab4\\project_4.AXF" 
Erase Done.
Programming Done.
Verify OK.
Rebuild target 'Target 1'
assembling startup_LPC17xx.s...
compiling Retarget.c...
compiling RTX_Conf_CM.c...
compiling system_LPC17xx.c...
compiling uart.c...
compiling Serial.c...
compiling GLCD_Scroll.c...
GLCD_Scroll.c(117): warning:  #223-D: function "strlen" declared implicitly
compiling GLCD_SPI_LPC1700.c...
compiling animation.c...
sync.h(16): warning:  #1-D: last line of file ends without a newline
compiling peripherals.c...
sync.h(16): warning:  #1-D: last line of file ends without a newline
peripherals.c(150): warning:  #1-D: last line of file ends without a newline
compiling tasks.c...
sync.h(16): warning:  #1-D: last line of file ends without a newline
tasks.c(88): warning:  #223-D: function "ADC_value" declared implicitly
tasks.c(97): warning:  #223-D: function "ADC_convert" declared implicitly
tasks.c(121): warning:  #223-D: function "LED_turn_on" declared implicitly
tasks.c(123): warning:  #223-D: function "LED_turn_off" declared implicitly
tasks.c(106): warning:  #177-D: variable "mask" was declared but never referenced
compiling util.c...
util.c(29): warning:  #177-D: variable "w2" was declared but never referenced
linking...
Program Size: Code=10038 RO-data=6558 RW-data=132 ZI-data=32548  
"project_4.axf" - 0 Error(s), 11 Warning(s).
Load "C:\\Users\\egorchak\\Downloads\\MTE-241\\MTE-241-master\\Lab4\\project_4.AXF" 
Erase Done.
Programming Done.
Verify OK.
Rebuild target 'Target 1'
assembling startup_LPC17xx.s...
compiling Retarget.c...
compiling RTX_Conf_CM.c...
compiling system_LPC17xx.c...
compiling uart.c...
compiling Serial.c...
compiling GLCD_Scroll.c...
GLCD_Scroll.c(117): warning:  #223-D: function "strlen" declared implicitly
compiling GLCD_SPI_LPC1700.c...
compiling animation.c...
sync.h(16): warning:  #1-D: last line of file ends without a newline
compiling peripherals.c...
sync.h(16): warning:  #1-D: last line of file ends without a newline
peripherals.c(150): warning:  #1-D: last line of file ends without a newline
compiling tasks.c...
sync.h(16): warning:  #1-D: last line of file ends without a newline
tasks.c(88): warning:  #223-D: function "ADC_value" declared implicitly
tasks.c(97): warning:  #223-D: function "ADC_convert" declared implicitly
tasks.c(121): warning:  #223-D: function "LED_turn_on" declared implicitly
tasks.c(123): warning:  #223-D: function "LED_turn_off" declared implicitly
tasks.c(106): warning:  #177-D: variable "mask" was declared but never referenced
compiling util.c...
util.c(29): warning:  #177-D: variable "w2" was declared but never referenced
linking...
Program Size: Code=10038 RO-data=6558 RW-data=132 ZI-data=32548  
"project_4.axf" - 0 Error(s), 11 Warning(s).
Load "C:\\Users\\egorchak\\Downloads\\MTE-241\\MTE-241-master\\Lab4\\project_4.AXF" 
Erase Done.
Programming Done.
Verify OK.
Rebuild target 'Target 1'
assembling startup_LPC17xx.s...
compiling Retarget.c...
compiling RTX_Conf_CM.c...
compiling system_LPC17xx.c...
compiling uart.c...
compiling Serial.c...
compiling GLCD_Scroll.c...
GLCD_Scroll.c(117): warning:  #223-D: function "strlen" declared implicitly
compiling GLCD_SPI_LPC1700.c...
compiling animation.c...
sync.h(16): warning:  #1-D: last line of file ends without a newline
compiling peripherals.c...
sync.h(16): warning:  #1-D: last line of file ends without a newline
peripherals.c(153): error:  #20: identifier "i" is undefined
peripherals.c(159): warning:  #1-D: last line of file ends without a newline
compiling tasks.c...
sync.h(16): warning:  #1-D: last line of file ends without a newline
tasks.c(36): warning:  #223-D: function "update_LEDs" declared implicitly
tasks.c(90): warning:  #223-D: function "ADC_value" declared implicitly
tasks.c(99): warning:  #223-D: function "ADC_convert" declared implicitly
tasks.c(107): warning:  #177-D: variable "i" was declared but never referenced
tasks.c(107): warning:  #177-D: variable "tmp" was declared but never referenced
tasks.c(108): warning:  #177-D: variable "mask" was declared but never referenced
compiling util.c...
util.c(29): warning:  #177-D: variable "w2" was declared but never referenced
Target not created
Rebuild target 'Target 1'
assembling startup_LPC17xx.s...
compiling Retarget.c...
compiling RTX_Conf_CM.c...
compiling system_LPC17xx.c...
compiling uart.c...
compiling Serial.c...
compiling GLCD_Scroll.c...
GLCD_Scroll.c(117): warning:  #223-D: function "strlen" declared implicitly
compiling GLCD_SPI_LPC1700.c...
compiling animation.c...
sync.h(16): warning:  #1-D: last line of file ends without a newline
compiling peripherals.c...
sync.h(16): warning:  #1-D: last line of file ends without a newline
peripherals.c(160): warning:  #1-D: last line of file ends without a newline
compiling tasks.c...
sync.h(16): warning:  #1-D: last line of file ends without a newline
tasks.c(36): warning:  #223-D: function "update_LEDs" declared implicitly
tasks.c(90): warning:  #223-D: function "ADC_value" declared implicitly
tasks.c(99): warning:  #223-D: function "ADC_convert" declared implicitly
tasks.c(107): warning:  #177-D: variable "i" was declared but never referenced
tasks.c(107): warning:  #177-D: variable "tmp" was declared but never referenced
tasks.c(108): warning:  #177-D: variable "mask" was declared but never referenced
compiling util.c...
util.c(29): warning:  #177-D: variable "w2" was declared but never referenced
linking...
Program Size: Code=10114 RO-data=6558 RW-data=132 ZI-data=32548  
"project_4.axf" - 0 Error(s), 12 Warning(s).
Load "C:\\Users\\egorchak\\Downloads\\MTE-241\\MTE-241-master\\Lab4\\project_4.AXF" 
Erase Done.
Programming Done.
Verify OK.
Rebuild target 'Target 1'
assembling startup_LPC17xx.s...
compiling Retarget.c...
compiling RTX_Conf_CM.c...
compiling system_LPC17xx.c...
compiling uart.c...
compiling Serial.c...
compiling GLCD_Scroll.c...
GLCD_Scroll.c(117): warning:  #223-D: function "strlen" declared implicitly
compiling GLCD_SPI_LPC1700.c...
compiling animation.c...
sync.h(16): warning:  #1-D: last line of file ends without a newline
compiling peripherals.c...
sync.h(16): warning:  #1-D: last line of file ends without a newline
peripherals.c(160): warning:  #1-D: last line of file ends without a newline
compiling tasks.c...
sync.h(16): warning:  #1-D: last line of file ends without a newline
tasks.c(36): warning:  #223-D: function "update_LEDs" declared implicitly
tasks.c(69): error:  #154: expression must have struct or union type
tasks.c(69): error:  #154: expression must have struct or union type
tasks.c(69): error:  #154: expression must have struct or union type
tasks.c(90): error:  #154: expression must have struct or union type
tasks.c(91): warning:  #223-D: function "ADC_value" declared implicitly
tasks.c(100): warning:  #223-D: function "ADC_convert" declared implicitly
tasks.c(108): warning:  #177-D: variable "i" was declared but never referenced
tasks.c(108): warning:  #177-D: variable "tmp" was declared but never referenced
tasks.c(109): warning:  #177-D: variable "mask" was declared but never referenced
compiling util.c...
util.c(29): warning:  #177-D: variable "w2" was declared but never referenced
Target not created
Rebuild target 'Target 1'
assembling startup_LPC17xx.s...
compiling Retarget.c...
compiling RTX_Conf_CM.c...
compiling system_LPC17xx.c...
compiling uart.c...
compiling Serial.c...
compiling GLCD_Scroll.c...
GLCD_Scroll.c(117): warning:  #223-D: function "strlen" declared implicitly
compiling GLCD_SPI_LPC1700.c...
compiling animation.c...
sync.h(16): warning:  #1-D: last line of file ends without a newline
compiling peripherals.c...
sync.h(16): warning:  #1-D: last line of file ends without a newline
peripherals.c(160): warning:  #1-D: last line of file ends without a newline
compiling tasks.c...
sync.h(16): warning:  #1-D: last line of file ends without a newline
tasks.c(36): warning:  #223-D: function "update_LEDs" declared implicitly
tasks.c(69): error:  #154: expression must have struct or union type
tasks.c(69): error:  #154: expression must have struct or union type
tasks.c(91): warning:  #223-D: function "ADC_value" declared implicitly
tasks.c(100): warning:  #223-D: function "ADC_convert" declared implicitly
tasks.c(108): warning:  #177-D: variable "i" was declared but never referenced
tasks.c(108): warning:  #177-D: variable "tmp" was declared but never referenced
tasks.c(109): warning:  #177-D: variable "mask" was declared but never referenced
compiling util.c...
util.c(29): warning:  #177-D: variable "w2" was declared but never referenced
Target not created
Rebuild target 'Target 1'
assembling startup_LPC17xx.s...
compiling Retarget.c...
compiling RTX_Conf_CM.c...
compiling system_LPC17xx.c...
compiling uart.c...
compiling Serial.c...
compiling GLCD_Scroll.c...
GLCD_Scroll.c(117): warning:  #223-D: function "strlen" declared implicitly
compiling GLCD_SPI_LPC1700.c...
compiling animation.c...
sync.h(16): warning:  #1-D: last line of file ends without a newline
compiling peripherals.c...
sync.h(16): warning:  #1-D: last line of file ends without a newline
peripherals.c(160): warning:  #1-D: last line of file ends without a newline
compiling tasks.c...
sync.h(16): warning:  #1-D: last line of file ends without a newline
tasks.c(36): warning:  #223-D: function "update_LEDs" declared implicitly
tasks.c(91): warning:  #223-D: function "ADC_value" declared implicitly
tasks.c(100): warning:  #223-D: function "ADC_convert" declared implicitly
tasks.c(108): warning:  #177-D: variable "i" was declared but never referenced
tasks.c(108): warning:  #177-D: variable "tmp" was declared but never referenced
tasks.c(109): warning:  #177-D: variable "mask" was declared but never referenced
compiling util.c...
util.c(29): warning:  #177-D: variable "w2" was declared but never referenced
linking...
Program Size: Code=10086 RO-data=6558 RW-data=132 ZI-data=32548  
"project_4.axf" - 0 Error(s), 12 Warning(s).
Load "C:\\Users\\egorchak\\Downloads\\MTE-241\\MTE-241-master\\Lab4\\project_4.AXF" 
Erase Done.
Programming Done.
Verify OK.
Rebuild target 'Target 1'
assembling startup_LPC17xx.s...
compiling Retarget.c...
compiling RTX_Conf_CM.c...
compiling system_LPC17xx.c...
compiling uart.c...
compiling Serial.c...
compiling GLCD_Scroll.c...
GLCD_Scroll.c(117): warning:  #223-D: function "strlen" declared implicitly
compiling GLCD_SPI_LPC1700.c...
compiling animation.c...
sync.h(16): warning:  #1-D: last line of file ends without a newline
compiling peripherals.c...
sync.h(16): warning:  #1-D: last line of file ends without a newline
peripherals.c(160): warning:  #1-D: last line of file ends without a newline
compiling tasks.c...
sync.h(16): warning:  #1-D: last line of file ends without a newline
tasks.c(36): warning:  #223-D: function "update_LEDs" declared implicitly
tasks.c(91): warning:  #223-D: function "ADC_value" declared implicitly
tasks.c(100): warning:  #223-D: function "ADC_convert" declared implicitly
tasks.c(108): warning:  #177-D: variable "i" was declared but never referenced
tasks.c(108): warning:  #177-D: variable "tmp" was declared but never referenced
tasks.c(109): warning:  #177-D: variable "mask" was declared but never referenced
compiling util.c...
util.c(29): warning:  #177-D: variable "w2" was declared but never referenced
linking...
Program Size: Code=10086 RO-data=6558 RW-data=132 ZI-data=32548  
"project_4.axf" - 0 Error(s), 12 Warning(s).
Load "C:\\Users\\egorchak\\Downloads\\MTE-241\\MTE-241-master\\Lab4\\project_4.AXF" 
Erase Done.
Programming Done.
Verify OK.
Rebuild target 'Target 1'
assembling startup_LPC17xx.s...
compiling Retarget.c...
compiling RTX_Conf_CM.c...
compiling system_LPC17xx.c...
compiling uart.c...
compiling Serial.c...
compiling GLCD_Scroll.c...
GLCD_Scroll.c(117): warning:  #223-D: function "strlen" declared implicitly
compiling GLCD_SPI_LPC1700.c...
compiling animation.c...
sync.h(16): warning:  #1-D: last line of file ends without a newline
compiling peripherals.c...
sync.h(16): warning:  #1-D: last line of file ends without a newline
peripherals.c(160): warning:  #1-D: last line of file ends without a newline
compiling tasks.c...
sync.h(16): warning:  #1-D: last line of file ends without a newline
tasks.c(36): warning:  #223-D: function "update_LEDs" declared implicitly
tasks.c(91): warning:  #223-D: function "ADC_value" declared implicitly
tasks.c(100): warning:  #223-D: function "ADC_convert" declared implicitly
tasks.c(108): warning:  #177-D: variable "i" was declared but never referenced
tasks.c(108): warning:  #177-D: variable "tmp" was declared but never referenced
tasks.c(109): warning:  #177-D: variable "mask" was declared but never referenced
compiling util.c...
util.c(29): warning:  #177-D: variable "w2" was declared but never referenced
linking...
Program Size: Code=10090 RO-data=6558 RW-data=132 ZI-data=32548  
"project_4.axf" - 0 Error(s), 12 Warning(s).
Load "C:\\Users\\egorchak\\Downloads\\MTE-241\\MTE-241-master\\Lab4\\project_4.AXF" 
Erase Done.
Programming Done.
Verify OK.
Rebuild target 'Target 1'
assembling startup_LPC17xx.s...
compiling Retarget.c...
compiling RTX_Conf_CM.c...
compiling system_LPC17xx.c...
compiling uart.c...
compiling Serial.c...
compiling GLCD_Scroll.c...
GLCD_Scroll.c(117): warning:  #223-D: function "strlen" declared implicitly
compiling GLCD_SPI_LPC1700.c...
compiling animation.c...
sync.h(16): warning:  #1-D: last line of file ends without a newline
compiling peripherals.c...
sync.h(16): warning:  #1-D: last line of file ends without a newline
peripherals.c(160): warning:  #1-D: last line of file ends without a newline
compiling tasks.c...
sync.h(16): warning:  #1-D: last line of file ends without a newline
tasks.c(36): warning:  #223-D: function "update_LEDs" declared implicitly
tasks.c(91): warning:  #223-D: function "ADC_value" declared implicitly
tasks.c(100): warning:  #223-D: function "ADC_convert" declared implicitly
tasks.c(108): warning:  #177-D: variable "i" was declared but never referenced
tasks.c(108): warning:  #177-D: variable "tmp" was declared but never referenced
tasks.c(109): warning:  #177-D: variable "mask" was declared but never referenced
compiling util.c...
util.c(29): warning:  #177-D: variable "w2" was declared but never referenced
linking...
project_4.axf: Error: L6406E: No space in execution regions with .ANY selector matching rtx_conf_cm.o(.bss).
project_4.axf: Error: L6406E: No space in execution regions with .ANY selector matching rtx_conf_cm.o(.bss).
project_4.axf: Error: L6406E: No space in execution regions with .ANY selector matching uart.o(.bss).
project_4.axf: Error: L6406E: No space in execution regions with .ANY selector matching rt_list.o(.bss).
project_4.axf: Error: L6406E: No space in execution regions with .ANY selector matching tasks.o(.data).
project_4.axf: Error: L6406E: No space in execution regions with .ANY selector matching uart.o(.data).
project_4.axf: Error: L6406E: No space in execution regions with .ANY selector matching tasks.o(.bss).
project_4.axf: Error: L6406E: No space in execution regions with .ANY selector matching rt_task.o(.data).
project_4.axf: Error: L6406E: No space in execution regions with .ANY selector matching rt_system.o(.data).
project_4.axf: Error: L6406E: No space in execution regions with .ANY selector matching rt_robin.o(.data).
project_4.axf: Error: L6406E: No space in execution regions with .ANY selector matching rt_timer.o(.data).
project_4.axf: Error: L6406E: No space in execution regions with .ANY selector matching glcd_spi_lpc1700.o(.data).
project_4.axf: Error: L6406E: No space in execution regions with .ANY selector matching rtx_conf_cm.o(.data).
project_4.axf: Error: L6406E: No space in execution regions with .ANY selector matching system_lpc17xx.o(.data).
project_4.axf: Error: L6406E: No space in execution regions with .ANY selector matching animation.o(.data).
project_4.axf: Error: L6406E: No space in execution regions with .ANY selector matching animation.o(.data).
project_4.axf: Error: L6406E: No space in execution regions with .ANY selector matching rt_time.o(.data).
project_4.axf: Error: L6406E: No space in execution regions with .ANY selector matching rand.o(.data).
project_4.axf: Error: L6406E: No space in execution regions with .ANY selector matching mvars.o(.data).
project_4.axf: Error: L6406E: No space in execution regions with .ANY selector matching mvars.o(.data).
project_4.axf: Error: L6406E: No space in execution regions with .ANY selector matching animation.o(.data).
project_4.axf: Error: L6406E: No space in execution regions with .ANY selector matching retarget.o(.data).
project_4.axf: Error: L6406E: No space in execution regions with .ANY selector matching animation.o(.data).
project_4.axf: Error: L6406E: No space in execution regions with .ANY selector matching hal_cm3.o(.data).
project_4.axf: Error: L6407E: Sections of aggregate size 0x264 bytes could not fit into .ANY selector(s).
Target not created
Rebuild target 'Target 1'
assembling startup_LPC17xx.s...
compiling Retarget.c...
compiling RTX_Conf_CM.c...
compiling system_LPC17xx.c...
compiling uart.c...
compiling Serial.c...
compiling GLCD_Scroll.c...
GLCD_Scroll.c(117): warning:  #223-D: function "strlen" declared implicitly
compiling GLCD_SPI_LPC1700.c...
compiling animation.c...
sync.h(16): warning:  #1-D: last line of file ends without a newline
compiling peripherals.c...
sync.h(16): warning:  #1-D: last line of file ends without a newline
peripherals.c(160): warning:  #1-D: last line of file ends without a newline
compiling tasks.c...
sync.h(16): warning:  #1-D: last line of file ends without a newline
tasks.c(36): warning:  #223-D: function "update_LEDs" declared implicitly
tasks.c(91): warning:  #223-D: function "ADC_value" declared implicitly
tasks.c(100): warning:  #223-D: function "ADC_convert" declared implicitly
tasks.c(108): warning:  #177-D: variable "i" was declared but never referenced
tasks.c(108): warning:  #177-D: variable "tmp" was declared but never referenced
tasks.c(109): warning:  #177-D: variable "mask" was declared but never referenced
compiling util.c...
util.c(29): warning:  #177-D: variable "w2" was declared but never referenced
linking...
project_4.axf: Error: L6406E: No space in execution regions with .ANY selector matching rtx_conf_cm.o(.data).
project_4.axf: Error: L6406E: No space in execution regions with .ANY selector matching system_lpc17xx.o(.data).
project_4.axf: Error: L6406E: No space in execution regions with .ANY selector matching animation.o(.data).
project_4.axf: Error: L6406E: No space in execution regions with .ANY selector matching animation.o(.data).
project_4.axf: Error: L6406E: No space in execution regions with .ANY selector matching rt_time.o(.data).
project_4.axf: Error: L6406E: No space in execution regions with .ANY selector matching rand.o(.data).
project_4.axf: Error: L6406E: No space in execution regions with .ANY selector matching mvars.o(.data).
project_4.axf: Error: L6406E: No space in execution regions with .ANY selector matching mvars.o(.data).
project_4.axf: Error: L6406E: No space in execution regions with .ANY selector matching animation.o(.data).
project_4.axf: Error: L6406E: No space in execution regions with .ANY selector matching retarget.o(.data).
project_4.axf: Error: L6406E: No space in execution regions with .ANY selector matching animation.o(.data).
project_4.axf: Error: L6406E: No space in execution regions with .ANY selector matching hal_cm3.o(.data).
project_4.axf: Error: L6407E: Sections of aggregate size 0x30 bytes could not fit into .ANY selector(s).
Target not created
Rebuild target 'Target 1'
assembling startup_LPC17xx.s...
compiling Retarget.c...
compiling RTX_Conf_CM.c...
compiling system_LPC17xx.c...
compiling uart.c...
compiling Serial.c...
compiling GLCD_Scroll.c...
GLCD_Scroll.c(117): warning:  #223-D: function "strlen" declared implicitly
compiling GLCD_SPI_LPC1700.c...
compiling animation.c...
sync.h(16): warning:  #1-D: last line of file ends without a newline
compiling peripherals.c...
sync.h(16): warning:  #1-D: last line of file ends without a newline
peripherals.c(160): warning:  #1-D: last line of file ends without a newline
compiling tasks.c...
sync.h(16): warning:  #1-D: last line of file ends without a newline
tasks.c(36): warning:  #223-D: function "update_LEDs" declared implicitly
tasks.c(91): warning:  #223-D: function "ADC_value" declared implicitly
tasks.c(100): warning:  #223-D: function "ADC_convert" declared implicitly
tasks.c(108): warning:  #177-D: variable "i" was declared but never referenced
tasks.c(108): warning:  #177-D: variable "tmp" was declared but never referenced
tasks.c(109): warning:  #177-D: variable "mask" was declared but never referenced
compiling util.c...
util.c(29): warning:  #177-D: variable "w2" was declared but never referenced
linking...
Program Size: Code=10090 RO-data=6558 RW-data=132 ZI-data=32548  
"project_4.axf" - 0 Error(s), 12 Warning(s).
Rebuild target 'Target 1'
assembling startup_LPC17xx.s...
compiling Retarget.c...
compiling RTX_Conf_CM.c...
compiling system_LPC17xx.c...
compiling uart.c...
compiling Serial.c...
compiling GLCD_Scroll.c...
GLCD_Scroll.c(117): warning:  #223-D: function "strlen" declared implicitly
compiling GLCD_SPI_LPC1700.c...
compiling animation.c...
sync.h(16): warning:  #1-D: last line of file ends without a newline
compiling peripherals.c...
sync.h(16): warning:  #1-D: last line of file ends without a newline
peripherals.c(160): warning:  #1-D: last line of file ends without a newline
compiling tasks.c...
sync.h(16): warning:  #1-D: last line of file ends without a newline
tasks.c(36): warning:  #223-D: function "update_LEDs" declared implicitly
tasks.c(91): warning:  #223-D: function "ADC_value" declared implicitly
tasks.c(100): warning:  #223-D: function "ADC_convert" declared implicitly
tasks.c(108): warning:  #177-D: variable "i" was declared but never referenced
tasks.c(108): warning:  #177-D: variable "tmp" was declared but never referenced
tasks.c(109): warning:  #177-D: variable "mask" was declared but never referenced
compiling util.c...
util.c(29): warning:  #177-D: variable "w2" was declared but never referenced
linking...
Program Size: Code=10114 RO-data=6558 RW-data=132 ZI-data=32548  
"project_4.axf" - 0 Error(s), 12 Warning(s).
Load "C:\\Users\\egorchak\\Downloads\\MTE-241\\MTE-241-master\\Lab4\\project_4.AXF" 
Erase Done.
Programming Done.
Verify OK.
Rebuild target 'Target 1'
assembling startup_LPC17xx.s...
compiling Retarget.c...
compiling RTX_Conf_CM.c...
compiling system_LPC17xx.c...
compiling uart.c...
compiling Serial.c...
compiling GLCD_Scroll.c...
GLCD_Scroll.c(117): warning:  #223-D: function "strlen" declared implicitly
compiling GLCD_SPI_LPC1700.c...
compiling animation.c...
sync.h(16): warning:  #1-D: last line of file ends without a newline
compiling peripherals.c...
sync.h(16): warning:  #1-D: last line of file ends without a newline
peripherals.c(160): warning:  #1-D: last line of file ends without a newline
compiling tasks.c...
sync.h(16): warning:  #1-D: last line of file ends without a newline
tasks.c(36): warning:  #223-D: function "update_LEDs" declared implicitly
tasks.c(91): warning:  #223-D: function "ADC_value" declared implicitly
tasks.c(100): warning:  #223-D: function "ADC_convert" declared implicitly
tasks.c(108): warning:  #177-D: variable "i" was declared but never referenced
tasks.c(108): warning:  #177-D: variable "tmp" was declared but never referenced
tasks.c(109): warning:  #177-D: variable "mask" was declared but never referenced
compiling util.c...
util.c(29): warning:  #177-D: variable "w2" was declared but never referenced
linking...
Program Size: Code=10090 RO-data=6558 RW-data=132 ZI-data=32548  
"project_4.axf" - 0 Error(s), 12 Warning(s).
Load "C:\\Users\\egorchak\\Downloads\\MTE-241\\MTE-241-master\\Lab4\\project_4.AXF" 
Erase Done.
Programming Done.
Verify OK.
Rebuild target 'Target 1'
assembling startup_LPC17xx.s...
compiling Retarget.c...
compiling RTX_Conf_CM.c...
compiling system_LPC17xx.c...
compiling uart.c...
compiling Serial.c...
compiling GLCD_Scroll.c...
GLCD_Scroll.c(117): warning:  #223-D: function "strlen" declared implicitly
compiling GLCD_SPI_LPC1700.c...
compiling animation.c...
sync.h(16): warning:  #1-D: last line of file ends without a newline
compiling peripherals.c...
sync.h(16): warning:  #1-D: last line of file ends without a newline
peripherals.c(160): warning:  #1-D: last line of file ends without a newline
compiling tasks.c...
sync.h(16): warning:  #1-D: last line of file ends without a newline
tasks.c(36): warning:  #223-D: function "update_LEDs" declared implicitly
tasks.c(91): warning:  #223-D: function "ADC_value" declared implicitly
tasks.c(100): warning:  #223-D: function "ADC_convert" declared implicitly
tasks.c(108): warning:  #177-D: variable "i" was declared but never referenced
tasks.c(108): warning:  #177-D: variable "tmp" was declared but never referenced
tasks.c(109): warning:  #177-D: variable "mask" was declared but never referenced
compiling util.c...
util.c(29): warning:  #177-D: variable "w2" was declared but never referenced
linking...
Program Size: Code=10114 RO-data=6558 RW-data=132 ZI-data=32548  
"project_4.axf" - 0 Error(s), 12 Warning(s).
Load "C:\\Users\\egorchak\\Downloads\\MTE-241\\MTE-241-master\\Lab4\\project_4.AXF" 
Erase Done.
Programming Done.
Verify OK.
