ARM Linker, 5.03 [Build 76] [MDK-ARM Lite]

==============================================================================

Section Cross References

    startup_lpc17xx.o(RESET) refers to startup_lpc17xx.o(STACK) for __initial_sp
    startup_lpc17xx.o(RESET) refers to startup_lpc17xx.o(.text) for Reset_Handler
    startup_lpc17xx.o(RESET) refers to hal_cm3.o(.emb_text) for SVC_Handler
    startup_lpc17xx.o(RESET) refers to uart.o(.text) for UART0_IRQHandler
    startup_lpc17xx.o(RESET) refers to peripherals.o(.text) for EINT3_IRQHandler
    startup_lpc17xx.o(.text) refers to system_lpc17xx.o(.text) for SystemInit
    startup_lpc17xx.o(.text) refers to entry.o(.ARM.Collect$$$$00000000) for __main
    retarget.o(.text) refers to uart.o(.text) for UARTInit
    retarget.o(.text) refers to retarget.o(.data) for uart_init_called
    system_lpc17xx.o(.text) refers to uldiv.o(.text) for __aeabi_uldivmod
    system_lpc17xx.o(.text) refers to system_lpc17xx.o(.data) for SystemCoreClock
    uart.o(.text) refers to uart.o(.data) for RcvLock0
    uart.o(.text) refers to uart.o(.bss) for UART0Buffer
    uart.o(.text) refers to system_lpc17xx.o(.data) for SystemCoreClock
    glcd_scroll.o(.text) refers to glcd_spi_lpc1700.o(.text) for GLCD_Init
    glcd_scroll.o(.text) refers to glcd_scroll.o(i.last_line) for last_line
    glcd_scroll.o(.text) refers to strlen.o(.text) for strlen
    glcd_scroll.o(.text) refers to glcd_scroll.o(i.last_window_line) for last_window_line
    glcd_scroll.o(.text) refers to glcd_scroll.o(.data) for cache_start
    glcd_scroll.o(.text) refers to glcd_scroll.o(.bss) for chache
    glcd_spi_lpc1700.o(.text) refers to glcd_spi_lpc1700.o(.data) for driverCode
    glcd_spi_lpc1700.o(.text) refers to glcd_spi_lpc1700.o(.constdata) for Font_6x8_h
    animation.o(.text) refers to system_lpc17xx.o(.text) for SystemInit
    animation.o(.text) refers to peripherals.o(.text) for INT0_init
    animation.o(.text) refers to hal_cm3.o(.emb_text) for os_set_env
    animation.o(.text) refers to tasks.o(.text) for init_task
    animation.o(.text) refers to rt_task.o(i.rt_sys_init) for rt_sys_init
    peripherals.o(.text) refers to glcd_spi_lpc1700.o(.text) for GLCD_Clear
    peripherals.o(.text) refers to tasks.o(.data) for add_random_object_sem
    peripherals.o(.text) refers to rt_semaphore.o(i.rt_sem_send) for rt_sem_send
    tasks.o(.text) refers to rand.o(.text) for srand
    tasks.o(.text) refers to glcd_spi_lpc1700.o(.text) for GLCD_Clear
    tasks.o(.text) refers to util.o(.text) for draw_rectangle
    tasks.o(.text) refers to tasks.o(.data) for add_random_object_sem
    tasks.o(.text) refers to rt_semaphore.o(i.rt_sem_wait) for rt_sem_wait
    tasks.o(.text) refers to animation.o(.data) for active_objects
    tasks.o(.text) refers to rt_time.o(i.rt_time_get) for rt_time_get
    tasks.o(.text) refers to animation.o(.bss) for objects
    tasks.o(.text) refers to rt_semaphore.o(i.rt_sem_send) for rt_sem_send
    tasks.o(.text) refers to rt_task.o(i.rt_tsk_prio) for rt_tsk_prio
    tasks.o(.text) refers to rt_task.o(i.rt_tsk_create) for rt_tsk_create
    tasks.o(.text) refers to rt_semaphore.o(i.rt_sem_init) for rt_sem_init
    util.o(.text) refers to malloc.o(i.malloc) for malloc
    util.o(.text) refers to glcd_spi_lpc1700.o(.text) for GLCD_Bitmap
    util.o(.text) refers to malloc.o(i.free) for free
    rt_task.o(i.rt_block) refers to rt_list.o(i.rt_put_dly) for rt_put_dly
    rt_task.o(i.rt_block) refers to rt_list.o(i.rt_get_first) for rt_get_first
    rt_task.o(i.rt_block) refers to rt_task.o(i.rt_switch_req) for rt_switch_req
    rt_task.o(i.rt_block) refers to rt_task.o(.data) for .data
    rt_task.o(i.rt_block) refers to rt_list.o(.bss) for os_rdy
    rt_task.o(i.rt_dispatch) refers to rt_list.o(i.rt_put_rdy_first) for rt_put_rdy_first
    rt_task.o(i.rt_dispatch) refers to rt_task.o(i.rt_switch_req) for rt_switch_req
    rt_task.o(i.rt_dispatch) refers to rt_list.o(i.rt_get_first) for rt_get_first
    rt_task.o(i.rt_dispatch) refers to rt_list.o(i.rt_put_prio) for rt_put_prio
    rt_task.o(i.rt_dispatch) refers to rt_task.o(.data) for .data
    rt_task.o(i.rt_dispatch) refers to rt_list.o(.bss) for os_rdy
    rt_task.o(i.rt_init_context) refers to rt_membox.o(i.rt_alloc_box) for rt_alloc_box
    rt_task.o(i.rt_init_context) refers to hal_cm3.o(i.rt_init_stack) for rt_init_stack
    rt_task.o(i.rt_init_context) refers to rtx_conf_cm.o(.bss) for mp_stk
    rt_task.o(i.rt_switch_req) refers to hal_cm3.o(i.dbg_task_switch) for dbg_task_switch
    rt_task.o(i.rt_switch_req) refers to rt_task.o(.data) for .data
    rt_task.o(i.rt_switch_req) refers to hal_cm3.o(.data) for dbg_msg
    rt_task.o(i.rt_sys_init) refers to hal_cm3.o(i.dbg_init) for dbg_init
    rt_task.o(i.rt_sys_init) refers to rt_membox.o(i._init_box) for _init_box
    rt_task.o(i.rt_sys_init) refers to rt_task.o(i.rt_init_context) for rt_init_context
    rt_task.o(i.rt_sys_init) refers to hal_cm3.o(.emb_text) for rt_set_PSP
    rt_task.o(i.rt_sys_init) refers to rtx_conf_cm.o(.text) for rt_init_robin
    rt_task.o(i.rt_sys_init) refers to rt_system.o(i.os_tick_init) for os_tick_init
    rt_task.o(i.rt_sys_init) refers to rt_task.o(i.rt_tsk_create) for rt_tsk_create
    rt_task.o(i.rt_sys_init) refers to rtx_conf_cm.o(.bss) for os_active_TCB
    rt_task.o(i.rt_sys_init) refers to rtx_conf_cm.o(.constdata) for os_maxtaskrun
    rt_task.o(i.rt_sys_init) refers to rtx_conf_cm.o(.data) for m_tmr
    rt_task.o(i.rt_sys_init) refers to rt_task.o(.bss) for .bss
    rt_task.o(i.rt_sys_init) refers to rt_list.o(.bss) for os_rdy
    rt_task.o(i.rt_sys_init) refers to rt_task.o(.data) for .data
    rt_task.o(i.rt_sys_init) refers to rt_system.o(.data) for os_tick_irqn
    rt_task.o(i.rt_tsk_create) refers to rt_membox.o(i.rt_alloc_box) for rt_alloc_box
    rt_task.o(i.rt_tsk_create) refers to rt_task.o(i.rt_init_context) for rt_init_context
    rt_task.o(i.rt_tsk_create) refers to hal_cm3.o(i.dbg_task_notify) for dbg_task_notify
    rt_task.o(i.rt_tsk_create) refers to rt_task.o(i.rt_dispatch) for rt_dispatch
    rt_task.o(i.rt_tsk_create) refers to rtx_conf_cm.o(.bss) for mp_tcb
    rt_task.o(i.rt_tsk_create) refers to rtx_conf_cm.o(.constdata) for os_maxtaskrun
    rt_task.o(i.rt_tsk_create) refers to hal_cm3.o(.data) for dbg_msg
    rt_task.o(i.rt_tsk_create) refers to rt_task.o(.data) for .data
    rt_task.o(i.rt_tsk_delete) refers to hal_cm3.o(.emb_text) for rt_get_PSP
    rt_task.o(i.rt_tsk_delete) refers to rt_system.o(i.rt_stk_check) for rt_stk_check
    rt_task.o(i.rt_tsk_delete) refers to rt_list.o(i.rt_get_first) for rt_get_first
    rt_task.o(i.rt_tsk_delete) refers to rt_list.o(i.rt_rmv_dly) for rt_rmv_dly
    rt_task.o(i.rt_tsk_delete) refers to rt_list.o(i.rt_put_prio) for rt_put_prio
    rt_task.o(i.rt_tsk_delete) refers to rt_membox.o(i.rt_free_box) for rt_free_box
    rt_task.o(i.rt_tsk_delete) refers to hal_cm3.o(i.dbg_task_notify) for dbg_task_notify
    rt_task.o(i.rt_tsk_delete) refers to rt_list.o(i.rt_rmv_list) for rt_rmv_list
    rt_task.o(i.rt_tsk_delete) refers to rt_task.o(i.rt_dispatch) for rt_dispatch
    rt_task.o(i.rt_tsk_delete) refers to hal_cm3.o(.data) for dbg_msg
    rt_task.o(i.rt_tsk_delete) refers to rtx_conf_cm.o(.bss) for os_active_TCB
    rt_task.o(i.rt_tsk_delete) refers to rt_task.o(.data) for .data
    rt_task.o(i.rt_tsk_delete) refers to rt_list.o(.bss) for os_rdy
    rt_task.o(i.rt_tsk_delete) refers to rtx_conf_cm.o(.constdata) for os_maxtaskrun
    rt_task.o(i.rt_tsk_pass) refers to rt_list.o(i.rt_get_same_rdy_prio) for rt_get_same_rdy_prio
    rt_task.o(i.rt_tsk_pass) refers to rt_list.o(i.rt_put_prio) for rt_put_prio
    rt_task.o(i.rt_tsk_pass) refers to rt_task.o(i.rt_switch_req) for rt_switch_req
    rt_task.o(i.rt_tsk_pass) refers to rt_task.o(.data) for .data
    rt_task.o(i.rt_tsk_pass) refers to rt_list.o(.bss) for os_rdy
    rt_task.o(i.rt_tsk_prio) refers to rt_list.o(i.rt_put_prio) for rt_put_prio
    rt_task.o(i.rt_tsk_prio) refers to rt_list.o(i.rt_resort_prio) for rt_resort_prio
    rt_task.o(i.rt_tsk_prio) refers to rt_list.o(i.rt_get_first) for rt_get_first
    rt_task.o(i.rt_tsk_prio) refers to rt_task.o(i.rt_dispatch) for rt_dispatch
    rt_task.o(i.rt_tsk_prio) refers to rt_task.o(.data) for .data
    rt_task.o(i.rt_tsk_prio) refers to rtx_conf_cm.o(.constdata) for os_maxtaskrun
    rt_task.o(i.rt_tsk_prio) refers to rtx_conf_cm.o(.bss) for os_active_TCB
    rt_task.o(i.rt_tsk_prio) refers to rt_list.o(.bss) for os_rdy
    rt_task.o(i.rt_tsk_self) refers to rt_task.o(.data) for .data
    rt_semaphore.o(i.isr_sem_send) refers to rt_list.o(i.rt_psq_enq) for rt_psq_enq
    rt_semaphore.o(i.isr_sem_send) refers to rt_system.o(i.rt_psh_req) for rt_psh_req
    rt_semaphore.o(i.rt_sem_psh) refers to rt_list.o(i.rt_get_first) for rt_get_first
    rt_semaphore.o(i.rt_sem_psh) refers to rt_list.o(i.rt_rmv_dly) for rt_rmv_dly
    rt_semaphore.o(i.rt_sem_psh) refers to rt_list.o(i.rt_put_prio) for rt_put_prio
    rt_semaphore.o(i.rt_sem_psh) refers to rt_list.o(.bss) for os_rdy
    rt_semaphore.o(i.rt_sem_send) refers to rt_list.o(i.rt_get_first) for rt_get_first
    rt_semaphore.o(i.rt_sem_send) refers to rt_list.o(i.rt_rmv_dly) for rt_rmv_dly
    rt_semaphore.o(i.rt_sem_send) refers to rt_task.o(i.rt_dispatch) for rt_dispatch
    rt_semaphore.o(i.rt_sem_send) refers to rt_task.o(.data) for os_tsk
    rt_semaphore.o(i.rt_sem_wait) refers to rt_list.o(i.rt_put_prio) for rt_put_prio
    rt_semaphore.o(i.rt_sem_wait) refers to rt_task.o(i.rt_block) for rt_block
    rt_semaphore.o(i.rt_sem_wait) refers to rt_task.o(.data) for os_tsk
    rt_time.o(i.rt_dly_wait) refers to rt_task.o(i.rt_block) for rt_block
    rt_time.o(i.rt_itv_set) refers to rt_task.o(.data) for os_tsk
    rt_time.o(i.rt_itv_set) refers to rt_time.o(.data) for .data
    rt_time.o(i.rt_itv_wait) refers to rt_task.o(i.rt_block) for rt_block
    rt_time.o(i.rt_itv_wait) refers to rt_task.o(.data) for os_tsk
    rt_time.o(i.rt_itv_wait) refers to rt_time.o(.data) for .data
    rt_time.o(i.rt_time_get) refers to rt_time.o(.data) for .data
    hal_cm3.o(.emb_text) refers to rtx_conf_cm.o(.constdata) for os_flags
    hal_cm3.o(.emb_text) refers to rt_membox.o(i.rt_alloc_box) for rt_alloc_box
    hal_cm3.o(.emb_text) refers to rt_membox.o(i.rt_free_box) for rt_free_box
    hal_cm3.o(.emb_text) refers to rt_system.o(i.rt_stk_check) for rt_stk_check
    hal_cm3.o(.emb_text) refers to rt_task.o(.data) for os_tsk
    hal_cm3.o(.emb_text) refers to SVC_Table.o(SVC_TABLE) for SVC_Count
    hal_cm3.o(.emb_text) refers to rt_system.o(i.rt_pop_req) for rt_pop_req
    hal_cm3.o(.emb_text) refers to rt_system.o(i.rt_systick) for rt_systick
    hal_cm3.o(.emb_text) refers to rt_system.o(i.os_tick_irqack) for os_tick_irqack
    hal_cm3.o(i.dbg_init) refers to hal_cm3.o(.data) for .data
    hal_cm3.o(i.rt_init_stack) refers to rtx_conf_cm.o(.constdata) for os_stackinfo
    rt_system.o(i.os_tick_init) refers to rtx_conf_cm.o(.constdata) for os_trv
    rt_system.o(i.rt_pop_req) refers to rt_list.o(i.rt_put_rdy_first) for rt_put_rdy_first
    rt_system.o(i.rt_pop_req) refers to rt_semaphore.o(i.rt_sem_psh) for rt_sem_psh
    rt_system.o(i.rt_pop_req) refers to rt_list.o(i.rt_get_first) for rt_get_first
    rt_system.o(i.rt_pop_req) refers to rt_task.o(i.rt_switch_req) for rt_switch_req
    rt_system.o(i.rt_pop_req) refers to rt_event.o(i.rt_evt_psh) for rt_evt_psh
    rt_system.o(i.rt_pop_req) refers to rt_mailbox.o(i.rt_mbx_psh) for rt_mbx_psh
    rt_system.o(i.rt_pop_req) refers to rt_task.o(.data) for os_tsk
    rt_system.o(i.rt_pop_req) refers to rtx_conf_cm.o(.bss) for os_fifo
    rt_system.o(i.rt_pop_req) refers to rt_list.o(.bss) for os_rdy
    rt_system.o(i.rt_psh_req) refers to rt_system.o(.data) for .data
    rt_system.o(i.rt_resume) refers to rt_list.o(i.rt_put_rdy_first) for rt_put_rdy_first
    rt_system.o(i.rt_resume) refers to rt_list.o(i.rt_dec_dly) for rt_dec_dly
    rt_system.o(i.rt_resume) refers to rt_timer.o(i.rt_tmr_tick) for rt_tmr_tick
    rt_system.o(i.rt_resume) refers to rt_list.o(i.rt_get_first) for rt_get_first
    rt_system.o(i.rt_resume) refers to rt_task.o(i.rt_switch_req) for rt_switch_req
    rt_system.o(i.rt_resume) refers to rt_system.o(i.rt_tsk_unlock) for rt_tsk_unlock
    rt_system.o(i.rt_resume) refers to rt_task.o(.data) for os_tsk
    rt_system.o(i.rt_resume) refers to rt_robin.o(.data) for os_robin
    rt_system.o(i.rt_resume) refers to rt_list.o(.bss) for os_dly
    rt_system.o(i.rt_resume) refers to rt_time.o(.data) for os_time
    rt_system.o(i.rt_resume) refers to rt_timer.o(.data) for os_tmr
    rt_system.o(i.rt_stk_check) refers to rtx_conf_cm.o(.text) for os_error
    rt_system.o(i.rt_stk_check) refers to rt_task.o(.data) for os_tsk
    rt_system.o(i.rt_suspend) refers to rt_system.o(i.rt_tsk_lock) for rt_tsk_lock
    rt_system.o(i.rt_suspend) refers to rt_list.o(.bss) for os_dly
    rt_system.o(i.rt_suspend) refers to rt_timer.o(.data) for os_tmr
    rt_system.o(i.rt_systick) refers to rt_list.o(i.rt_put_rdy_first) for rt_put_rdy_first
    rt_system.o(i.rt_systick) refers to rtx_conf_cm.o(.text) for rt_chk_robin
    rt_system.o(i.rt_systick) refers to rt_list.o(i.rt_dec_dly) for rt_dec_dly
    rt_system.o(i.rt_systick) refers to rt_timer.o(i.rt_tmr_tick) for rt_tmr_tick
    rt_system.o(i.rt_systick) refers to rt_list.o(i.rt_get_first) for rt_get_first
    rt_system.o(i.rt_systick) refers to rt_task.o(i.rt_switch_req) for rt_switch_req
    rt_system.o(i.rt_systick) refers to rt_task.o(.data) for os_tsk
    rt_system.o(i.rt_systick) refers to rt_time.o(.data) for os_time
    rt_system.o(i.rt_systick) refers to rt_list.o(.bss) for os_rdy
    rt_system.o(i.rt_tsk_lock) refers to rt_system.o(.data) for .data
    rt_system.o(i.rt_tsk_unlock) refers to rt_system.o(.data) for .data
    rt_list.o(i.rt_dec_dly) refers to rt_list.o(i.rt_put_prio) for rt_put_prio
    rt_list.o(i.rt_dec_dly) refers to rt_list.o(.bss) for .bss
    rt_list.o(i.rt_dec_dly) refers to rt_time.o(.data) for os_time
    rt_list.o(i.rt_get_same_rdy_prio) refers to rt_list.o(.bss) for .bss
    rt_list.o(i.rt_get_same_rdy_prio) refers to rt_task.o(.data) for os_tsk
    rt_list.o(i.rt_psq_enq) refers to rtx_conf_cm.o(.text) for os_error
    rt_list.o(i.rt_psq_enq) refers to rtx_conf_cm.o(.bss) for os_fifo
    rt_list.o(i.rt_put_dly) refers to rt_list.o(.bss) for .bss
    rt_list.o(i.rt_put_rdy_first) refers to rt_list.o(.bss) for .bss
    rt_list.o(i.rt_resort_prio) refers to rt_list.o(i.rt_rmv_list) for rt_rmv_list
    rt_list.o(i.rt_resort_prio) refers to rt_list.o(i.rt_put_prio) for rt_put_prio
    rt_list.o(i.rt_resort_prio) refers to rt_list.o(.bss) for .bss
    rt_list.o(i.rt_rmv_list) refers to rt_list.o(.bss) for .bss
    rt_membox.o(i._calloc_box) refers to hal_cm3.o(.emb_text) for _alloc_box
    rt_event.o(i.isr_evt_set) refers to rt_list.o(i.rt_psq_enq) for rt_psq_enq
    rt_event.o(i.isr_evt_set) refers to rt_system.o(i.rt_psh_req) for rt_psh_req
    rt_event.o(i.isr_evt_set) refers to rtx_conf_cm.o(.bss) for os_active_TCB
    rt_event.o(i.rt_evt_clr) refers to rtx_conf_cm.o(.bss) for os_active_TCB
    rt_event.o(i.rt_evt_get) refers to rt_task.o(.data) for os_tsk
    rt_event.o(i.rt_evt_psh) refers to rt_list.o(i.rt_rmv_dly) for rt_rmv_dly
    rt_event.o(i.rt_evt_psh) refers to rt_list.o(i.rt_put_prio) for rt_put_prio
    rt_event.o(i.rt_evt_psh) refers to rt_list.o(.bss) for os_rdy
    rt_event.o(i.rt_evt_set) refers to rt_list.o(i.rt_rmv_dly) for rt_rmv_dly
    rt_event.o(i.rt_evt_set) refers to rt_task.o(i.rt_dispatch) for rt_dispatch
    rt_event.o(i.rt_evt_set) refers to rtx_conf_cm.o(.bss) for os_active_TCB
    rt_event.o(i.rt_evt_wait) refers to rt_task.o(i.rt_block) for rt_block
    rt_event.o(i.rt_evt_wait) refers to rt_task.o(.data) for os_tsk
    rt_mailbox.o(i.isr_mbx_receive) refers to rt_list.o(i.rt_psq_enq) for rt_psq_enq
    rt_mailbox.o(i.isr_mbx_receive) refers to rt_system.o(i.rt_psh_req) for rt_psh_req
    rt_mailbox.o(i.isr_mbx_send) refers to rt_list.o(i.rt_psq_enq) for rt_psq_enq
    rt_mailbox.o(i.isr_mbx_send) refers to rt_system.o(i.rt_psh_req) for rt_psh_req
    rt_mailbox.o(i.rt_mbx_psh) refers to rt_list.o(i.rt_get_first) for rt_get_first
    rt_mailbox.o(i.rt_mbx_psh) refers to rt_list.o(i.rt_rmv_dly) for rt_rmv_dly
    rt_mailbox.o(i.rt_mbx_psh) refers to rt_list.o(i.rt_put_prio) for rt_put_prio
    rt_mailbox.o(i.rt_mbx_psh) refers to rtx_conf_cm.o(.text) for os_error
    rt_mailbox.o(i.rt_mbx_psh) refers to rt_list.o(.bss) for os_rdy
    rt_mailbox.o(i.rt_mbx_send) refers to rt_list.o(i.rt_put_prio) for rt_put_prio
    rt_mailbox.o(i.rt_mbx_send) refers to rt_list.o(i.rt_get_first) for rt_get_first
    rt_mailbox.o(i.rt_mbx_send) refers to rt_list.o(i.rt_rmv_dly) for rt_rmv_dly
    rt_mailbox.o(i.rt_mbx_send) refers to rt_task.o(i.rt_dispatch) for rt_dispatch
    rt_mailbox.o(i.rt_mbx_send) refers to rt_task.o(i.rt_block) for rt_block
    rt_mailbox.o(i.rt_mbx_send) refers to rt_task.o(.data) for os_tsk
    rt_mailbox.o(i.rt_mbx_wait) refers to rt_list.o(i.rt_get_first) for rt_get_first
    rt_mailbox.o(i.rt_mbx_wait) refers to rt_list.o(i.rt_rmv_dly) for rt_rmv_dly
    rt_mailbox.o(i.rt_mbx_wait) refers to rt_task.o(i.rt_dispatch) for rt_dispatch
    rt_mailbox.o(i.rt_mbx_wait) refers to rt_list.o(i.rt_put_prio) for rt_put_prio
    rt_mailbox.o(i.rt_mbx_wait) refers to rt_task.o(i.rt_block) for rt_block
    rt_mailbox.o(i.rt_mbx_wait) refers to rt_task.o(.data) for os_tsk
    rt_timer.o(i.rt_tmr_create) refers to rt_membox.o(i.rt_alloc_box) for rt_alloc_box
    rt_timer.o(i.rt_tmr_create) refers to rtx_conf_cm.o(.data) for m_tmr
    rt_timer.o(i.rt_tmr_create) refers to rt_timer.o(.data) for .data
    rt_timer.o(i.rt_tmr_kill) refers to rt_membox.o(i.rt_free_box) for rt_free_box
    rt_timer.o(i.rt_tmr_kill) refers to rt_timer.o(.data) for .data
    rt_timer.o(i.rt_tmr_kill) refers to rtx_conf_cm.o(.data) for m_tmr
    rt_timer.o(i.rt_tmr_tick) refers to rtx_conf_cm.o(.text) for os_tmr_call
    rt_timer.o(i.rt_tmr_tick) refers to rt_membox.o(i.rt_free_box) for rt_free_box
    rt_timer.o(i.rt_tmr_tick) refers to rt_timer.o(.data) for .data
    rt_timer.o(i.rt_tmr_tick) refers to rtx_conf_cm.o(.data) for m_tmr
    rt_robin.o(i.rt_chk_robin) refers to rt_list.o(i.rt_get_first) for rt_get_first
    rt_robin.o(i.rt_chk_robin) refers to rt_list.o(i.rt_put_prio) for rt_put_prio
    rt_robin.o(i.rt_chk_robin) refers to rt_robin.o(.data) for .data
    rt_robin.o(i.rt_chk_robin) refers to rt_list.o(.bss) for os_rdy
    rt_robin.o(i.rt_chk_robin) refers to rt_time.o(.data) for os_time
    rt_robin.o(i.rt_init_robin) refers to rt_robin.o(.data) for .data
    rt_robin.o(i.rt_init_robin) refers to rtx_conf_cm.o(.constdata) for os_rrobin
    entry.o(.ARM.Collect$$$$00000000) refers (Special) to entry10a.o(.ARM.Collect$$$$0000000D) for __rt_final_cpp
    entry.o(.ARM.Collect$$$$00000000) refers (Special) to entry11a.o(.ARM.Collect$$$$0000000F) for __rt_final_exit
    entry.o(.ARM.Collect$$$$00000000) refers (Special) to entry7b.o(.ARM.Collect$$$$00000008) for _main_clock
    entry.o(.ARM.Collect$$$$00000000) refers (Special) to entry8b.o(.ARM.Collect$$$$0000000A) for _main_cpp_init
    entry.o(.ARM.Collect$$$$00000000) refers (Special) to entry9a.o(.ARM.Collect$$$$0000000B) for _main_init
    entry.o(.ARM.Collect$$$$00000000) refers (Special) to entry5.o(.ARM.Collect$$$$00000004) for _main_scatterload
    entry.o(.ARM.Collect$$$$00000000) refers (Special) to entry2.o(.ARM.Collect$$$$00000001) for _main_stk
    uldiv.o(.text) refers to llushr.o(.text) for __aeabi_llsr
    uldiv.o(.text) refers to llshl.o(.text) for __aeabi_llsl
    rand.o(.text) refers to rand.o(.data) for .data
    malloc.o(i.free) refers to mvars.o(.data) for __microlib_freelist
    malloc.o(i.malloc) refers to mvars.o(.data) for __microlib_freelist_initialised
    malloc.o(i.malloc) refers to mvars.o(.data) for __microlib_freelist
    malloc.o(i.malloc) refers to startup_lpc17xx.o(HEAP) for __heap_base
    mallocr.o(i.__free$realloc) refers to mvars.o(.data) for __microlib_freelist
    mallocr.o(i.__malloc$realloc) refers to mallocr.o(i.internal_alloc) for internal_alloc
    mallocr.o(i.__malloc$realloc) refers to mvars.o(.data) for __microlib_freelist_initialised
    mallocr.o(i.__malloc$realloc) refers to startup_lpc17xx.o(HEAP) for __heap_base
    mallocr.o(i.__malloc$realloc) refers to mvars.o(.data) for __microlib_freelist
    mallocr.o(i.internal_alloc) refers to memcpya.o(.text) for __aeabi_memcpy
    mallocr.o(i.internal_alloc) refers to mvars.o(.data) for __microlib_freelist
    mallocr.o(i.realloc) refers to mallocr.o(i.__free$realloc) for __free$realloc
    mallocr.o(i.realloc) refers to mallocr.o(i.internal_alloc) for internal_alloc
    mallocr.o(i.realloc) refers to mallocr.o(i.__malloc$realloc) for __malloc$realloc
    mallocr.o(i.realloc) refers to mvars.o(.data) for __microlib_freelist
    malloca.o(i.__aligned_malloc) refers to mvars.o(.data) for __microlib_freelist_initialised
    malloca.o(i.__aligned_malloc) refers to mvars.o(.data) for __microlib_freelist
    malloca.o(i.__aligned_malloc) refers to startup_lpc17xx.o(HEAP) for __heap_base
    malloca.o(i.__free$memalign) refers to mvars.o(.data) for __microlib_freelist
    malloca.o(i.__malloc$memalign) refers to malloca.o(i.__aligned_malloc) for __aligned_malloc
    mallocra.o(i.__aligned_malloc$realloc) refers to mallocra.o(i.internal_alloc) for internal_alloc
    mallocra.o(i.__aligned_malloc$realloc) refers to mvars.o(.data) for __microlib_freelist_initialised
    mallocra.o(i.__aligned_malloc$realloc) refers to startup_lpc17xx.o(HEAP) for __heap_base
    mallocra.o(i.__aligned_malloc$realloc) refers to mvars.o(.data) for __microlib_freelist
    mallocra.o(i.__free$realloc$memalign) refers to mvars.o(.data) for __microlib_freelist
    mallocra.o(i.__malloc$realloc$memalign) refers to mallocra.o(i.__aligned_malloc$realloc) for __aligned_malloc$realloc
    mallocra.o(i.__realloc$memalign) refers to mallocra.o(i.__free$realloc$memalign) for __free$realloc$memalign
    mallocra.o(i.__realloc$memalign) refers to mallocra.o(i.internal_alloc) for internal_alloc
    mallocra.o(i.__realloc$memalign) refers to mallocra.o(i.__malloc$realloc$memalign) for __malloc$realloc$memalign
    mallocra.o(i.__realloc$memalign) refers to mvars.o(.data) for __microlib_freelist
    mallocra.o(i.internal_alloc) refers to memcpya.o(.text) for __aeabi_memcpy
    mallocra.o(i.internal_alloc) refers to mvars.o(.data) for __microlib_freelist
    entry2.o(.ARM.Collect$$$$00000001) refers to entry2.o(.ARM.Collect$$$$00002712) for __lit__00000000
    entry2.o(.ARM.Collect$$$$00002712) refers to startup_lpc17xx.o(STACK) for __initial_sp
    entry2.o(__vectab_stack_and_reset_area) refers to startup_lpc17xx.o(STACK) for __initial_sp
    entry2.o(__vectab_stack_and_reset_area) refers to entry.o(.ARM.Collect$$$$00000000) for __main
    entry5.o(.ARM.Collect$$$$00000004) refers to init.o(.text) for __scatterload
    entry9a.o(.ARM.Collect$$$$0000000B) refers to animation.o(.text) for main
    entry9b.o(.ARM.Collect$$$$0000000C) refers to animation.o(.text) for main
    init.o(.text) refers to entry5.o(.ARM.Collect$$$$00000004) for __main_after_scatterload
    glcd_scroll.o(i.last_line) refers to glcd_scroll.o(.data) for cache_start
    glcd_scroll.o(i.last_window_line) refers to glcd_scroll.o(.data) for window_start


==============================================================================

Removing Unused input sections from the image.

    Removing retarget.o(.text), (160 bytes).
    Removing retarget.o(.data), (12 bytes).
    Removing system_lpc17xx.o(.rev16_text), (4 bytes).
    Removing system_lpc17xx.o(.revsh_text), (4 bytes).
    Removing uart.o(.rev16_text), (4 bytes).
    Removing uart.o(.revsh_text), (4 bytes).
    Removing serial.o(.rev16_text), (4 bytes).
    Removing serial.o(.revsh_text), (4 bytes).
    Removing serial.o(.text), (128 bytes).
    Removing glcd_scroll.o(.rev16_text), (4 bytes).
    Removing glcd_scroll.o(.revsh_text), (4 bytes).
    Removing glcd_scroll.o(.text), (840 bytes).
    Removing glcd_scroll.o(.bss), (525 bytes).
    Removing glcd_scroll.o(.data), (20 bytes).
    Removing glcd_spi_lpc1700.o(.rev16_text), (4 bytes).
    Removing glcd_spi_lpc1700.o(.revsh_text), (4 bytes).
    Removing animation.o(.rev16_text), (4 bytes).
    Removing animation.o(.revsh_text), (4 bytes).
    Removing circle.o(.text), (48 bytes).
    Removing peripherals.o(.rev16_text), (4 bytes).
    Removing peripherals.o(.revsh_text), (4 bytes).
    Removing tasks.o(.rev16_text), (4 bytes).
    Removing tasks.o(.revsh_text), (4 bytes).
    Removing rt_task.o(i.rt_tsk_delete), (364 bytes).
    Removing rt_task.o(i.rt_tsk_pass), (48 bytes).
    Removing rt_task.o(i.rt_tsk_self), (16 bytes).
    Removing rt_semaphore.o(i.isr_sem_send), (16 bytes).
    Removing rt_time.o(i.rt_dly_wait), (6 bytes).
    Removing rt_time.o(i.rt_itv_set), (24 bytes).
    Removing rt_time.o(i.rt_itv_wait), (44 bytes).
    Removing rt_system.o(.emb_text), (0 bytes).
    Removing rt_system.o(i.rt_psh_req), (32 bytes).
    Removing rt_system.o(i.rt_resume), (176 bytes).
    Removing rt_system.o(i.rt_suspend), (44 bytes).
    Removing rt_system.o(i.rt_tsk_lock), (80 bytes).
    Removing rt_system.o(i.rt_tsk_unlock), (80 bytes).
    Removing rt_list.o(i.rt_get_same_rdy_prio), (36 bytes).
    Removing rt_list.o(i.rt_psq_enq), (88 bytes).
    Removing rt_membox.o(i._calloc_box), (30 bytes).
    Removing rt_event.o(i.isr_evt_set), (40 bytes).
    Removing rt_event.o(i.rt_evt_clr), (28 bytes).
    Removing rt_event.o(i.rt_evt_get), (12 bytes).
    Removing rt_event.o(i.rt_evt_set), (96 bytes).
    Removing rt_event.o(i.rt_evt_wait), (60 bytes).
    Removing rt_mailbox.o(i.isr_mbx_receive), (84 bytes).
    Removing rt_mailbox.o(i.isr_mbx_send), (14 bytes).
    Removing rt_mailbox.o(i.rt_mbx_check), (8 bytes).
    Removing rt_mailbox.o(i.rt_mbx_init), (26 bytes).
    Removing rt_mailbox.o(i.rt_mbx_send), (164 bytes).
    Removing rt_mailbox.o(i.rt_mbx_wait), (184 bytes).
    Removing rt_timer.o(i.rt_tmr_create), (80 bytes).
    Removing rt_timer.o(i.rt_tmr_kill), (52 bytes).
    Removing rt_robin.o(i.rt_chk_robin), (72 bytes).
    Removing rt_robin.o(i.rt_init_robin), (24 bytes).
    Removing rt_robin.o(.data), (8 bytes).
    Removing glcd_scroll.o(i.last_line), (32 bytes).
    Removing glcd_scroll.o(i.last_window_line), (32 bytes).

57 unused section(s) (total 3897 bytes) removed from the image.

==============================================================================

Image Symbol Table

    Local Symbols

    Symbol Name                              Value     Ov Type        Size  Object(Section)

    RESET                                    0x00000000   Section      204  startup_lpc17xx.o(RESET)
    ../clib/microlib/division.c              0x00000000   Number         0  uldiv.o ABSOLUTE
    ../clib/microlib/init/entry.s            0x00000000   Number         0  entry8a.o ABSOLUTE
    ../clib/microlib/init/entry.s            0x00000000   Number         0  entry10a.o ABSOLUTE
    ../clib/microlib/init/entry.s            0x00000000   Number         0  entry11b.o ABSOLUTE
    ../clib/microlib/init/entry.s            0x00000000   Number         0  entry10b.o ABSOLUTE
    ../clib/microlib/init/entry.s            0x00000000   Number         0  entry11a.o ABSOLUTE
    ../clib/microlib/init/entry.s            0x00000000   Number         0  entry.o ABSOLUTE
    ../clib/microlib/init/entry.s            0x00000000   Number         0  entry9b.o ABSOLUTE
    ../clib/microlib/init/entry.s            0x00000000   Number         0  entry9a.o ABSOLUTE
    ../clib/microlib/init/entry.s            0x00000000   Number         0  entry2.o ABSOLUTE
    ../clib/microlib/init/entry.s            0x00000000   Number         0  entry8b.o ABSOLUTE
    ../clib/microlib/init/entry.s            0x00000000   Number         0  entry7b.o ABSOLUTE
    ../clib/microlib/init/entry.s            0x00000000   Number         0  entry7a.o ABSOLUTE
    ../clib/microlib/init/entry.s            0x00000000   Number         0  entry5.o ABSOLUTE
    ../clib/microlib/longlong.c              0x00000000   Number         0  llshl.o ABSOLUTE
    ../clib/microlib/longlong.c              0x00000000   Number         0  llushr.o ABSOLUTE
    ../clib/microlib/malloc/malloc.c         0x00000000   Number         0  mallocra.o ABSOLUTE
    ../clib/microlib/malloc/malloc.c         0x00000000   Number         0  malloc.o ABSOLUTE
    ../clib/microlib/malloc/malloc.c         0x00000000   Number         0  mallocr.o ABSOLUTE
    ../clib/microlib/malloc/malloc.c         0x00000000   Number         0  malloca.o ABSOLUTE
    ../clib/microlib/malloc/mvars.c          0x00000000   Number         0  mvars.o ABSOLUTE
    ../clib/microlib/stdlib/rand.c           0x00000000   Number         0  rand.o ABSOLUTE
    ../clib/microlib/string/memcpy.c         0x00000000   Number         0  memcpyb.o ABSOLUTE
    ../clib/microlib/string/memcpy.c         0x00000000   Number         0  memcpya.o ABSOLUTE
    ../clib/microlib/string/strlen.c         0x00000000   Number         0  strlen.o ABSOLUTE
    GLCD_SPI_LPC1700.c                       0x00000000   Number         0  glcd_spi_lpc1700.o ABSOLUTE
    GLCD_SPI_LPC1700.c                       0x00000000   Number         0  glcd_spi_lpc1700.o ABSOLUTE
    GLCD_Scroll.c                            0x00000000   Number         0  glcd_scroll.o ABSOLUTE
    GLCD_Scroll.c                            0x00000000   Number         0  glcd_scroll.o ABSOLUTE
    RTX_Conf_CM.c                            0x00000000   Number         0  rtx_conf_cm.o ABSOLUTE
    Retarget.c                               0x00000000   Number         0  retarget.o ABSOLUTE
    SRC\CM\HAL_CM3.c                         0x00000000   Number         0  hal_cm3.o ABSOLUTE
    SRC\CM\SVC_Table.s                       0x00000000   Number         0  SVC_Table.o ABSOLUTE
    SRC\CM\rt_Event.c                        0x00000000   Number         0  rt_event.o ABSOLUTE
    SRC\CM\rt_List.c                         0x00000000   Number         0  rt_list.o ABSOLUTE
    SRC\CM\rt_Mailbox.c                      0x00000000   Number         0  rt_mailbox.o ABSOLUTE
    SRC\CM\rt_MemBox.c                       0x00000000   Number         0  rt_membox.o ABSOLUTE
    SRC\CM\rt_Robin.c                        0x00000000   Number         0  rt_robin.o ABSOLUTE
    SRC\CM\rt_Semaphore.c                    0x00000000   Number         0  rt_semaphore.o ABSOLUTE
    SRC\CM\rt_System.c                       0x00000000   Number         0  rt_system.o ABSOLUTE
    SRC\CM\rt_Task.c                         0x00000000   Number         0  rt_task.o ABSOLUTE
    SRC\CM\rt_Time.c                         0x00000000   Number         0  rt_time.o ABSOLUTE
    SRC\CM\rt_Timer.c                        0x00000000   Number         0  rt_timer.o ABSOLUTE
    SRC\\CM\\HAL_CM3.c                       0x00000000   Number         0  hal_cm3.o ABSOLUTE
    SRC\\CM\\rt_System.c                     0x00000000   Number         0  rt_system.o ABSOLUTE
    Serial.c                                 0x00000000   Number         0  serial.o ABSOLUTE
    Serial.c                                 0x00000000   Number         0  serial.o ABSOLUTE
    animation.c                              0x00000000   Number         0  animation.o ABSOLUTE
    animation.c                              0x00000000   Number         0  animation.o ABSOLUTE
    circle.c                                 0x00000000   Number         0  circle.o ABSOLUTE
    dc.s                                     0x00000000   Number         0  dc.o ABSOLUTE
    handlers.s                               0x00000000   Number         0  handlers.o ABSOLUTE
    init.s                                   0x00000000   Number         0  init.o ABSOLUTE
    peripherals.c                            0x00000000   Number         0  peripherals.o ABSOLUTE
    peripherals.c                            0x00000000   Number         0  peripherals.o ABSOLUTE
    startup_LPC17xx.s                        0x00000000   Number         0  startup_lpc17xx.o ABSOLUTE
    system_LPC17xx.c                         0x00000000   Number         0  system_lpc17xx.o ABSOLUTE
    system_LPC17xx.c                         0x00000000   Number         0  system_lpc17xx.o ABSOLUTE
    tasks.c                                  0x00000000   Number         0  tasks.o ABSOLUTE
    tasks.c                                  0x00000000   Number         0  tasks.o ABSOLUTE
    uart.c                                   0x00000000   Number         0  uart.o ABSOLUTE
    uart.c                                   0x00000000   Number         0  uart.o ABSOLUTE
    util.c                                   0x00000000   Number         0  util.o ABSOLUTE
    .ARM.Collect$$$$00000000                 0x000000cc   Section        0  entry.o(.ARM.Collect$$$$00000000)
    .ARM.Collect$$$$00000001                 0x000000cc   Section        4  entry2.o(.ARM.Collect$$$$00000001)
    .ARM.Collect$$$$00000004                 0x000000d0   Section        4  entry5.o(.ARM.Collect$$$$00000004)
    .ARM.Collect$$$$00000008                 0x000000d4   Section        0  entry7b.o(.ARM.Collect$$$$00000008)
    .ARM.Collect$$$$0000000A                 0x000000d4   Section        0  entry8b.o(.ARM.Collect$$$$0000000A)
    .ARM.Collect$$$$0000000B                 0x000000d4   Section        8  entry9a.o(.ARM.Collect$$$$0000000B)
    .ARM.Collect$$$$0000000D                 0x000000dc   Section        0  entry10a.o(.ARM.Collect$$$$0000000D)
    .ARM.Collect$$$$0000000F                 0x000000dc   Section        0  entry11a.o(.ARM.Collect$$$$0000000F)
    .ARM.Collect$$$$00002712                 0x000000dc   Section        4  entry2.o(.ARM.Collect$$$$00002712)
    __lit__00000000                          0x000000dc   Data           4  entry2.o(.ARM.Collect$$$$00002712)
    .emb_text                                0x000000e0   Section      340  hal_cm3.o(.emb_text)
    .text                                    0x00000234   Section       36  startup_lpc17xx.o(.text)
    .text                                    0x00000258   Section        0  rtx_conf_cm.o(.text)
    .text                                    0x00000264   Section        0  animation.o(.text)
    .text                                    0x00000290   Section        0  uldiv.o(.text)
    SVC_TABLE                                0x000002f4   Section        4  SVC_Table.o(SVC_TABLE)
    i.__scatterload_null                     0x000002f8   Section        2  handlers.o(i.__scatterload_null)
    i.os_tick_irqack                         0x000002fa   Section        0  rt_system.o(i.os_tick_irqack)
    .ARM.__at_0x02FC                         0x000002fc   Section        4  startup_lpc17xx.o(.ARM.__at_0x02FC)
    .text                                    0x00000300   Section        0  system_lpc17xx.o(.text)
    .text                                    0x00000618   Section        0  uart.o(.text)
    NVIC_EnableIRQ                           0x00000971   Thumb Code    24  uart.o(.text)
    .text                                    0x000009c4   Section        0  glcd_spi_lpc1700.o(.text)
    delay                                    0x000009c5   Thumb Code    14  glcd_spi_lpc1700.o(.text)
    wr_cmd                                   0x000009d3   Thumb Code    36  glcd_spi_lpc1700.o(.text)
    wr_dat                                   0x000009f7   Thumb Code    36  glcd_spi_lpc1700.o(.text)
    rd_reg                                   0x00000a1b   Thumb Code    66  glcd_spi_lpc1700.o(.text)
    spi_send                                 0x00001181   Thumb Code    26  glcd_spi_lpc1700.o(.text)
    wr_dat_start                             0x0000119b   Thumb Code    16  glcd_spi_lpc1700.o(.text)
    wr_dat_stop                              0x000011ab   Thumb Code     8  glcd_spi_lpc1700.o(.text)
    wr_dat_only                              0x000011b3   Thumb Code    18  glcd_spi_lpc1700.o(.text)
    wr_reg                                   0x000011c5   Thumb Code    20  glcd_spi_lpc1700.o(.text)
    .text                                    0x000011f0   Section        0  peripherals.o(.text)
    .text                                    0x00001294   Section        0  tasks.o(.text)
    .text                                    0x0000146c   Section        0  util.o(.text)
    .text                                    0x000014fc   Section        0  rand.o(.text)
    .text                                    0x00001520   Section        0  llshl.o(.text)
    .text                                    0x0000153e   Section        0  llushr.o(.text)
    .text                                    0x00001560   Section       36  init.o(.text)
    i.__scatterload_copy                     0x00001584   Section       14  handlers.o(i.__scatterload_copy)
    i.__scatterload_zeroinit                 0x00001592   Section       14  handlers.o(i.__scatterload_zeroinit)
    i._init_box                              0x000015a0   Section        0  rt_membox.o(i._init_box)
    i.dbg_init                               0x000015e8   Section        0  hal_cm3.o(i.dbg_init)
    i.dbg_task_notify                        0x00001618   Section        0  hal_cm3.o(i.dbg_task_notify)
    i.dbg_task_switch                        0x00001638   Section        0  hal_cm3.o(i.dbg_task_switch)
    i.free                                   0x00001648   Section        0  malloc.o(i.free)
    i.malloc                                 0x00001698   Section        0  malloc.o(i.malloc)
    i.os_tick_init                           0x00001704   Section        0  rt_system.o(i.os_tick_init)
    i.rt_alloc_box                           0x0000172c   Section        0  rt_membox.o(i.rt_alloc_box)
    i.rt_block                               0x00001748   Section        0  rt_task.o(i.rt_block)
    i.rt_dec_dly                             0x00001780   Section        0  rt_list.o(i.rt_dec_dly)
    i.rt_dispatch                            0x000017f4   Section        0  rt_task.o(i.rt_dispatch)
    i.rt_evt_psh                             0x00001838   Section        0  rt_event.o(i.rt_evt_psh)
    i.rt_free_box                            0x00001884   Section        0  rt_membox.o(i.rt_free_box)
    i.rt_get_first                           0x000018a4   Section        0  rt_list.o(i.rt_get_first)
    i.rt_init_context                        0x000018cc   Section        0  rt_task.o(i.rt_init_context)
    rt_init_context                          0x000018cd   Thumb Code    70  rt_task.o(i.rt_init_context)
    i.rt_init_stack                          0x00001918   Section        0  hal_cm3.o(i.rt_init_stack)
    i.rt_mbx_psh                             0x00001968   Section        0  rt_mailbox.o(i.rt_mbx_psh)
    i.rt_pop_req                             0x00001a28   Section        0  rt_system.o(i.rt_pop_req)
    i.rt_put_dly                             0x00001aa4   Section        0  rt_list.o(i.rt_put_dly)
    i.rt_put_prio                            0x00001aec   Section        0  rt_list.o(i.rt_put_prio)
    i.rt_put_rdy_first                       0x00001b24   Section        0  rt_list.o(i.rt_put_rdy_first)
    i.rt_resort_prio                         0x00001b38   Section        0  rt_list.o(i.rt_resort_prio)
    i.rt_rmv_dly                             0x00001b6c   Section        0  rt_list.o(i.rt_rmv_dly)
    i.rt_rmv_list                            0x00001b94   Section        0  rt_list.o(i.rt_rmv_list)
    i.rt_sem_init                            0x00001bc4   Section        0  rt_semaphore.o(i.rt_sem_init)
    i.rt_sem_psh                             0x00001bd0   Section        0  rt_semaphore.o(i.rt_sem_psh)
    i.rt_sem_send                            0x00001c04   Section        0  rt_semaphore.o(i.rt_sem_send)
    i.rt_sem_wait                            0x00001c3c   Section        0  rt_semaphore.o(i.rt_sem_wait)
    i.rt_stk_check                           0x00001c7c   Section        0  rt_system.o(i.rt_stk_check)
    i.rt_switch_req                          0x00001ca0   Section        0  rt_task.o(i.rt_switch_req)
    i.rt_sys_init                            0x00001cc8   Section        0  rt_task.o(i.rt_sys_init)
    i.rt_systick                             0x00001e20   Section        0  rt_system.o(i.rt_systick)
    i.rt_time_get                            0x00001e60   Section        0  rt_time.o(i.rt_time_get)
    i.rt_tmr_tick                            0x00001e6c   Section        0  rt_timer.o(i.rt_tmr_tick)
    i.rt_tsk_create                          0x00001eac   Section        0  rt_task.o(i.rt_tsk_create)
    i.rt_tsk_prio                            0x00001f40   Section        0  rt_task.o(i.rt_tsk_prio)
    .constdata                               0x00001fcc   Section       40  rtx_conf_cm.o(.constdata)
    __tagsym$$used                           0x00001fe0   Number         0  rtx_conf_cm.o(.constdata)
    __tagsym$$used                           0x00001fe4   Number         0  rtx_conf_cm.o(.constdata)
    .constdata                               0x00001ff4   Section     6272  glcd_spi_lpc1700.o(.constdata)
    .constdata                               0x00003874   Section        4  rt_system.o(.constdata)
    __tagsym$$used                           0x00003874   Number         0  rt_system.o(.constdata)
    .data                                    0x10000000   Section        4  rtx_conf_cm.o(.data)
    .data                                    0x10000004   Section        4  system_lpc17xx.o(.data)
    .data                                    0x10000008   Section       32  uart.o(.data)
    .data                                    0x10000028   Section        6  glcd_spi_lpc1700.o(.data)
    TextColor                                0x10000028   Data           2  glcd_spi_lpc1700.o(.data)
    BackColor                                0x1000002a   Data           2  glcd_spi_lpc1700.o(.data)
    driverCode                               0x1000002c   Data           2  glcd_spi_lpc1700.o(.data)
    .data                                    0x10000030   Section        4  animation.o(.data)
    .data                                    0x10000034   Section       24  tasks.o(.data)
    .data                                    0x1000004c   Section        8  rt_task.o(.data)
    .data                                    0x10000054   Section        4  rt_time.o(.data)
    .data                                    0x10000058   Section        1  hal_cm3.o(.data)
    .data                                    0x1000005c   Section        8  rt_system.o(.data)
    os_lock                                  0x1000005c   Data           1  rt_system.o(.data)
    os_psh_flag                              0x1000005d   Data           1  rt_system.o(.data)
    pend_flags                               0x1000005e   Data           1  rt_system.o(.data)
    .data                                    0x10000064   Section        8  rt_timer.o(.data)
    .data                                    0x1000006c   Section        4  rand.o(.data)
    _rand_state                              0x1000006c   Data           4  rand.o(.data)
    .data                                    0x10000070   Section        4  mvars.o(.data)
    .data                                    0x10000074   Section        4  mvars.o(.data)
    .bss                                     0x10000078   Section    23228  rtx_conf_cm.o(.bss)
    .bss                                     0x10005b34   Section      128  uart.o(.bss)
    .bss                                     0x10005bb4   Section      120  animation.o(.bss)
    .bss                                     0x10005c2c   Section       56  rt_task.o(.bss)
    .bss                                     0x10005c64   Section       48  rt_list.o(.bss)
    HEAP                                     0x10005c98   Section     4608  startup_lpc17xx.o(HEAP)
    STACK                                    0x10006e98   Section     2048  startup_lpc17xx.o(STACK)

    Global Symbols

    Symbol Name                              Value     Ov Type        Size  Object(Section)

    BuildAttributes$$THM_ISAv4$P$D$K$B$S$PE$A:L22UL41UL21$X:L11$S22US41US21$IEEE1$IW$USESV6$~STKCKD$USESV7$~SHL$OSPACE$EBA8$MICROLIB$REQ8$PRES8$EABIv2 0x00000000   Number         0  anon$$obj.o ABSOLUTE
    __ARM_use_no_argv                        0x00000000   Number         0  animation.o ABSOLUTE
    __Vectors                                0x00000000   Data           4  startup_lpc17xx.o(RESET)
    __cpp_initialize__aeabi_                  - Undefined Weak Reference
    __cxa_finalize                            - Undefined Weak Reference
    __decompress                              - Undefined Weak Reference
    _clock_init                               - Undefined Weak Reference
    _microlib_exit                            - Undefined Weak Reference
    __main                                   0x000000cd   Thumb Code     0  entry.o(.ARM.Collect$$$$00000000)
    _main_stk                                0x000000cd   Thumb Code     0  entry2.o(.ARM.Collect$$$$00000001)
    _main_scatterload                        0x000000d1   Thumb Code     0  entry5.o(.ARM.Collect$$$$00000004)
    __main_after_scatterload                 0x000000d5   Thumb Code     0  entry5.o(.ARM.Collect$$$$00000004)
    _main_clock                              0x000000d5   Thumb Code     0  entry7b.o(.ARM.Collect$$$$00000008)
    _main_cpp_init                           0x000000d5   Thumb Code     0  entry8b.o(.ARM.Collect$$$$0000000A)
    _main_init                               0x000000d5   Thumb Code     0  entry9a.o(.ARM.Collect$$$$0000000B)
    __rt_final_cpp                           0x000000dd   Thumb Code     0  entry10a.o(.ARM.Collect$$$$0000000D)
    __rt_final_exit                          0x000000dd   Thumb Code     0  entry11a.o(.ARM.Collect$$$$0000000F)
    rt_set_PSP                               0x000000e1   Thumb Code     6  hal_cm3.o(.emb_text)
    rt_get_PSP                               0x000000e7   Thumb Code     6  hal_cm3.o(.emb_text)
    os_set_env                               0x000000ed   Thumb Code    24  hal_cm3.o(.emb_text)
    _alloc_box                               0x00000109   Thumb Code    28  hal_cm3.o(.emb_text)
    _free_box                                0x00000129   Thumb Code    28  hal_cm3.o(.emb_text)
    SVC_Handler                              0x00000149   Thumb Code   124  hal_cm3.o(.emb_text)
    PendSV_Handler                           0x000001d1   Thumb Code    76  hal_cm3.o(.emb_text)
    SysTick_Handler                          0x00000221   Thumb Code     8  hal_cm3.o(.emb_text)
    OS_Tick_Handler                          0x00000229   Thumb Code    12  hal_cm3.o(.emb_text)
    Reset_Handler                            0x00000235   Thumb Code     8  startup_lpc17xx.o(.text)
    NMI_Handler                              0x0000023d   Thumb Code     2  startup_lpc17xx.o(.text)
    HardFault_Handler                        0x0000023f   Thumb Code     2  startup_lpc17xx.o(.text)
    MemManage_Handler                        0x00000241   Thumb Code     2  startup_lpc17xx.o(.text)
    BusFault_Handler                         0x00000243   Thumb Code     2  startup_lpc17xx.o(.text)
    UsageFault_Handler                       0x00000245   Thumb Code     2  startup_lpc17xx.o(.text)
    DebugMon_Handler                         0x00000249   Thumb Code     2  startup_lpc17xx.o(.text)
    ADC_IRQHandler                           0x0000024f   Thumb Code     0  startup_lpc17xx.o(.text)
    BOD_IRQHandler                           0x0000024f   Thumb Code     0  startup_lpc17xx.o(.text)
    CANActivity_IRQHandler                   0x0000024f   Thumb Code     0  startup_lpc17xx.o(.text)
    CAN_IRQHandler                           0x0000024f   Thumb Code     0  startup_lpc17xx.o(.text)
    DMA_IRQHandler                           0x0000024f   Thumb Code     0  startup_lpc17xx.o(.text)
    EINT0_IRQHandler                         0x0000024f   Thumb Code     0  startup_lpc17xx.o(.text)
    EINT1_IRQHandler                         0x0000024f   Thumb Code     0  startup_lpc17xx.o(.text)
    EINT2_IRQHandler                         0x0000024f   Thumb Code     0  startup_lpc17xx.o(.text)
    ENET_IRQHandler                          0x0000024f   Thumb Code     0  startup_lpc17xx.o(.text)
    I2C0_IRQHandler                          0x0000024f   Thumb Code     0  startup_lpc17xx.o(.text)
    I2C1_IRQHandler                          0x0000024f   Thumb Code     0  startup_lpc17xx.o(.text)
    I2C2_IRQHandler                          0x0000024f   Thumb Code     0  startup_lpc17xx.o(.text)
    I2S_IRQHandler                           0x0000024f   Thumb Code     0  startup_lpc17xx.o(.text)
    MCPWM_IRQHandler                         0x0000024f   Thumb Code     0  startup_lpc17xx.o(.text)
    PLL0_IRQHandler                          0x0000024f   Thumb Code     0  startup_lpc17xx.o(.text)
    PLL1_IRQHandler                          0x0000024f   Thumb Code     0  startup_lpc17xx.o(.text)
    PWM1_IRQHandler                          0x0000024f   Thumb Code     0  startup_lpc17xx.o(.text)
    QEI_IRQHandler                           0x0000024f   Thumb Code     0  startup_lpc17xx.o(.text)
    RIT_IRQHandler                           0x0000024f   Thumb Code     0  startup_lpc17xx.o(.text)
    RTC_IRQHandler                           0x0000024f   Thumb Code     0  startup_lpc17xx.o(.text)
    SPI_IRQHandler                           0x0000024f   Thumb Code     0  startup_lpc17xx.o(.text)
    SSP0_IRQHandler                          0x0000024f   Thumb Code     0  startup_lpc17xx.o(.text)
    SSP1_IRQHandler                          0x0000024f   Thumb Code     0  startup_lpc17xx.o(.text)
    TIMER0_IRQHandler                        0x0000024f   Thumb Code     0  startup_lpc17xx.o(.text)
    TIMER1_IRQHandler                        0x0000024f   Thumb Code     0  startup_lpc17xx.o(.text)
    TIMER2_IRQHandler                        0x0000024f   Thumb Code     0  startup_lpc17xx.o(.text)
    TIMER3_IRQHandler                        0x0000024f   Thumb Code     0  startup_lpc17xx.o(.text)
    UART2_IRQHandler                         0x0000024f   Thumb Code     0  startup_lpc17xx.o(.text)
    UART3_IRQHandler                         0x0000024f   Thumb Code     0  startup_lpc17xx.o(.text)
    USBActivity_IRQHandler                   0x0000024f   Thumb Code     0  startup_lpc17xx.o(.text)
    USB_IRQHandler                           0x0000024f   Thumb Code     0  startup_lpc17xx.o(.text)
    WDT_IRQHandler                           0x0000024f   Thumb Code     0  startup_lpc17xx.o(.text)
    os_idle_demon                            0x00000259   Thumb Code     4  rtx_conf_cm.o(.text)
    os_tmr_call                              0x0000025d   Thumb Code     2  rtx_conf_cm.o(.text)
    os_error                                 0x0000025f   Thumb Code     2  rtx_conf_cm.o(.text)
    rt_init_robin                            0x00000261   Thumb Code     2  rtx_conf_cm.o(.text)
    rt_chk_robin                             0x00000263   Thumb Code     2  rtx_conf_cm.o(.text)
    main                                     0x00000265   Thumb Code    34  animation.o(.text)
    __aeabi_uldivmod                         0x00000291   Thumb Code    98  uldiv.o(.text)
    SVC_Count                                0x000002f4   Data           4  SVC_Table.o(SVC_TABLE)
    SVC_Table                                0x000002f8   Data           0  SVC_Table.o(SVC_TABLE)
    __scatterload_null                       0x000002f9   Thumb Code     2  handlers.o(i.__scatterload_null)
    os_tick_irqack                           0x000002fb   Thumb Code     2  rt_system.o(i.os_tick_irqack)
    SystemCoreClockUpdate                    0x00000301   Thumb Code   424  system_lpc17xx.o(.text)
    __RL_RTX_VER                             0x00000473   Number         0  rt_system.o ABSOLUTE
    SystemInit                               0x000004a9   Thumb Code   290  system_lpc17xx.o(.text)
    Free                                     0x00000619   Thumb Code     6  uart.o(.text)
    Lock                                     0x0000061f   Thumb Code    28  uart.o(.text)
    LockRcv                                  0x0000063b   Thumb Code    28  uart.o(.text)
    LockSnd                                  0x00000657   Thumb Code    28  uart.o(.text)
    FreeRcv                                  0x00000673   Thumb Code    28  uart.o(.text)
    FreeSnd                                  0x0000068f   Thumb Code    28  uart.o(.text)
    UART0_IRQHandler                         0x000006ab   Thumb Code    86  uart.o(.text)
    UART1_IRQHandler                         0x00000701   Thumb Code    88  uart.o(.text)
    getFrequency                             0x00000759   Thumb Code    64  uart.o(.text)
    UARTInit                                 0x00000799   Thumb Code   176  uart.o(.text)
    UARTSend                                 0x00000849   Thumb Code   112  uart.o(.text)
    UARTSendChar                             0x000008b9   Thumb Code    24  uart.o(.text)
    UARTRecieve                              0x000008d1   Thumb Code   134  uart.o(.text)
    UARTReceiveChar                          0x00000957   Thumb Code    26  uart.o(.text)
    GLCD_Init                                0x00000a5d   Thumb Code   814  glcd_spi_lpc1700.o(.text)
    GLCD_SetWindow                           0x00000d8b   Thumb Code   106  glcd_spi_lpc1700.o(.text)
    GLCD_WindowMax                           0x00000df5   Thumb Code    18  glcd_spi_lpc1700.o(.text)
    GLCD_PutPixel                            0x00000e07   Thumb Code    44  glcd_spi_lpc1700.o(.text)
    GLCD_SetTextColor                        0x00000e33   Thumb Code     6  glcd_spi_lpc1700.o(.text)
    GLCD_SetBackColor                        0x00000e39   Thumb Code     6  glcd_spi_lpc1700.o(.text)
    GLCD_Clear                               0x00000e3f   Thumb Code    42  glcd_spi_lpc1700.o(.text)
    GLCD_DrawChar_U8                         0x00000e69   Thumb Code   136  glcd_spi_lpc1700.o(.text)
    GLCD_DrawChar_U16                        0x00000ef1   Thumb Code   136  glcd_spi_lpc1700.o(.text)
    GLCD_DisplayChar                         0x00000f79   Thumb Code    84  glcd_spi_lpc1700.o(.text)
    GLCD_DisplayString                       0x00000fcd   Thumb Code    44  glcd_spi_lpc1700.o(.text)
    GLCD_ClearLn                             0x00000ff9   Thumb Code    94  glcd_spi_lpc1700.o(.text)
    GLCD_Bargraph                            0x00001057   Thumb Code   106  glcd_spi_lpc1700.o(.text)
    GLCD_Bitmap                              0x000010c1   Thumb Code    90  glcd_spi_lpc1700.o(.text)
    GLCD_Bmp                                 0x0000111b   Thumb Code   100  glcd_spi_lpc1700.o(.text)
    GLCD_ScrollVertical                      0x0000117f   Thumb Code     2  glcd_spi_lpc1700.o(.text)
    INT0_init                                0x000011f1   Thumb Code    86  peripherals.o(.text)
    EINT3_IRQHandler                         0x00001247   Thumb Code    42  peripherals.o(.text)
    add_random_object                        0x00001295   Thumb Code   128  tasks.o(.text)
    main_task                                0x00001315   Thumb Code    76  tasks.o(.text)
    redraw_objects                           0x00001361   Thumb Code    80  tasks.o(.text)
    init_task                                0x000013b1   Thumb Code   144  tasks.o(.text)
    fill_rectangle                           0x0000146d   Thumb Code    48  util.o(.text)
    gen_bitmap                               0x0000149d   Thumb Code    40  util.o(.text)
    draw_circle                              0x000014c5   Thumb Code     2  util.o(.text)
    draw_rectangle                           0x000014c7   Thumb Code    52  util.o(.text)
    rand                                     0x000014fd   Thumb Code    20  rand.o(.text)
    srand                                    0x00001511   Thumb Code     6  rand.o(.text)
    __aeabi_llsl                             0x00001521   Thumb Code    30  llshl.o(.text)
    _ll_shift_l                              0x00001521   Thumb Code     0  llshl.o(.text)
    __aeabi_llsr                             0x0000153f   Thumb Code    32  llushr.o(.text)
    _ll_ushift_r                             0x0000153f   Thumb Code     0  llushr.o(.text)
    __scatterload                            0x00001561   Thumb Code    28  init.o(.text)
    __scatterload_rt2                        0x00001561   Thumb Code     0  init.o(.text)
    __scatterload_copy                       0x00001585   Thumb Code    14  handlers.o(i.__scatterload_copy)
    __scatterload_zeroinit                   0x00001593   Thumb Code    14  handlers.o(i.__scatterload_zeroinit)
    _init_box                                0x000015a1   Thumb Code    70  rt_membox.o(i._init_box)
    dbg_init                                 0x000015e9   Thumb Code    34  hal_cm3.o(i.dbg_init)
    dbg_task_notify                          0x00001619   Thumb Code    32  hal_cm3.o(i.dbg_task_notify)
    dbg_task_switch                          0x00001639   Thumb Code    16  hal_cm3.o(i.dbg_task_switch)
    free                                     0x00001649   Thumb Code    76  malloc.o(i.free)
    malloc                                   0x00001699   Thumb Code    92  malloc.o(i.malloc)
    os_tick_init                             0x00001705   Thumb Code    32  rt_system.o(i.os_tick_init)
    rt_alloc_box                             0x0000172d   Thumb Code    26  rt_membox.o(i.rt_alloc_box)
    rt_block                                 0x00001749   Thumb Code    48  rt_task.o(i.rt_block)
    rt_dec_dly                               0x00001781   Thumb Code   106  rt_list.o(i.rt_dec_dly)
    rt_dispatch                              0x000017f5   Thumb Code    60  rt_task.o(i.rt_dispatch)
    rt_evt_psh                               0x00001839   Thumb Code    72  rt_event.o(i.rt_evt_psh)
    rt_free_box                              0x00001885   Thumb Code    32  rt_membox.o(i.rt_free_box)
    rt_get_first                             0x000018a5   Thumb Code    40  rt_list.o(i.rt_get_first)
    rt_init_stack                            0x00001919   Thumb Code    70  hal_cm3.o(i.rt_init_stack)
    rt_mbx_psh                               0x00001969   Thumb Code   188  rt_mailbox.o(i.rt_mbx_psh)
    rt_pop_req                               0x00001a29   Thumb Code   110  rt_system.o(i.rt_pop_req)
    rt_put_dly                               0x00001aa5   Thumb Code    68  rt_list.o(i.rt_put_dly)
    rt_put_prio                              0x00001aed   Thumb Code    54  rt_list.o(i.rt_put_prio)
    rt_put_rdy_first                         0x00001b25   Thumb Code    14  rt_list.o(i.rt_put_rdy_first)
    rt_resort_prio                           0x00001b39   Thumb Code    46  rt_list.o(i.rt_resort_prio)
    rt_rmv_dly                               0x00001b6d   Thumb Code    40  rt_list.o(i.rt_rmv_dly)
    rt_rmv_list                              0x00001b95   Thumb Code    44  rt_list.o(i.rt_rmv_list)
    rt_sem_init                              0x00001bc5   Thumb Code    12  rt_semaphore.o(i.rt_sem_init)
    rt_sem_psh                               0x00001bd1   Thumb Code    46  rt_semaphore.o(i.rt_sem_psh)
    rt_sem_send                              0x00001c05   Thumb Code    52  rt_semaphore.o(i.rt_sem_send)
    rt_sem_wait                              0x00001c3d   Thumb Code    58  rt_semaphore.o(i.rt_sem_wait)
    rt_stk_check                             0x00001c7d   Thumb Code    28  rt_system.o(i.rt_stk_check)
    rt_switch_req                            0x00001ca1   Thumb Code    30  rt_task.o(i.rt_switch_req)
    rt_sys_init                              0x00001cc9   Thumb Code   266  rt_task.o(i.rt_sys_init)
    rt_systick                               0x00001e21   Thumb Code    50  rt_system.o(i.rt_systick)
    rt_time_get                              0x00001e61   Thumb Code     6  rt_time.o(i.rt_time_get)
    rt_tmr_tick                              0x00001e6d   Thumb Code    56  rt_timer.o(i.rt_tmr_tick)
    rt_tsk_create                            0x00001ead   Thumb Code   126  rt_task.o(i.rt_tsk_create)
    rt_tsk_prio                              0x00001f41   Thumb Code   122  rt_task.o(i.rt_tsk_prio)
    os_maxtaskrun                            0x00001fcc   Data           2  rtx_conf_cm.o(.constdata)
    os_stackinfo                             0x00001fd0   Data           4  rtx_conf_cm.o(.constdata)
    os_rrobin                                0x00001fd4   Data           4  rtx_conf_cm.o(.constdata)
    os_trv                                   0x00001fd8   Data           4  rtx_conf_cm.o(.constdata)
    os_flags                                 0x00001fdc   Data           1  rtx_conf_cm.o(.constdata)
    os_clockrate                             0x00001fe0   Data           4  rtx_conf_cm.o(.constdata)
    os_timernum                              0x00001fe4   Data           4  rtx_conf_cm.o(.constdata)
    mp_tcb_size                              0x00001fe8   Data           2  rtx_conf_cm.o(.constdata)
    mp_stk_size                              0x00001fec   Data           4  rtx_conf_cm.o(.constdata)
    os_fifo_size                             0x00001ff0   Data           1  rtx_conf_cm.o(.constdata)
    mp_tmr_size                              0x00001ff2   Data           2  rtx_conf_cm.o(.constdata)
    Font_6x8_h                               0x00001ff4   Data         896  glcd_spi_lpc1700.o(.constdata)
    Font_16x24_h                             0x00002374   Data        5376  glcd_spi_lpc1700.o(.constdata)
    RL_RTX_Version                           0x00003874   Data           4  rt_system.o(.constdata)
    Region$$Table$$Base                      0x00003878   Number         0  anon$$obj.o(Region$$Table)
    Region$$Table$$Limit                     0x00003898   Number         0  anon$$obj.o(Region$$Table)
    m_tmr                                    0x10000000   Data           4  rtx_conf_cm.o(.data)
    SystemCoreClock                          0x10000004   Data           4  system_lpc17xx.o(.data)
    ITM_RxBuffer                             0x10000008   Data           4  uart.o(.data)
    UART0TxEmpty                             0x1000000c   Data           1  uart.o(.data)
    UART1TxEmpty                             0x1000000d   Data           1  uart.o(.data)
    UART0Count                               0x10000010   Data           4  uart.o(.data)
    UART1Count                               0x10000014   Data           4  uart.o(.data)
    i                                        0x10000018   Data           4  uart.o(.data)
    UART0Status                              0x1000001c   Data           4  uart.o(.data)
    UART1Status                              0x10000020   Data           4  uart.o(.data)
    RcvLock0                                 0x10000024   Data           1  uart.o(.data)
    SndLock0                                 0x10000025   Data           1  uart.o(.data)
    RcvLock1                                 0x10000026   Data           1  uart.o(.data)
    SndLock1                                 0x10000027   Data           1  uart.o(.data)
    active_objects                           0x10000030   Data           4  animation.o(.data)
    add_random_object_sem                    0x10000034   Data           8  tasks.o(.data)
    redraw_objects_sem                       0x1000003c   Data           8  tasks.o(.data)
    redraw_objects_done_sem                  0x10000044   Data           8  tasks.o(.data)
    os_tsk                                   0x1000004c   Data           8  rt_task.o(.data)
    os_time                                  0x10000054   Data           4  rt_time.o(.data)
    dbg_msg                                  0x10000058   Data           1  hal_cm3.o(.data)
    os_tick_irqn                             0x10000060   Data           4  rt_system.o(.data)
    os_tmr                                   0x10000064   Data           8  rt_timer.o(.data)
    __microlib_freelist                      0x10000070   Data           4  mvars.o(.data)
    __microlib_freelist_initialised          0x10000074   Data           4  mvars.o(.data)
    mp_tcb                                   0x10000078   Data        2252  rtx_conf_cm.o(.bss)
    mp_stk                                   0x10000948   Data       20680  rtx_conf_cm.o(.bss)
    os_fifo                                  0x10005a10   Data         132  rtx_conf_cm.o(.bss)
    os_active_TCB                            0x10005a94   Data         160  rtx_conf_cm.o(.bss)
    UART0Buffer                              0x10005b34   Data          64  uart.o(.bss)
    UART1Buffer                              0x10005b74   Data          64  uart.o(.bss)
    objects                                  0x10005bb4   Data         120  animation.o(.bss)
    os_idle_TCB                              0x10005c2c   Data          56  rt_task.o(.bss)
    os_rdy                                   0x10005c64   Data          24  rt_list.o(.bss)
    os_dly                                   0x10005c7c   Data          24  rt_list.o(.bss)
    __heap_base                              0x10005c98   Data           0  startup_lpc17xx.o(HEAP)
    __heap_limit                             0x10006e98   Data           0  startup_lpc17xx.o(HEAP)
    __initial_sp                             0x10007698   Data           0  startup_lpc17xx.o(STACK)



==============================================================================

Memory Map of the image

  Image Entry point : 0x000000cd

  Load Region LR_IROM1 (Base: 0x00000000, Size: 0x00003910, Max: 0x00080000, ABSOLUTE)

    Execution Region ER_IROM1 (Base: 0x00000000, Size: 0x00003898, Max: 0x00080000, ABSOLUTE)

    Base Addr    Size         Type   Attr      Idx    E Section Name        Object

    0x00000000   0x000000cc   Data   RO            3    RESET               startup_lpc17xx.o
    0x000000cc   0x00000000   Code   RO          946  * .ARM.Collect$$$$00000000  mc_w.l(entry.o)
    0x000000cc   0x00000004   Code   RO          984    .ARM.Collect$$$$00000001  mc_w.l(entry2.o)
    0x000000d0   0x00000004   Code   RO          987    .ARM.Collect$$$$00000004  mc_w.l(entry5.o)
    0x000000d4   0x00000000   Code   RO          989    .ARM.Collect$$$$00000008  mc_w.l(entry7b.o)
    0x000000d4   0x00000000   Code   RO          991    .ARM.Collect$$$$0000000A  mc_w.l(entry8b.o)
    0x000000d4   0x00000008   Code   RO          992    .ARM.Collect$$$$0000000B  mc_w.l(entry9a.o)
    0x000000dc   0x00000000   Code   RO          994    .ARM.Collect$$$$0000000D  mc_w.l(entry10a.o)
    0x000000dc   0x00000000   Code   RO          996    .ARM.Collect$$$$0000000F  mc_w.l(entry11a.o)
    0x000000dc   0x00000004   Code   RO          985    .ARM.Collect$$$$00002712  mc_w.l(entry2.o)
    0x000000e0   0x00000154   Code   RO          566    .emb_text           RTX_CM3.LIB(hal_cm3.o)
    0x00000234   0x00000024   Code   RO            5    .text               startup_lpc17xx.o
    0x00000258   0x0000000c   Code   RO           42    .text               rtx_conf_cm.o
    0x00000264   0x0000002c   Code   RO          253    .text               animation.o
    0x00000290   0x00000062   Code   RO          949    .text               mc_w.l(uldiv.o)
    0x000002f2   0x00000002   PAD
    0x000002f4   0x00000004   Code   RO          805    SVC_TABLE           RTX_CM3.LIB(SVC_Table.o)
    0x000002f8   0x00000002   Code   RO         1013    i.__scatterload_null  mc_w.l(handlers.o)
    0x000002fa   0x00000002   Code   RO          609    i.os_tick_irqack    RTX_CM3.LIB(rt_system.o)
    0x000002fc   0x00000004   Code   RO            4    .ARM.__at_0x02FC    startup_lpc17xx.o
    0x00000300   0x00000318   Code   RO           67    .text               system_lpc17xx.o
    0x00000618   0x000003ac   Code   RO          106    .text               uart.o
    0x000009c4   0x0000082c   Code   RO          219    .text               glcd_spi_lpc1700.o
    0x000011f0   0x000000a4   Code   RO          319    .text               peripherals.o
    0x00001294   0x000001d8   Code   RO          347    .text               tasks.o
    0x0000146c   0x0000008e   Code   RO          382    .text               util.o
    0x000014fa   0x00000002   PAD
    0x000014fc   0x00000024   Code   RO          951    .text               mc_w.l(rand.o)
    0x00001520   0x0000001e   Code   RO          998    .text               mc_w.l(llshl.o)
    0x0000153e   0x00000020   Code   RO         1000    .text               mc_w.l(llushr.o)
    0x0000155e   0x00000002   PAD
    0x00001560   0x00000024   Code   RO         1008    .text               mc_w.l(init.o)
    0x00001584   0x0000000e   Code   RO         1012    i.__scatterload_copy  mc_w.l(handlers.o)
    0x00001592   0x0000000e   Code   RO         1014    i.__scatterload_zeroinit  mc_w.l(handlers.o)
    0x000015a0   0x00000046   Code   RO          772    i._init_box         RTX_CM3.LIB(rt_membox.o)
    0x000015e6   0x00000002   PAD
    0x000015e8   0x00000030   Code   RO          567    i.dbg_init          RTX_CM3.LIB(hal_cm3.o)
    0x00001618   0x00000020   Code   RO          568    i.dbg_task_notify   RTX_CM3.LIB(hal_cm3.o)
    0x00001638   0x00000010   Code   RO          569    i.dbg_task_switch   RTX_CM3.LIB(hal_cm3.o)
    0x00001648   0x00000050   Code   RO          956    i.free              mc_w.l(malloc.o)
    0x00001698   0x0000006c   Code   RO          957    i.malloc            mc_w.l(malloc.o)
    0x00001704   0x00000028   Code   RO          608    i.os_tick_init      RTX_CM3.LIB(rt_system.o)
    0x0000172c   0x0000001a   Code   RO          773    i.rt_alloc_box      RTX_CM3.LIB(rt_membox.o)
    0x00001746   0x00000002   PAD
    0x00001748   0x00000038   Code   RO          394    i.rt_block          RTX_CM3.LIB(rt_task.o)
    0x00001780   0x00000074   Code   RO          692    i.rt_dec_dly        RTX_CM3.LIB(rt_list.o)
    0x000017f4   0x00000044   Code   RO          395    i.rt_dispatch       RTX_CM3.LIB(rt_task.o)
    0x00001838   0x0000004c   Code   RO          811    i.rt_evt_psh        RTX_CM3.LIB(rt_event.o)
    0x00001884   0x00000020   Code   RO          774    i.rt_free_box       RTX_CM3.LIB(rt_membox.o)
    0x000018a4   0x00000028   Code   RO          693    i.rt_get_first      RTX_CM3.LIB(rt_list.o)
    0x000018cc   0x0000004c   Code   RO          396    i.rt_init_context   RTX_CM3.LIB(rt_task.o)
    0x00001918   0x00000050   Code   RO          570    i.rt_init_stack     RTX_CM3.LIB(hal_cm3.o)
    0x00001968   0x000000c0   Code   RO          854    i.rt_mbx_psh        RTX_CM3.LIB(rt_mailbox.o)
    0x00001a28   0x0000007c   Code   RO          610    i.rt_pop_req        RTX_CM3.LIB(rt_system.o)
    0x00001aa4   0x00000048   Code   RO          696    i.rt_put_dly        RTX_CM3.LIB(rt_list.o)
    0x00001aec   0x00000036   Code   RO          697    i.rt_put_prio       RTX_CM3.LIB(rt_list.o)
    0x00001b22   0x00000002   PAD
    0x00001b24   0x00000014   Code   RO          698    i.rt_put_rdy_first  RTX_CM3.LIB(rt_list.o)
    0x00001b38   0x00000034   Code   RO          699    i.rt_resort_prio    RTX_CM3.LIB(rt_list.o)
    0x00001b6c   0x00000028   Code   RO          700    i.rt_rmv_dly        RTX_CM3.LIB(rt_list.o)
    0x00001b94   0x00000030   Code   RO          701    i.rt_rmv_list       RTX_CM3.LIB(rt_list.o)
    0x00001bc4   0x0000000c   Code   RO          494    i.rt_sem_init       RTX_CM3.LIB(rt_semaphore.o)
    0x00001bd0   0x00000034   Code   RO          495    i.rt_sem_psh        RTX_CM3.LIB(rt_semaphore.o)
    0x00001c04   0x00000038   Code   RO          496    i.rt_sem_send       RTX_CM3.LIB(rt_semaphore.o)
    0x00001c3c   0x00000040   Code   RO          497    i.rt_sem_wait       RTX_CM3.LIB(rt_semaphore.o)
    0x00001c7c   0x00000024   Code   RO          613    i.rt_stk_check      RTX_CM3.LIB(rt_system.o)
    0x00001ca0   0x00000028   Code   RO          397    i.rt_switch_req     RTX_CM3.LIB(rt_task.o)
    0x00001cc8   0x00000158   Code   RO          398    i.rt_sys_init       RTX_CM3.LIB(rt_task.o)
    0x00001e20   0x00000040   Code   RO          615    i.rt_systick        RTX_CM3.LIB(rt_system.o)
    0x00001e60   0x0000000c   Code   RO          536    i.rt_time_get       RTX_CM3.LIB(rt_time.o)
    0x00001e6c   0x00000040   Code   RO          900    i.rt_tmr_tick       RTX_CM3.LIB(rt_timer.o)
    0x00001eac   0x00000094   Code   RO          399    i.rt_tsk_create     RTX_CM3.LIB(rt_task.o)
    0x00001f40   0x0000008c   Code   RO          402    i.rt_tsk_prio       RTX_CM3.LIB(rt_task.o)
    0x00001fcc   0x00000028   Data   RO           44    .constdata          rtx_conf_cm.o
    0x00001ff4   0x00001880   Data   RO          220    .constdata          glcd_spi_lpc1700.o
    0x00003874   0x00000004   Data   RO          618    .constdata          RTX_CM3.LIB(rt_system.o)
    0x00003878   0x00000020   Data   RO         1010    Region$$Table       anon$$obj.o


    Execution Region RW_IRAM1 (Base: 0x10000000, Size: 0x00007698, Max: 0x00008000, ABSOLUTE)

    Base Addr    Size         Type   Attr      Idx    E Section Name        Object

    0x10000000   0x00000004   Data   RW           45    .data               rtx_conf_cm.o
    0x10000004   0x00000004   Data   RW           68    .data               system_lpc17xx.o
    0x10000008   0x00000020   Data   RW          108    .data               uart.o
    0x10000028   0x00000006   Data   RW          221    .data               glcd_spi_lpc1700.o
    0x1000002e   0x00000002   PAD
    0x10000030   0x00000004   Data   RW          255    .data               animation.o
    0x10000034   0x00000018   Data   RW          348    .data               tasks.o
    0x1000004c   0x00000008   Data   RW          405    .data               RTX_CM3.LIB(rt_task.o)
    0x10000054   0x00000004   Data   RW          537    .data               RTX_CM3.LIB(rt_time.o)
    0x10000058   0x00000001   Data   RW          571    .data               RTX_CM3.LIB(hal_cm3.o)
    0x10000059   0x00000003   PAD
    0x1000005c   0x00000008   Data   RW          619    .data               RTX_CM3.LIB(rt_system.o)
    0x10000064   0x00000008   Data   RW          901    .data               RTX_CM3.LIB(rt_timer.o)
    0x1000006c   0x00000004   Data   RW          952    .data               mc_w.l(rand.o)
    0x10000070   0x00000004   Data   RW         1006    .data               mc_w.l(mvars.o)
    0x10000074   0x00000004   Data   RW         1007    .data               mc_w.l(mvars.o)
    0x10000078   0x00005abc   Zero   RW           43    .bss                rtx_conf_cm.o
    0x10005b34   0x00000080   Zero   RW          107    .bss                uart.o
    0x10005bb4   0x00000078   Zero   RW          254    .bss                animation.o
    0x10005c2c   0x00000038   Zero   RW          404    .bss                RTX_CM3.LIB(rt_task.o)
    0x10005c64   0x00000030   Zero   RW          702    .bss                RTX_CM3.LIB(rt_list.o)
    0x10005c94   0x00000004   PAD
    0x10005c98   0x00001200   Zero   RW            2    HEAP                startup_lpc17xx.o
    0x10006e98   0x00000800   Zero   RW            1    STACK               startup_lpc17xx.o


==============================================================================

Image component sizes


      Code (inc. data)   RO Data    RW Data    ZI Data      Debug   Object Name

        44         10          0          4        120       1592   animation.o
         0          0          0          0          0       1188   circle.o
      2092         58       6272          6          0       8356   glcd_spi_lpc1700.o
       164         36          0          0          0      24757   peripherals.o
         0          0          0          0          0       4212   retarget.o
        12          0         40          4      23228       9295   rtx_conf_cm.o
        40         12        204          0       6656        904   startup_lpc17xx.o
       792         78          0          4          0      17589   system_lpc17xx.o
       472         44          0         24          0       8522   tasks.o
       940         60          0         32        128      45535   uart.o
       142          0          0          0          0       1399   util.o

    ----------------------------------------------------------------------
      4700        298       6548         76      30132     123349   Object Totals
         0          0         32          0          0          0   (incl. Generated)
         2          0          0          2          0          0   (incl. Padding)

    ----------------------------------------------------------------------

      Code (inc. data)   RO Data    RW Data    ZI Data      Debug   Library Member Name

         4          4          0          0          0        140   SVC_Table.o
       516         56          0          1          0       2481   hal_cm3.o
        76          4          0          0          0        509   rt_event.o
       442         30          0          0         48       3806   rt_list.o
       192          4          0          0          0        609   rt_mailbox.o
       128          0          0          0          0       1497   rt_membox.o
       184         16          0          0          0       1863   rt_semaphore.o
       266         44          4          8          0       3025   rt_system.o
       872        150          0          8         56       6324   rt_task.o
        12          6          0          4          0        516   rt_time.o
        64          8          0          8          0        583   rt_timer.o
         0          0          0          0          0          0   entry.o
         0          0          0          0          0          0   entry10a.o
         0          0          0          0          0          0   entry11a.o
         8          4          0          0          0          0   entry2.o
         4          0          0          0          0          0   entry5.o
         0          0          0          0          0          0   entry7b.o
         0          0          0          0          0          0   entry8b.o
         8          4          0          0          0          0   entry9a.o
        30          0          0          0          0          0   handlers.o
        36          8          0          0          0         68   init.o
        30          0          0          0          0         68   llshl.o
        32          0          0          0          0         68   llushr.o
       188         20          0          0          0        160   malloc.o
         0          0          0          8          0          0   mvars.o
        36         10          0          4          0        136   rand.o
        98          0          0          0          0         92   uldiv.o

    ----------------------------------------------------------------------
      3236        368          4         44        108      21945   Library Totals
        10          0          0          3          4          0   (incl. Padding)

    ----------------------------------------------------------------------

      Code (inc. data)   RO Data    RW Data    ZI Data      Debug   Library Name

      2756        322          4         29        104      21353   RTX_CM3.LIB
       470         46          0         12          0        592   mc_w.l

    ----------------------------------------------------------------------
      3236        368          4         44        108      21945   Library Totals

    ----------------------------------------------------------------------

==============================================================================


      Code (inc. data)   RO Data    RW Data    ZI Data      Debug   

      7936        666       6552        120      30240     142694   Grand Totals
      7936        666       6552        120      30240     142694   ELF Image Totals
      7936        666       6552        120          0          0   ROM Totals

==============================================================================

    Total RO  Size (Code + RO Data)                14488 (  14.15kB)
    Total RW  Size (RW Data + ZI Data)             30360 (  29.65kB)
    Total ROM Size (Code + RO Data + RW Data)      14608 (  14.27kB)

==============================================================================

